Archive member included to satisfy reference by file (symbol)

.\CortexM3\ARM_GCC_541\Debug\Microcontroller_coolingsystem.a(CyLib.o)
                              .\CortexM3\ARM_GCC_541\Debug\Cm3Start.o (CyHalt)
.\CortexM3\ARM_GCC_541\Debug\Microcontroller_coolingsystem.a(cyPm.o)
                              .\CortexM3\ARM_GCC_541\Debug\Microcontroller_coolingsystem.a(CyLib.o) (CyPmReadStatus)
.\CortexM3\ARM_GCC_541\Debug\Microcontroller_coolingsystem.a(SPIM_1.o)
                              .\CortexM3\ARM_GCC_541\Debug\Amplifier.o (SPIM_1_Stop)
.\CortexM3\ARM_GCC_541\Debug\Microcontroller_coolingsystem.a(SPIM_1_IntClock.o)
                              .\CortexM3\ARM_GCC_541\Debug\Microcontroller_coolingsystem.a(SPIM_1.o) (SPIM_1_IntClock_Start)
.\CortexM3\ARM_GCC_541\Debug\Microcontroller_coolingsystem.a(UART_1.o)
                              .\CortexM3\ARM_GCC_541\Debug\SystemController.o (UART_1_Start)
.\CortexM3\ARM_GCC_541\Debug\Microcontroller_coolingsystem.a(isr_uart_rx.o)
                              .\CortexM3\ARM_GCC_541\Debug\VDAC_test.o (isr_uart_rx_StartEx)
.\CortexM3\ARM_GCC_541\Debug\Microcontroller_coolingsystem.a(UART_1_IntClock.o)
                              .\CortexM3\ARM_GCC_541\Debug\Microcontroller_coolingsystem.a(UART_1.o) (UART_1_IntClock_Start)
.\CortexM3\ARM_GCC_541\Debug\Microcontroller_coolingsystem.a(SS.o)
                              .\CortexM3\ARM_GCC_541\Debug\Amplifier.o (SS_Write)
.\CortexM3\ARM_GCC_541\Debug\Microcontroller_coolingsystem.a(LED_pin.o)
                              .\CortexM3\ARM_GCC_541\Debug\LED.o (LED_pin_Write)
.\CortexM3\ARM_GCC_541\Debug\Microcontroller_coolingsystem.a(RTD_1.o)
                              .\CortexM3\ARM_GCC_541\Debug\Temperature.o (RTD_1_GetTemperature)
.\CortexM3\ARM_GCC_541\Debug\Microcontroller_coolingsystem.a(isr_clock.o)
                              .\CortexM3\ARM_GCC_541\Debug\SystemController.o (isr_clock_Disable)
.\CortexM3\ARM_GCC_541\Debug\Microcontroller_coolingsystem.a(Temp_sample_counter.o)
                              .\CortexM3\ARM_GCC_541\Debug\SystemController.o (Temp_sample_counter_Stop)
.\CortexM3\ARM_GCC_541\Debug\Microcontroller_coolingsystem.a(Switch_output.o)
                              .\CortexM3\ARM_GCC_541\Debug\switch.o (Switch_output_Write)
.\CortexM3\ARM_GCC_541\Debug\Microcontroller_coolingsystem.a(Switch_input.o)
                              .\CortexM3\ARM_GCC_541\Debug\switch.o (Switch_input_Read)
.\CortexM3\ARM_GCC_541\Debug\Microcontroller_coolingsystem.a(switch_input_interrupt.o)
                              .\CortexM3\ARM_GCC_541\Debug\switch.o (switch_input_interrupt_StartEx)
.\CortexM3\ARM_GCC_541\Debug\Microcontroller_coolingsystem.a(PGA_SpeedControl.o)
                              .\CortexM3\ARM_GCC_541\Debug\PumpCtrl.o (PGA_SpeedControl_Stop)
.\CortexM3\ARM_GCC_541\Debug\Microcontroller_coolingsystem.a(VDAC8_SpeedControl.o)
                              .\CortexM3\ARM_GCC_541\Debug\PumpCtrl.o (VDAC8_SpeedControl_Stop)
.\CortexM3\ARM_GCC_541\Debug\Microcontroller_coolingsystem.a(VDAC8_Enabling.o)
                              .\CortexM3\ARM_GCC_541\Debug\PumpCtrl.o (VDAC8_Enabling_SetValue)
.\CortexM3\ARM_GCC_541\Debug\Microcontroller_coolingsystem.a(Clock_TempSampling.o)
                              .\CortexM3\ARM_GCC_541\Debug\SystemController.o (Clock_TempSampling_Start)
.\CortexM3\ARM_GCC_541\Debug\Microcontroller_coolingsystem.a(VDAC8_Direction.o)
                              .\CortexM3\ARM_GCC_541\Debug\PumpCtrl.o (VDAC8_Direction_SetValue)
.\CortexM3\ARM_GCC_541\Debug\Microcontroller_coolingsystem.a(CyBootAsmGnu.o)
                              .\CortexM3\ARM_GCC_541\Debug\cyfitter_cfg.o (CyDelayCycles)
.\CortexM3\ARM_GCC_541\Debug\Microcontroller_coolingsystem.a(CyFlash.o)
                              .\CortexM3\ARM_GCC_541\Debug\Microcontroller_coolingsystem.a(cyPm.o) (CyFlash_SetWaitCycles)
.\CortexM3\ARM_GCC_541\Debug\Microcontroller_coolingsystem.a(CySpc.o)
                              .\CortexM3\ARM_GCC_541\Debug\Microcontroller_coolingsystem.a(CyFlash.o) (CySpcStart)
c:/program files (x86)/cypress/psoc creator/4.4/psoc creator/import/gnu/arm/5.4.1/bin/../lib/gcc/arm-none-eabi/5.4.1/armv7-m\libgcc.a(_arm_addsubdf3.o)
                              .\CortexM3\ARM_GCC_541\Debug\Temperature.o (__aeabi_i2d)
c:/program files (x86)/cypress/psoc creator/4.4/psoc creator/import/gnu/arm/5.4.1/bin/../lib/gcc/arm-none-eabi/5.4.1/armv7-m\libgcc.a(_arm_muldivdf3.o)
                              .\CortexM3\ARM_GCC_541\Debug\Temperature.o (__aeabi_dmul)
c:/program files (x86)/cypress/psoc creator/4.4/psoc creator/import/gnu/arm/5.4.1/bin/../lib/gcc/arm-none-eabi/5.4.1/armv7-m\libgcc.a(_arm_truncdfsf2.o)
                              .\CortexM3\ARM_GCC_541\Debug\Temperature.o (__aeabi_d2f)
c:/program files (x86)/cypress/psoc creator/4.4/psoc creator/import/gnu/arm/5.4.1/bin/../lib/gcc/arm-none-eabi/5.4.1/armv7-m\libgcc.a(_arm_addsubsf3.o)
[...]
Memory Configuration

Name             Origin             Length             Attributes
rom              0x00000000         0x00040000         xr
ram              0x1fff8000         0x00010000         xrw
*default*        0x00000000         0xffffffff

Linker script and memory map

LOAD c:/program files (x86)/cypress/psoc creator/4.4/psoc creator/import/gnu/arm/5.4.1/bin/../lib/gcc/arm-none-eabi/5.4.1/armv7-m/crti.o
LOAD c:/program files (x86)/cypress/psoc creator/4.4/psoc creator/import/gnu/arm/5.4.1/bin/../lib/gcc/arm-none-eabi/5.4.1/armv7-m/crtbegin.o
LOAD c:/program files (x86)/cypress/psoc creator/4.4/psoc creator/import/gnu/arm/5.4.1/bin/../lib/gcc/arm-none-eabi/5.4.1/../../../../arm-none-eabi/lib/armv7-m/crt0.o
START GROUP
LOAD .\CortexM3\ARM_GCC_541\Debug\SystemController.o
LOAD .\CortexM3\ARM_GCC_541\Debug\Amplifier.o
LOAD .\CortexM3\ARM_GCC_541\Debug\PumpCtrl.o
LOAD .\CortexM3\ARM_GCC_541\Debug\Temperature.o
LOAD .\CortexM3\ARM_GCC_541\Debug\switch.o
LOAD .\CortexM3\ARM_GCC_541\Debug\LED.o
LOAD .\CortexM3\ARM_GCC_541\Debug\Regulation.o
LOAD .\CortexM3\ARM_GCC_541\Debug\ClockCounter_test.o
LOAD .\CortexM3\ARM_GCC_541\Debug\SPI_test.o
LOAD .\CortexM3\ARM_GCC_541\Debug\Switch_test.o
LOAD .\CortexM3\ARM_GCC_541\Debug\TempSensor_test.o
LOAD .\CortexM3\ARM_GCC_541\Debug\VDAC_test.o
LOAD .\CortexM3\ARM_GCC_541\Debug\PumpCtrlUnitTest.o
LOAD .\CortexM3\ARM_GCC_541\Debug\SwitchUnitTest.o
LOAD .\CortexM3\ARM_GCC_541\Debug\TemperatureUnitTest.o
LOAD .\CortexM3\ARM_GCC_541\Debug\cyfitter_cfg.o
LOAD .\CortexM3\ARM_GCC_541\Debug\cymetadata.o
LOAD .\CortexM3\ARM_GCC_541\Debug\Cm3Start.o
LOAD .\CortexM3\ARM_GCC_541\Debug\Microcontroller_coolingsystem.a
LOAD C:\Program Files (x86)\Cypress\PSoC Creator\4.4\PSoC Creator\psoc\content\cycomponentlibrary\CyComponentLibrary.cylib\CortexM3\ARM_GCC_541\Debug\CyComponentLibrary.a
END GROUP
START GROUP
LOAD c:/program files (x86)/cypress/psoc creator/4.4/psoc creator/import/gnu/arm/5.4.1/bin/../lib/gcc/arm-none-eabi/5.4.1/armv7-m\libgcc.a
LOAD c:/program files (x86)/cypress/psoc creator/4.4/psoc creator/import/gnu/arm/5.4.1/bin/../lib/gcc/arm-none-eabi/5.4.1/../../../../arm-none-eabi/lib/armv7-m\libg_nano.a
LOAD c:/program files (x86)/cypress/psoc creator/4.4/psoc creator/import/gnu/arm/5.4.1/bin/../lib/gcc/arm-none-eabi/5.4.1/../../../../arm-none-eabi/lib/armv7-m\libc_nano.a
END GROUP
START GROUP
LOAD c:/program files (x86)/cypress/psoc creator/4.4/psoc creator/import/gnu/arm/5.4.1/bin/../lib/gcc/arm-none-eabi/5.4.1/armv7-m\libgcc.a
LOAD c:/program files (x86)/cypress/psoc creator/4.4/psoc creator/import/gnu/arm/5.4.1/bin/../lib/gcc/arm-none-eabi/5.4.1/../../../../arm-none-eabi/lib/armv7-m\libc_nano.a
END GROUP
LOAD c:/program files (x86)/cypress/psoc creator/4.4/psoc creator/import/gnu/arm/5.4.1/bin/../lib/gcc/arm-none-eabi/5.4.1/armv7-m/crtend.o
LOAD c:/program files (x86)/cypress/psoc creator/4.4/psoc creator/import/gnu/arm/5.4.1/bin/../lib/gcc/arm-none-eabi/5.4.1/armv7-m/crtn.o
START GROUP
LOAD c:/program files (x86)/cypress/psoc creator/4.4/psoc creator/import/gnu/arm/5.4.1/bin/../lib/gcc/arm-none-eabi/5.4.1/armv7-m\libgcc.a
LOAD c:/program files (x86)/cypress/psoc creator/4.4/psoc creator/import/gnu/arm/5.4.1/bin/../lib/gcc/arm-none-eabi/5.4.1/../../../../arm-none-eabi/lib/armv7-m\libc.a
LOAD c:/program files (x86)/cypress/psoc creator/4.4/psoc creator/import/gnu/arm/5.4.1/bin/../lib/gcc/arm-none-eabi/5.4.1/../../../../arm-none-eabi/lib/armv7-m\libnosys.a
END GROUP
                0x00000000                CY_APPL_ORIGIN = 0x0
                0x00000100                CY_FLASH_ROW_SIZE = 0x100
                0x00000020                CY_ECC_ROW_SIZE = 0x20
                0x00000000                CY_EE_IN_BTLDR = 0x0
                0x00000000                CY_APPL_LOADABLE = 0x0
                0x00000800                CY_EE_SIZE = 0x800
                0x00000001                CY_APPL_NUM = 0x1
                0x00000001                CY_APPL_MAX = 0x1
                0x00000040                CY_METADATA_SIZE = 0x40
                0x00000000                CY_APPL_LOADABLE = 0x0
                0x00000000                CY_CHECKSUM_EXCLUDE_SIZE = ALIGN (0x0, CY_FLASH_ROW_SIZE)
                [!provide]                PROVIDE (__cy_heap_start, _end)
                0x00000001                PROVIDE (__cy_region_num, ((__cy_regions_end - __cy_regions) / 0x10))
                0x20008000                PROVIDE (__cy_stack, (ORIGIN (ram) + LENGTH (ram)))
                [!provide]                PROVIDE (__cy_heap_end, (__cy_stack - 0x800))

.cybootloader   0x00000000        0x0
 *(.cybootloader)
                0x00000000                appl1_start = CY_APPL_ORIGIN?CY_APPL_ORIGIN:ALIGN (CY_FLASH_ROW_SIZE)
                0x0001ff00                appl2_start = (appl1_start + ALIGN ((((LENGTH (rom) - appl1_start) - (0x2 * CY_FLASH_ROW_SIZE)) / 0x2), CY_FLASH_ROW_SIZE))
                0x00000000                appl_start = (CY_APPL_NUM == 0x1)?appl1_start:appl2_start
                0x00000000                ecc_offset = ((appl_start / CY_FLASH_ROW_SIZE) * CY_ECC_ROW_SIZE)
                0x00000000                ee_offset = (CY_APPL_LOADABLE && ! (CY_EE_IN_BTLDR))?((CY_EE_SIZE / CY_APPL_MAX) * (CY_APPL_NUM - 0x1)):0x0
                0x00000800                ee_size = (CY_APPL_LOADABLE && ! (CY_EE_IN_BTLDR))?(CY_EE_SIZE / CY_APPL_MAX):CY_EE_SIZE
                [!provide]                PROVIDE (CY_ECC_OFFSET, ecc_offset)

.text           0x00000000     0x430c
 CREATE_OBJECT_SYMBOLS
                0x00000000                PROVIDE (__cy_interrupt_vector, RomVectors)
 *(.romvectors)
 .romvectors    0x00000000       0x10 .\CortexM3\ARM_GCC_541\Debug\Cm3Start.o
                0x00000000                RomVectors
                0x00000001                ASSERT ((. != __cy_interrupt_vector), No interrupt vector)
                0x00000001                ASSERT (CY_APPL_ORIGIN?(SIZEOF (.cybootloader) <= CY_APPL_ORIGIN):0x1, Wrong image location)
                0x00000010                PROVIDE (__cy_reset, Reset)
 *(.text.Reset)
 .text.Reset    0x00000010       0x18 .\CortexM3\ARM_GCC_541\Debug\Cm3Start.o
                0x00000010                Reset
                0x00000001                ASSERT ((. != __cy_reset), No reset code)
 *(.dma_init)
                0x00000001                ASSERT ((((appl_start + .) <= 0x10000) || 0x1), DMA Init must be within the first 64k of flash)
 *(.text .text.* .gnu.linkonce.t.*)
 .text          0x00000028       0x5c c:/program files (x86)/cypress/psoc creator/4.4/psoc creator/import/gnu/arm/5.4.1/bin/../lib/gcc/arm-none-eabi/5.4.1/armv7-m/crtbegin.o
 .text.ISR_CLOCK_handler
                0x00000084       0x6c .\CortexM3\ARM_GCC_541\Debug\SystemController.o
                0x00000084                ISR_CLOCK_handler
 .text.System_Setup
                0x000000f0       0x38 .\CortexM3\ARM_GCC_541\Debug\SystemController.o
                0x000000f0                System_Setup
 .text.main     0x00000128        0x8 .\CortexM3\ARM_GCC_541\Debug\SystemController.o
                0x00000128                main
 .text.System_On
                0x00000130       0x28 .\CortexM3\ARM_GCC_541\Debug\SystemController.o
                0x00000130                System_On
 .text.System_Off
                0x00000158       0x1c .\CortexM3\ARM_GCC_541\Debug\SystemController.o
                0x00000158                System_Off
 .text.System_newState
                0x00000174       0x18 .\CortexM3\ARM_GCC_541\Debug\SystemController.o
                0x00000174                System_newState
 .text.Conc_RTDdata
                0x0000018c       0x10 .\CortexM3\ARM_GCC_541\Debug\Amplifier.o
                0x0000018c                Conc_RTDdata
 .text.SPI_Setup
                0x0000019c        0x8 .\CortexM3\ARM_GCC_541\Debug\Amplifier.o
                0x0000019c                SPI_Setup
 .text.ReadByteFromAdress
                0x000001a4       0x3c .\CortexM3\ARM_GCC_541\Debug\Amplifier.o
                0x000001a4                ReadByteFromAdress
 .text.GetRtdRatio
                0x000001e0       0x1c .\CortexM3\ARM_GCC_541\Debug\Amplifier.o
                0x000001e0                GetRtdRatio
 .text.WriteByteToAdress
                0x000001fc       0x38 .\CortexM3\ARM_GCC_541\Debug\Amplifier.o
                0x000001fc                WriteByteToAdress
 .text.Set_WireSetup
                0x00000234       0x38 .\CortexM3\ARM_GCC_541\Debug\Amplifier.o
                0x00000234                Set_WireSetup
 .text.Set_FilterSetup
                0x0000026c       0x38 .\CortexM3\ARM_GCC_541\Debug\Amplifier.o
                0x0000026c                Set_FilterSetup
 .text.Set_ConverionMode
                0x000002a4       0x38 .\CortexM3\ARM_GCC_541\Debug\Amplifier.o
                0x000002a4                Set_ConverionMode
 .text.Set_VBIAS
                0x000002dc       0x38 .\CortexM3\ARM_GCC_541\Debug\Amplifier.o
                0x000002dc                Set_VBIAS
 .text.Amplifier_Shutdown
                0x00000314       0x14 .\CortexM3\ARM_GCC_541\Debug\Amplifier.o
                0x00000314                Amplifier_Shutdown
 .text.Clear_Fault
                0x00000328       0x20 .\CortexM3\ARM_GCC_541\Debug\Amplifier.o
                0x00000328                Clear_Fault
 .text.Amplifier_Startup
                0x00000348       0x18 .\CortexM3\ARM_GCC_541\Debug\Amplifier.o
                0x00000348                Amplifier_Startup
 .text.Reset_amplifier_ref
                0x00000360        0xc .\CortexM3\ARM_GCC_541\Debug\Amplifier.o
                0x00000360                Reset_amplifier_ref
 .text.MAX31865_Setup
                0x0000036c       0x20 .\CortexM3\ARM_GCC_541\Debug\Amplifier.o
                0x0000036c                MAX31865_Setup
 .text.Amplifier_Setup
                0x0000038c        0xc .\CortexM3\ARM_GCC_541\Debug\Amplifier.o
                0x0000038c                Amplifier_Setup
 .text.Pump_Start
                0x00000398        0xc .\CortexM3\ARM_GCC_541\Debug\PumpCtrl.o
                0x00000398                Pump_Start
 .text.Pump_Stop
                0x000003a4       0x14 .\CortexM3\ARM_GCC_541\Debug\PumpCtrl.o
                0x000003a4                Pump_Stop
 .text.Pump_Setup
                0x000003b8       0x28 .\CortexM3\ARM_GCC_541\Debug\PumpCtrl.o
                0x000003b8                Pump_Setup
 .text.Pump_Shutdown
                0x000003e0       0x18 .\CortexM3\ARM_GCC_541\Debug\PumpCtrl.o
                0x000003e0                Pump_Shutdown
 .text.SetConstSpeed
                0x000003f8       0x1c .\CortexM3\ARM_GCC_541\Debug\PumpCtrl.o
                0x000003f8                SetConstSpeed
 .text.Pump_Startup
                0x00000414       0x24 .\CortexM3\ARM_GCC_541\Debug\PumpCtrl.o
                0x00000414                Pump_Startup
 .text.FlowDirection
                0x00000438       0x30 .\CortexM3\ARM_GCC_541\Debug\PumpCtrl.o
                0x00000438                FlowDirection
 .text.Temperature_Setup
                0x00000468       0x14 .\CortexM3\ARM_GCC_541\Debug\Temperature.o
                0x00000468                Temperature_Setup
 .text.GetTemperature
                0x0000047c        0xc .\CortexM3\ARM_GCC_541\Debug\Temperature.o
                0x0000047c                GetTemperature
 .text.calc_RTD_value
                0x00000488       0x30 .\CortexM3\ARM_GCC_541\Debug\Temperature.o
                0x00000488                calc_RTD_value
 .text.calc_temp
                0x000004b8       0x2c .\CortexM3\ARM_GCC_541\Debug\Temperature.o
                0x000004b8                calc_temp
 .text.SetTemperature
                0x000004e4        0x8 .\CortexM3\ARM_GCC_541\Debug\Temperature.o
                0x000004e4                SetTemperature
 .text.switch_newState
                0x000004ec       0x4c .\CortexM3\ARM_GCC_541\Debug\switch.o
                0x000004ec                switch_newState
 .text.Switch_Startup
                0x00000538       0x14 .\CortexM3\ARM_GCC_541\Debug\switch.o
                0x00000538                Switch_Startup
 .text.Switch_Setup
                0x0000054c       0x1c .\CortexM3\ARM_GCC_541\Debug\switch.o
                0x0000054c                Switch_Setup
 .text.Turn_ON  0x00000568        0xc .\CortexM3\ARM_GCC_541\Debug\LED.o
                0x00000568                Turn_ON
 .text.Turn_OFF
                0x00000574        0xc .\CortexM3\ARM_GCC_541\Debug\LED.o
                0x00000574                Turn_OFF
 .text.Regulation
                0x00000580       0x38 .\CortexM3\ARM_GCC_541\Debug\Regulation.o
                0x00000580                Regulation
 .text.CyClockStartupError
                0x000005b8        0x4 .\CortexM3\ARM_GCC_541\Debug\cyfitter_cfg.o
 .text.cfg_write_bytes32
                0x000005bc       0x34 .\CortexM3\ARM_GCC_541\Debug\cyfitter_cfg.o
 .text.AnalogSetDefault
                0x000005f0       0x60 .\CortexM3\ARM_GCC_541\Debug\cyfitter_cfg.o
 .text.CYMEMZERO
                0x00000650        0xc .\CortexM3\ARM_GCC_541\Debug\cyfitter_cfg.o
 .text.ClockSetup
                0x0000065c       0xd4 .\CortexM3\ARM_GCC_541\Debug\cyfitter_cfg.o
 .text.CYCONFIGCPY
                0x00000730        0x8 .\CortexM3\ARM_GCC_541\Debug\cyfitter_cfg.o
 .text.cyfitter_cfg
                0x00000738      0x134 .\CortexM3\ARM_GCC_541\Debug\cyfitter_cfg.o
                0x00000738                cyfitter_cfg
 .text.IntDefaultHandler
                0x0000086c       0x10 .\CortexM3\ARM_GCC_541\Debug\Cm3Start.o
                0x0000086c                IntDefaultHandler
 .text._sbrk    0x0000087c       0x30 .\CortexM3\ARM_GCC_541\Debug\Cm3Start.o
                0x0000087c                _sbrk
 .text.Start_c  0x000008ac       0x4c .\CortexM3\ARM_GCC_541\Debug\Cm3Start.o
                0x000008ac                Start_c
 .text.initialize_psoc
                0x000008f8       0x68 .\CortexM3\ARM_GCC_541\Debug\Cm3Start.o
                0x000008f8                initialize_psoc
 .text.CyHalt   0x00000960        0x4 .\CortexM3\ARM_GCC_541\Debug\Microcontroller_coolingsystem.a(CyLib.o)
                0x00000960                CyHalt
 .text.CyDelay  0x00000964       0x2c .\CortexM3\ARM_GCC_541\Debug\Microcontroller_coolingsystem.a(CyLib.o)
                0x00000964                CyDelay
 .text.SPIM_1_Enable
                0x00000990       0x34 .\CortexM3\ARM_GCC_541\Debug\Microcontroller_coolingsystem.a(SPIM_1.o)
                0x00000990                SPIM_1_Enable
 .text.SPIM_1_Stop
                0x000009c4       0x28 .\CortexM3\ARM_GCC_541\Debug\Microcontroller_coolingsystem.a(SPIM_1.o)
                0x000009c4                SPIM_1_Stop
 .text.SPIM_1_ReadTxStatus
                0x000009ec        0xc .\CortexM3\ARM_GCC_541\Debug\Microcontroller_coolingsystem.a(SPIM_1.o)
                0x000009ec                SPIM_1_ReadTxStatus
 .text.SPIM_1_ReadRxStatus
                0x000009f8        0xc .\CortexM3\ARM_GCC_541\Debug\Microcontroller_coolingsystem.a(SPIM_1.o)
                0x000009f8                SPIM_1_ReadRxStatus
 .text.SPIM_1_WriteTxData
                0x00000a04       0x18 .\CortexM3\ARM_GCC_541\Debug\Microcontroller_coolingsystem.a(SPIM_1.o)
                0x00000a04                SPIM_1_WriteTxData
 .text.SPIM_1_ReadRxData
                0x00000a1c        0xc .\CortexM3\ARM_GCC_541\Debug\Microcontroller_coolingsystem.a(SPIM_1.o)
                0x00000a1c                SPIM_1_ReadRxData
 .text.SPIM_1_ClearFIFO
                0x00000a28       0x3c .\CortexM3\ARM_GCC_541\Debug\Microcontroller_coolingsystem.a(SPIM_1.o)
                0x00000a28                SPIM_1_ClearFIFO
 .text.SPIM_1_Init
                0x00000a64       0x28 .\CortexM3\ARM_GCC_541\Debug\Microcontroller_coolingsystem.a(SPIM_1.o)
                0x00000a64                SPIM_1_Init
 .text.SPIM_1_Start
                0x00000a8c       0x1c .\CortexM3\ARM_GCC_541\Debug\Microcontroller_coolingsystem.a(SPIM_1.o)
                0x00000a8c                SPIM_1_Start
 .text.SPIM_1_IntClock_Start
                0x00000aa8       0x1c .\CortexM3\ARM_GCC_541\Debug\Microcontroller_coolingsystem.a(SPIM_1_IntClock.o)
                0x00000aa8                SPIM_1_IntClock_Start
 .text.SPIM_1_IntClock_Stop
                0x00000ac4       0x1c .\CortexM3\ARM_GCC_541\Debug\Microcontroller_coolingsystem.a(SPIM_1_IntClock.o)
                0x00000ac4                SPIM_1_IntClock_Stop
 .text.UART_1_Init
                0x00000ae0       0x24 .\CortexM3\ARM_GCC_541\Debug\Microcontroller_coolingsystem.a(UART_1.o)
                0x00000ae0                UART_1_Init
 .text.UART_1_Enable
                0x00000b04       0x38 .\CortexM3\ARM_GCC_541\Debug\Microcontroller_coolingsystem.a(UART_1.o)
                0x00000b04                UART_1_Enable
 .text.UART_1_Start
                0x00000b3c       0x1c .\CortexM3\ARM_GCC_541\Debug\Microcontroller_coolingsystem.a(UART_1.o)
                0x00000b3c                UART_1_Start
 .text.UART_1_PutChar
                0x00000b58       0x18 .\CortexM3\ARM_GCC_541\Debug\Microcontroller_coolingsystem.a(UART_1.o)
                0x00000b58                UART_1_PutChar
 .text.UART_1_PutString
                0x00000b70       0x24 .\CortexM3\ARM_GCC_541\Debug\Microcontroller_coolingsystem.a(UART_1.o)
                0x00000b70                UART_1_PutString
 .text.UART_1_IntClock_Start
                0x00000b94       0x1c .\CortexM3\ARM_GCC_541\Debug\Microcontroller_coolingsystem.a(UART_1_IntClock.o)
                0x00000b94                UART_1_IntClock_Start
 .text.SS_Write
                0x00000bb0       0x18 .\CortexM3\ARM_GCC_541\Debug\Microcontroller_coolingsystem.a(SS.o)
                0x00000bb0                SS_Write
 .text.LED_pin_Write
                0x00000bc8       0x18 .\CortexM3\ARM_GCC_541\Debug\Microcontroller_coolingsystem.a(LED_pin.o)
                0x00000bc8                LED_pin_Write
 .text.RTD_1_MultShift24
                0x00000be0       0x30 .\CortexM3\ARM_GCC_541\Debug\Microcontroller_coolingsystem.a(RTD_1.o)
                0x00000be0                RTD_1_MultShift24
 .text.RTD_1_GetTemperature
                0x00000c10       0xa0 .\CortexM3\ARM_GCC_541\Debug\Microcontroller_coolingsystem.a(RTD_1.o)
                0x00000c10                RTD_1_GetTemperature
 .text.isr_clock_SetVector
                0x00000cb0       0x10 .\CortexM3\ARM_GCC_541\Debug\Microcontroller_coolingsystem.a(isr_clock.o)
                0x00000cb0                isr_clock_SetVector
 .text.isr_clock_SetPriority
                0x00000cc0       0x10 .\CortexM3\ARM_GCC_541\Debug\Microcontroller_coolingsystem.a(isr_clock.o)
                0x00000cc0                isr_clock_SetPriority
 .text.isr_clock_Enable
                0x00000cd0       0x10 .\CortexM3\ARM_GCC_541\Debug\Microcontroller_coolingsystem.a(isr_clock.o)
                0x00000cd0                isr_clock_Enable
 .text.isr_clock_Disable
                0x00000ce0       0x10 .\CortexM3\ARM_GCC_541\Debug\Microcontroller_coolingsystem.a(isr_clock.o)
                0x00000ce0                isr_clock_Disable
 .text.isr_clock_StartEx
                0x00000cf0       0x1c .\CortexM3\ARM_GCC_541\Debug\Microcontroller_coolingsystem.a(isr_clock.o)
                0x00000cf0                isr_clock_StartEx
 .text.Temp_sample_counter_Enable
                0x00000d0c       0x28 .\CortexM3\ARM_GCC_541\Debug\Microcontroller_coolingsystem.a(Temp_sample_counter.o)
                0x00000d0c                Temp_sample_counter_Enable
 .text.Temp_sample_counter_Stop
                0x00000d34       0x28 .\CortexM3\ARM_GCC_541\Debug\Microcontroller_coolingsystem.a(Temp_sample_counter.o)
                0x00000d34                Temp_sample_counter_Stop
 .text.Temp_sample_counter_SetInterruptMode
                0x00000d5c        0xc .\CortexM3\ARM_GCC_541\Debug\Microcontroller_coolingsystem.a(Temp_sample_counter.o)
                0x00000d5c                Temp_sample_counter_SetInterruptMode
 .text.Temp_sample_counter_ReadStatusRegister
                0x00000d68        0xc .\CortexM3\ARM_GCC_541\Debug\Microcontroller_coolingsystem.a(Temp_sample_counter.o)
                0x00000d68                Temp_sample_counter_ReadStatusRegister
 .text.Temp_sample_counter_WriteCounter
                0x00000d74       0x34 .\CortexM3\ARM_GCC_541\Debug\Microcontroller_coolingsystem.a(Temp_sample_counter.o)
                0x00000d74                Temp_sample_counter_WriteCounter
 .text.Temp_sample_counter_WritePeriod
                0x00000da8        0xc .\CortexM3\ARM_GCC_541\Debug\Microcontroller_coolingsystem.a(Temp_sample_counter.o)
                0x00000da8                Temp_sample_counter_WritePeriod
 .text.Temp_sample_counter_Init
                0x00000db4       0x60 .\CortexM3\ARM_GCC_541\Debug\Microcontroller_coolingsystem.a(Temp_sample_counter.o)
                0x00000db4                Temp_sample_counter_Init
 .text.Temp_sample_counter_Start
                0x00000e14       0x1c .\CortexM3\ARM_GCC_541\Debug\Microcontroller_coolingsystem.a(Temp_sample_counter.o)
                0x00000e14                Temp_sample_counter_Start
 .text.Switch_output_Write
                0x00000e30       0x18 .\CortexM3\ARM_GCC_541\Debug\Microcontroller_coolingsystem.a(Switch_output.o)
                0x00000e30                Switch_output_Write
 .text.Switch_input_Read
                0x00000e48       0x10 .\CortexM3\ARM_GCC_541\Debug\Microcontroller_coolingsystem.a(Switch_input.o)
                0x00000e48                Switch_input_Read
 .text.Switch_input_ClearInterrupt
                0x00000e58       0x10 .\CortexM3\ARM_GCC_541\Debug\Microcontroller_coolingsystem.a(Switch_input.o)
                0x00000e58                Switch_input_ClearInterrupt
 .text.switch_input_interrupt_SetVector
                0x00000e68        0xc .\CortexM3\ARM_GCC_541\Debug\Microcontroller_coolingsystem.a(switch_input_interrupt.o)
                0x00000e68                switch_input_interrupt_SetVector
 .text.switch_input_interrupt_SetPriority
                0x00000e74       0x10 .\CortexM3\ARM_GCC_541\Debug\Microcontroller_coolingsystem.a(switch_input_interrupt.o)
                0x00000e74                switch_input_interrupt_SetPriority
 .text.switch_input_interrupt_Enable
                0x00000e84        0xc .\CortexM3\ARM_GCC_541\Debug\Microcontroller_coolingsystem.a(switch_input_interrupt.o)
                0x00000e84                switch_input_interrupt_Enable
 .text.switch_input_interrupt_Disable
                0x00000e90        0xc .\CortexM3\ARM_GCC_541\Debug\Microcontroller_coolingsystem.a(switch_input_interrupt.o)
                0x00000e90                switch_input_interrupt_Disable
 .text.switch_input_interrupt_StartEx
                0x00000e9c       0x1c .\CortexM3\ARM_GCC_541\Debug\Microcontroller_coolingsystem.a(switch_input_interrupt.o)
                0x00000e9c                switch_input_interrupt_StartEx
 .text.PGA_SpeedControl_Enable
                0x00000eb8       0x28 .\CortexM3\ARM_GCC_541\Debug\Microcontroller_coolingsystem.a(PGA_SpeedControl.o)
                0x00000eb8                PGA_SpeedControl_Enable
 .text.PGA_SpeedControl_Stop
                0x00000ee0       0x1c .\CortexM3\ARM_GCC_541\Debug\Microcontroller_coolingsystem.a(PGA_SpeedControl.o)
                0x00000ee0                PGA_SpeedControl_Stop
 .text.PGA_SpeedControl_SetPower
                0x00000efc       0x18 .\CortexM3\ARM_GCC_541\Debug\Microcontroller_coolingsystem.a(PGA_SpeedControl.o)
                0x00000efc                PGA_SpeedControl_SetPower
 .text.PGA_SpeedControl_SetGain
                0x00000f14       0x78 .\CortexM3\ARM_GCC_541\Debug\Microcontroller_coolingsystem.a(PGA_SpeedControl.o)
                0x00000f14                PGA_SpeedControl_SetGain
 .text.PGA_SpeedControl_Init
                0x00000f8c       0x34 .\CortexM3\ARM_GCC_541\Debug\Microcontroller_coolingsystem.a(PGA_SpeedControl.o)
                0x00000f8c                PGA_SpeedControl_Init
 .text.PGA_SpeedControl_Start
                0x00000fc0       0x1c .\CortexM3\ARM_GCC_541\Debug\Microcontroller_coolingsystem.a(PGA_SpeedControl.o)
                0x00000fc0                PGA_SpeedControl_Start
 .text.VDAC8_SpeedControl_Enable
                0x00000fdc       0x1c .\CortexM3\ARM_GCC_541\Debug\Microcontroller_coolingsystem.a(VDAC8_SpeedControl.o)
                0x00000fdc                VDAC8_SpeedControl_Enable
 .text.VDAC8_SpeedControl_Stop
                0x00000ff8       0x1c .\CortexM3\ARM_GCC_541\Debug\Microcontroller_coolingsystem.a(VDAC8_SpeedControl.o)
                0x00000ff8                VDAC8_SpeedControl_Stop
 .text.VDAC8_SpeedControl_SetSpeed
                0x00001014       0x1c .\CortexM3\ARM_GCC_541\Debug\Microcontroller_coolingsystem.a(VDAC8_SpeedControl.o)
                0x00001014                VDAC8_SpeedControl_SetSpeed
 .text.VDAC8_SpeedControl_SetValue
                0x00001030        0xc .\CortexM3\ARM_GCC_541\Debug\Microcontroller_coolingsystem.a(VDAC8_SpeedControl.o)
                0x00001030                VDAC8_SpeedControl_SetValue
 .text.VDAC8_SpeedControl_DacTrim
                0x0000103c       0x24 .\CortexM3\ARM_GCC_541\Debug\Microcontroller_coolingsystem.a(VDAC8_SpeedControl.o)
                0x0000103c                VDAC8_SpeedControl_DacTrim
 .text.VDAC8_SpeedControl_SetRange
                0x00001060       0x20 .\CortexM3\ARM_GCC_541\Debug\Microcontroller_coolingsystem.a(VDAC8_SpeedControl.o)
                0x00001060                VDAC8_SpeedControl_SetRange
 .text.VDAC8_SpeedControl_Init
                0x00001080       0x20 .\CortexM3\ARM_GCC_541\Debug\Microcontroller_coolingsystem.a(VDAC8_SpeedControl.o)
                0x00001080                VDAC8_SpeedControl_Init
 .text.VDAC8_SpeedControl_Start
                0x000010a0       0x24 .\CortexM3\ARM_GCC_541\Debug\Microcontroller_coolingsystem.a(VDAC8_SpeedControl.o)
                0x000010a0                VDAC8_SpeedControl_Start
 .text.VDAC8_Enabling_Enable
                0x000010c4       0x1c .\CortexM3\ARM_GCC_541\Debug\Microcontroller_coolingsystem.a(VDAC8_Enabling.o)
                0x000010c4                VDAC8_Enabling_Enable
 .text.VDAC8_Enabling_SetSpeed
                0x000010e0       0x1c .\CortexM3\ARM_GCC_541\Debug\Microcontroller_coolingsystem.a(VDAC8_Enabling.o)
                0x000010e0                VDAC8_Enabling_SetSpeed
 .text.VDAC8_Enabling_SetValue
                0x000010fc        0xc .\CortexM3\ARM_GCC_541\Debug\Microcontroller_coolingsystem.a(VDAC8_Enabling.o)
                0x000010fc                VDAC8_Enabling_SetValue
 .text.VDAC8_Enabling_DacTrim
                0x00001108       0x24 .\CortexM3\ARM_GCC_541\Debug\Microcontroller_coolingsystem.a(VDAC8_Enabling.o)
                0x00001108                VDAC8_Enabling_DacTrim
 .text.VDAC8_Enabling_SetRange
                0x0000112c       0x20 .\CortexM3\ARM_GCC_541\Debug\Microcontroller_coolingsystem.a(VDAC8_Enabling.o)
                0x0000112c                VDAC8_Enabling_SetRange
 .text.VDAC8_Enabling_Init
                0x0000114c       0x20 .\CortexM3\ARM_GCC_541\Debug\Microcontroller_coolingsystem.a(VDAC8_Enabling.o)
                0x0000114c                VDAC8_Enabling_Init
 .text.VDAC8_Enabling_Start
                0x0000116c       0x24 .\CortexM3\ARM_GCC_541\Debug\Microcontroller_coolingsystem.a(VDAC8_Enabling.o)
                0x0000116c                VDAC8_Enabling_Start
 .text.Clock_TempSampling_Start
                0x00001190       0x1c .\CortexM3\ARM_GCC_541\Debug\Microcontroller_coolingsystem.a(Clock_TempSampling.o)
                0x00001190                Clock_TempSampling_Start
 .text.Clock_TempSampling_Stop
                0x000011ac       0x1c .\CortexM3\ARM_GCC_541\Debug\Microcontroller_coolingsystem.a(Clock_TempSampling.o)
                0x000011ac                Clock_TempSampling_Stop
 .text.VDAC8_Direction_Enable
                0x000011c8       0x1c .\CortexM3\ARM_GCC_541\Debug\Microcontroller_coolingsystem.a(VDAC8_Direction.o)
                0x000011c8                VDAC8_Direction_Enable
 .text.VDAC8_Direction_SetSpeed
                0x000011e4       0x1c .\CortexM3\ARM_GCC_541\Debug\Microcontroller_coolingsystem.a(VDAC8_Direction.o)
                0x000011e4                VDAC8_Direction_SetSpeed
 .text.VDAC8_Direction_SetValue
                0x00001200        0xc .\CortexM3\ARM_GCC_541\Debug\Microcontroller_coolingsystem.a(VDAC8_Direction.o)
                0x00001200                VDAC8_Direction_SetValue
 .text.VDAC8_Direction_DacTrim
                0x0000120c       0x24 .\CortexM3\ARM_GCC_541\Debug\Microcontroller_coolingsystem.a(VDAC8_Direction.o)
                0x0000120c                VDAC8_Direction_DacTrim
 .text.VDAC8_Direction_SetRange
                0x00001230       0x20 .\CortexM3\ARM_GCC_541\Debug\Microcontroller_coolingsystem.a(VDAC8_Direction.o)
                0x00001230                VDAC8_Direction_SetRange
 .text.VDAC8_Direction_Init
                0x00001250       0x20 .\CortexM3\ARM_GCC_541\Debug\Microcontroller_coolingsystem.a(VDAC8_Direction.o)
                0x00001250                VDAC8_Direction_Init
 .text.VDAC8_Direction_Start
                0x00001270       0x24 .\CortexM3\ARM_GCC_541\Debug\Microcontroller_coolingsystem.a(VDAC8_Direction.o)
                0x00001270                VDAC8_Direction_Start
 *fill*         0x00001294        0x4 
 .text          0x00001298       0x20 .\CortexM3\ARM_GCC_541\Debug\Microcontroller_coolingsystem.a(CyBootAsmGnu.o)
                0x00001298                CyDelayCycles
                0x000012a8                CyEnterCriticalSection
                0x000012b0                CyExitCriticalSection
 .text          0x000012b8      0x370 c:/program files (x86)/cypress/psoc creator/4.4/psoc creator/import/gnu/arm/5.4.1/bin/../lib/gcc/arm-none-eabi/5.4.1/armv7-m\libgcc.a(_arm_addsubdf3.o)
                0x000012b8                __aeabi_drsub
                0x000012c0                __aeabi_dsub
                0x000012c0                __subdf3
                0x000012c4                __aeabi_dadd
                0x000012c4                __adddf3
                0x0000153c                __floatunsidf
                0x0000153c                __aeabi_ui2d
                0x0000155c                __floatsidf
                0x0000155c                __aeabi_i2d
                0x00001580                __aeabi_f2d
                0x00001580                __extendsfdf2
                0x000015bc                __floatundidf
                0x000015bc                __aeabi_ul2d
                0x000015cc                __floatdidf
                0x000015cc                __aeabi_l2d
 .text          0x00001628      0x424 c:/program files (x86)/cypress/psoc creator/4.4/psoc creator/import/gnu/arm/5.4.1/bin/../lib/gcc/arm-none-eabi/5.4.1/armv7-m\libgcc.a(_arm_muldivdf3.o)
                0x00001628                __aeabi_dmul
                0x00001628                __muldf3
                0x0000187c                __divdf3
                0x0000187c                __aeabi_ddiv
 .text          0x00001a4c       0xa0 c:/program files (x86)/cypress/psoc creator/4.4/psoc creator/import/gnu/arm/5.4.1/bin/../lib/gcc/arm-none-eabi/5.4.1/armv7-m\libgcc.a(_arm_truncdfsf2.o)
                0x00001a4c                __truncdfsf2
                0x00001a4c                __aeabi_d2f
 .text          0x00001aec      0x21c c:/program files (x86)/cypress/psoc creator/4.4/psoc creator/import/gnu/arm/5.4.1/bin/../lib/gcc/arm-none-eabi/5.4.1/armv7-m\libgcc.a(_arm_addsubsf3.o)
                0x00001aec                __aeabi_frsub
                0x00001af4                __subsf3
                0x00001af4                __aeabi_fsub
                0x00001af8                __aeabi_fadd
                0x00001af8                __addsf3
                0x00001c58                __aeabi_ui2f
                0x00001c58                __floatunsisf
                0x00001c60                __aeabi_i2f
                0x00001c60                __floatsisf
                0x00001c7c                __aeabi_ul2f
                0x00001c7c                __floatundisf
                0x00001c8c                __aeabi_l2f
                0x00001c8c                __floatdisf
 .text          0x00001d08      0x2a0 c:/program files (x86)/cypress/psoc creator/4.4/psoc creator/import/gnu/arm/5.4.1/bin/../lib/gcc/arm-none-eabi/5.4.1/armv7-m\libgcc.a(_arm_muldivsf3.o)
                0x00001d08                __mulsf3
                0x00001d08                __aeabi_fmul
                0x00001e70                __aeabi_fdiv
                0x00001e70                __divsf3
 .text          0x00001fa8       0xec c:/program files (x86)/cypress/psoc creator/4.4/psoc creator/import/gnu/arm/5.4.1/bin/../lib/gcc/arm-none-eabi/5.4.1/armv7-m\libgcc.a(_arm_cmpsf2.o)
                0x00001fa8                __gesf2
                0x00001fa8                __gtsf2
                0x00001fb0                __lesf2
                0x00001fb0                __ltsf2
                0x00001fb8                __nesf2
                0x00001fb8                __eqsf2
                0x00001fb8                __cmpsf2
                0x00002018                __aeabi_cfrcmple
                0x00002020                __aeabi_cfcmpeq
                0x00002020                __aeabi_cfcmple
                0x00002030                __aeabi_fcmpeq
                0x00002044                __aeabi_fcmplt
                0x00002058                __aeabi_fcmple
                0x0000206c                __aeabi_fcmpge
                0x00002080                __aeabi_fcmpgt
 .text          0x00002094       0x40 c:/program files (x86)/cypress/psoc creator/4.4/psoc creator/import/gnu/arm/5.4.1/bin/../lib/gcc/arm-none-eabi/5.4.1/armv7-m\libgcc.a(_arm_fixunssfsi.o)
                0x00002094                __fixunssfsi
                0x00002094                __aeabi_f2uiz
 .text.__errno  0x000020d4        0xc c:/program files (x86)/cypress/psoc creator/4.4/psoc creator/import/gnu/arm/5.4.1/bin/../lib/gcc/arm-none-eabi/5.4.1/../../../../arm-none-eabi/lib/armv7-m\libg_nano.a(lib_a-errno.o)
                0x000020d4                __errno
 .text.__libc_init_array
                0x000020e0       0x4c c:/program files (x86)/cypress/psoc creator/4.4/psoc creator/import/gnu/arm/5.4.1/bin/../lib/gcc/arm-none-eabi/5.4.1/../../../../arm-none-eabi/lib/armv7-m\libg_nano.a(lib_a-init.o)
                0x000020e0                __libc_init_array
 .text.memcpy   0x0000212c       0x16 c:/program files (x86)/cypress/psoc creator/4.4/psoc creator/import/gnu/arm/5.4.1/bin/../lib/gcc/arm-none-eabi/5.4.1/../../../../arm-none-eabi/lib/armv7-m\libg_nano.a(lib_a-memcpy-stub.o)
                0x0000212c                memcpy
 .text.memset   0x00002142       0x10 c:/program files (x86)/cypress/psoc creator/4.4/psoc creator/import/gnu/arm/5.4.1/bin/../lib/gcc/arm-none-eabi/5.4.1/../../../../arm-none-eabi/lib/armv7-m\libg_nano.a(lib_a-memset.o)
                0x00002142                memset
 .text.__cvt    0x00002152       0xc0 c:/program files (x86)/cypress/psoc creator/4.4/psoc creator/import/gnu/arm/5.4.1/bin/../lib/gcc/arm-none-eabi/5.4.1/../../../../arm-none-eabi/lib/armv7-m\libg_nano.a(lib_a-nano-vfprintf_float.o)
                0x00002152                __cvt
 .text.__exponent
                0x00002212       0x62 c:/program files (x86)/cypress/psoc creator/4.4/psoc creator/import/gnu/arm/5.4.1/bin/../lib/gcc/arm-none-eabi/5.4.1/../../../../arm-none-eabi/lib/armv7-m\libg_nano.a(lib_a-nano-vfprintf_float.o)
                0x00002212                __exponent
 .text._printf_float
                0x00002274      0x488 c:/program files (x86)/cypress/psoc creator/4.4/psoc creator/import/gnu/arm/5.4.1/bin/../lib/gcc/arm-none-eabi/5.4.1/../../../../arm-none-eabi/lib/armv7-m\libg_nano.a(lib_a-nano-vfprintf_float.o)
                0x00002274                _printf_float
 .text._printf_common
                0x000026fc       0xec c:/program files (x86)/cypress/psoc creator/4.4/psoc creator/import/gnu/arm/5.4.1/bin/../lib/gcc/arm-none-eabi/5.4.1/../../../../arm-none-eabi/lib/armv7-m\libg_nano.a(lib_a-nano-vfprintf_i.o)
                0x000026fc                _printf_common
 .text._printf_i
                0x000027e8      0x24c c:/program files (x86)/cypress/psoc creator/4.4/psoc creator/import/gnu/arm/5.4.1/bin/../lib/gcc/arm-none-eabi/5.4.1/../../../../arm-none-eabi/lib/armv7-m\libg_nano.a(lib_a-nano-vfprintf_i.o)
                0x000027e8                _printf_i
 .text.sprintf  0x00002a34       0x48 c:/program files (x86)/cypress/psoc creator/4.4/psoc creator/import/gnu/arm/5.4.1/bin/../lib/gcc/arm-none-eabi/5.4.1/../../../../arm-none-eabi/lib/armv7-m\libg_nano.a(lib_a-sprintf.o)
                0x00002a34                siprintf
                0x00002a34                sprintf
 .text          0x00002a7c       0x10 c:/program files (x86)/cypress/psoc creator/4.4/psoc creator/import/gnu/arm/5.4.1/bin/../lib/gcc/arm-none-eabi/5.4.1/../../../../arm-none-eabi/lib/armv7-m\libg_nano.a(lib_a-strlen.o)
                0x00002a7c                strlen
 .text.quorem   0x00002a8c      0x116 c:/program files (x86)/cypress/psoc creator/4.4/psoc creator/import/gnu/arm/5.4.1/bin/../lib/gcc/arm-none-eabi/5.4.1/../../../../arm-none-eabi/lib/armv7-m\libg_nano.a(lib_a-dtoa.o)
 *fill*         0x00002ba2        0x6 
 .text._dtoa_r  0x00002ba8      0xb30 c:/program files (x86)/cypress/psoc creator/4.4/psoc creator/import/gnu/arm/5.4.1/bin/../lib/gcc/arm-none-eabi/5.4.1/../../../../arm-none-eabi/lib/armv7-m\libg_nano.a(lib_a-dtoa.o)
                0x00002ba8                _dtoa_r
 .text._localeconv_r
                0x000036d8        0x8 c:/program files (x86)/cypress/psoc creator/4.4/psoc creator/import/gnu/arm/5.4.1/bin/../lib/gcc/arm-none-eabi/5.4.1/../../../../arm-none-eabi/lib/armv7-m\libg_nano.a(lib_a-locale.o)
                0x000036d8                _localeconv_r
 .text.malloc   0x000036e0       0x10 c:/program files (x86)/cypress/psoc creator/4.4/psoc creator/import/gnu/arm/5.4.1/bin/../lib/gcc/arm-none-eabi/5.4.1/../../../../arm-none-eabi/lib/armv7-m\libg_nano.a(lib_a-malloc.o)
                0x000036e0                malloc
 .text.memchr   0x000036f0       0x1c c:/program files (x86)/cypress/psoc creator/4.4/psoc creator/import/gnu/arm/5.4.1/bin/../lib/gcc/arm-none-eabi/5.4.1/../../../../arm-none-eabi/lib/armv7-m\libg_nano.a(lib_a-memchr-stub.o)
                0x000036f0                memchr
 .text._Balloc  0x0000370c       0x6a c:/program files (x86)/cypress/psoc creator/4.4/psoc creator/import/gnu/arm/5.4.1/bin/../lib/gcc/arm-none-eabi/5.4.1/../../../../arm-none-eabi/lib/armv7-m\libg_nano.a(lib_a-mprec.o)
                0x0000370c                _Balloc
 .text._Bfree   0x00003776       0x2e c:/program files (x86)/cypress/psoc creator/4.4/psoc creator/import/gnu/arm/5.4.1/bin/../lib/gcc/arm-none-eabi/5.4.1/../../../../arm-none-eabi/lib/armv7-m\libg_nano.a(lib_a-mprec.o)
                0x00003776                _Bfree
 .text.__multadd
                0x000037a4       0x76 c:/program files (x86)/cypress/psoc creator/4.4/psoc creator/import/gnu/arm/5.4.1/bin/../lib/gcc/arm-none-eabi/5.4.1/../../../../arm-none-eabi/lib/armv7-m\libg_nano.a(lib_a-mprec.o)
                0x000037a4                __multadd
 .text.__hi0bits
                0x0000381a       0x40 c:/program files (x86)/cypress/psoc creator/4.4/psoc creator/import/gnu/arm/5.4.1/bin/../lib/gcc/arm-none-eabi/5.4.1/../../../../arm-none-eabi/lib/armv7-m\libg_nano.a(lib_a-mprec.o)
                0x0000381a                __hi0bits
 .text.__lo0bits
                0x0000385a       0x5a c:/program files (x86)/cypress/psoc creator/4.4/psoc creator/import/gnu/arm/5.4.1/bin/../lib/gcc/arm-none-eabi/5.4.1/../../../../arm-none-eabi/lib/armv7-m\libg_nano.a(lib_a-mprec.o)
                0x0000385a                __lo0bits
 .text.__i2b    0x000038b4       0x12 c:/program files (x86)/cypress/psoc creator/4.4/psoc creator/import/gnu/arm/5.4.1/bin/../lib/gcc/arm-none-eabi/5.4.1/../../../../arm-none-eabi/lib/armv7-m\libg_nano.a(lib_a-mprec.o)
                0x000038b4                __i2b
 .text.__multiply
                0x000038c6      0x120 c:/program files (x86)/cypress/psoc creator/4.4/psoc creator/import/gnu/arm/5.4.1/bin/../lib/gcc/arm-none-eabi/5.4.1/../../../../arm-none-eabi/lib/armv7-m\libg_nano.a(lib_a-mprec.o)
                0x000038c6                __multiply
 *fill*         0x000039e6        0x2 
 .text.__pow5mult
                0x000039e8       0x9c c:/program files (x86)/cypress/psoc creator/4.4/psoc creator/import/gnu/arm/5.4.1/bin/../lib/gcc/arm-none-eabi/5.4.1/../../../../arm-none-eabi/lib/armv7-m\libg_nano.a(lib_a-mprec.o)
                0x000039e8                __pow5mult
 .text.__lshift
                0x00003a84       0xa2 c:/program files (x86)/cypress/psoc creator/4.4/psoc creator/import/gnu/arm/5.4.1/bin/../lib/gcc/arm-none-eabi/5.4.1/../../../../arm-none-eabi/lib/armv7-m\libg_nano.a(lib_a-mprec.o)
                0x00003a84                __lshift
 .text.__mcmp   0x00003b26       0x38 c:/program files (x86)/cypress/psoc creator/4.4/psoc creator/import/gnu/arm/5.4.1/bin/../lib/gcc/arm-none-eabi/5.4.1/../../../../arm-none-eabi/lib/armv7-m\libg_nano.a(lib_a-mprec.o)
                0x00003b26                __mcmp
 .text.__mdiff  0x00003b5e       0xbe c:/program files (x86)/cypress/psoc creator/4.4/psoc creator/import/gnu/arm/5.4.1/bin/../lib/gcc/arm-none-eabi/5.4.1/../../../../arm-none-eabi/lib/armv7-m\libg_nano.a(lib_a-mprec.o)
                0x00003b5e                __mdiff
 .text.__d2b    0x00003c1c       0x9c c:/program files (x86)/cypress/psoc creator/4.4/psoc creator/import/gnu/arm/5.4.1/bin/../lib/gcc/arm-none-eabi/5.4.1/../../../../arm-none-eabi/lib/armv7-m\libg_nano.a(lib_a-mprec.o)
                0x00003c1c                __d2b
 .text._calloc_r
                0x00003cb8       0x1c c:/program files (x86)/cypress/psoc creator/4.4/psoc creator/import/gnu/arm/5.4.1/bin/../lib/gcc/arm-none-eabi/5.4.1/../../../../arm-none-eabi/lib/armv7-m\libg_nano.a(lib_a-nano-callocr.o)
                0x00003cb8                _calloc_r
 .text._free_r  0x00003cd4       0x98 c:/program files (x86)/cypress/psoc creator/4.4/psoc creator/import/gnu/arm/5.4.1/bin/../lib/gcc/arm-none-eabi/5.4.1/../../../../arm-none-eabi/lib/armv7-m\libg_nano.a(lib_a-nano-freer.o)
                0x00003cd4                _free_r
 .text._malloc_r
                0x00003d6c       0xbc c:/program files (x86)/cypress/psoc creator/4.4/psoc creator/import/gnu/arm/5.4.1/bin/../lib/gcc/arm-none-eabi/5.4.1/../../../../arm-none-eabi/lib/armv7-m\libg_nano.a(lib_a-nano-mallocr.o)
                0x00003d6c                _malloc_r
 .text.__ssputs_r
                0x00003e28       0xb2 c:/program files (x86)/cypress/psoc creator/4.4/psoc creator/import/gnu/arm/5.4.1/bin/../lib/gcc/arm-none-eabi/5.4.1/../../../../arm-none-eabi/lib/armv7-m\libg_nano.a(lib_a-nano-svfprintf.o)
                0x00003e28                __ssputs_r
 *fill*         0x00003eda        0x2 
 .text._svfprintf_r
                0x00003edc      0x1e8 c:/program files (x86)/cypress/psoc creator/4.4/psoc creator/import/gnu/arm/5.4.1/bin/../lib/gcc/arm-none-eabi/5.4.1/../../../../arm-none-eabi/lib/armv7-m\libg_nano.a(lib_a-nano-svfprintf.o)
                0x00003edc                _svfiprintf_r
                0x00003edc                _svfprintf_r
 .text._sbrk_r  0x000040c4       0x20 c:/program files (x86)/cypress/psoc creator/4.4/psoc creator/import/gnu/arm/5.4.1/bin/../lib/gcc/arm-none-eabi/5.4.1/../../../../arm-none-eabi/lib/armv7-m\libg_nano.a(lib_a-sbrkr.o)
                0x000040c4                _sbrk_r
 .text.memmove  0x000040e4       0x36 c:/program files (x86)/cypress/psoc creator/4.4/psoc creator/import/gnu/arm/5.4.1/bin/../lib/gcc/arm-none-eabi/5.4.1/../../../../arm-none-eabi/lib/armv7-m\libg_nano.a(lib_a-memmove.o)
                0x000040e4                memmove
 .text.__malloc_lock
                0x0000411a        0x2 c:/program files (x86)/cypress/psoc creator/4.4/psoc creator/import/gnu/arm/5.4.1/bin/../lib/gcc/arm-none-eabi/5.4.1/../../../../arm-none-eabi/lib/armv7-m\libg_nano.a(lib_a-mlock.o)
                0x0000411a                __malloc_lock
 .text.__malloc_unlock
                0x0000411c        0x2 c:/program files (x86)/cypress/psoc creator/4.4/psoc creator/import/gnu/arm/5.4.1/bin/../lib/gcc/arm-none-eabi/5.4.1/../../../../arm-none-eabi/lib/armv7-m\libg_nano.a(lib_a-mlock.o)
                0x0000411c                __malloc_unlock
 .text._realloc_r
                0x0000411e       0x4c c:/program files (x86)/cypress/psoc creator/4.4/psoc creator/import/gnu/arm/5.4.1/bin/../lib/gcc/arm-none-eabi/5.4.1/../../../../arm-none-eabi/lib/armv7-m\libg_nano.a(lib_a-nano-reallocr.o)
                0x0000411e                _realloc_r
 .text._malloc_usable_size_r
                0x0000416a       0x14 c:/program files (x86)/cypress/psoc creator/4.4/psoc creator/import/gnu/arm/5.4.1/bin/../lib/gcc/arm-none-eabi/5.4.1/../../../../arm-none-eabi/lib/armv7-m\libg_nano.a(lib_a-nano-msizer.o)
                0x0000416a                _malloc_usable_size_r
 *fill*         0x0000417e        0x2 
 .text          0x00004180      0x110 c:/program files (x86)/cypress/psoc creator/4.4/psoc creator/import/gnu/arm/5.4.1/bin/../lib/gcc/arm-none-eabi/5.4.1/armv7-m\libgcc.a(_arm_cmpdf2.o)
                0x00004180                __gtdf2
                0x00004180                __gedf2
                0x00004188                __ltdf2
                0x00004188                __ledf2
                0x00004190                __nedf2
                0x00004190                __eqdf2
                0x00004190                __cmpdf2
                0x0000420c                __aeabi_cdrcmple
                0x0000421c                __aeabi_cdcmpeq
                0x0000421c                __aeabi_cdcmple
                0x0000422c                __aeabi_dcmpeq
                0x00004240                __aeabi_dcmplt
                0x00004254                __aeabi_dcmple
                0x00004268                __aeabi_dcmpge
                0x0000427c                __aeabi_dcmpgt
 .text          0x00004290       0x2c c:/program files (x86)/cypress/psoc creator/4.4/psoc creator/import/gnu/arm/5.4.1/bin/../lib/gcc/arm-none-eabi/5.4.1/armv7-m\libgcc.a(_arm_unorddf2.o)
                0x00004290                __unorddf2
                0x00004290                __aeabi_dcmpun
 .text          0x000042bc       0x50 c:/program files (x86)/cypress/psoc creator/4.4/psoc creator/import/gnu/arm/5.4.1/bin/../lib/gcc/arm-none-eabi/5.4.1/armv7-m\libgcc.a(_arm_fixdfsi.o)
                0x000042bc                __aeabi_d2iz
                0x000042bc                __fixdfsi
 *(.plt)
 *(.gnu.warning)
 *(.glue_7t)
 .glue_7t       0x0000430c        0x0 linker stubs
 *(.glue_7)
 .glue_7        0x0000430c        0x0 linker stubs
 *(.vfp11_veneer)
 .vfp11_veneer  0x0000430c        0x0 linker stubs
 *(.bootloader)
 *(.ARM.extab* .gnu.linkonce.armextab.*)
 *(.gcc_except_table)

.v4_bx          0x0000430c        0x0
 .v4_bx         0x0000430c        0x0 linker stubs

.iplt           0x0000430c        0x0
 .iplt          0x0000430c        0x0 c:/program files (x86)/cypress/psoc creator/4.4/psoc creator/import/gnu/arm/5.4.1/bin/../lib/gcc/arm-none-eabi/5.4.1/armv7-m/crtbegin.o

.eh_frame_hdr
 *(.eh_frame_hdr)

.eh_frame       0x0000430c        0x4
 *(.eh_frame)
 .eh_frame      0x0000430c        0x0 c:/program files (x86)/cypress/psoc creator/4.4/psoc creator/import/gnu/arm/5.4.1/bin/../lib/gcc/arm-none-eabi/5.4.1/armv7-m/crtbegin.o
 .eh_frame      0x0000430c        0x4 c:/program files (x86)/cypress/psoc creator/4.4/psoc creator/import/gnu/arm/5.4.1/bin/../lib/gcc/arm-none-eabi/5.4.1/armv7-m/crtend.o
                [!provide]                PROVIDE (__exidx_start, .)

.ARM.exidx
 *(.ARM.exidx* .gnu.linkonce.armexidx.*)
                0x00004310                __exidx_end = .

.rodata         0x00004310      0x288
 *(.rodata .rodata.* .gnu.linkonce.r.*)
 .rodata.str1.4
                0x00004310       0x12 .\CortexM3\ARM_GCC_541\Debug\SystemController.o
 *fill*         0x00004322        0x2 
 .rodata.str1.4
                0x00004324       0x4c .\CortexM3\ARM_GCC_541\Debug\switch.o
                                 0x4b (size before relaxing)
 .rodata        0x00004370       0x50 .\CortexM3\ARM_GCC_541\Debug\cyfitter_cfg.o
 .rodata        0x000043c0       0x30 .\CortexM3\ARM_GCC_541\Debug\Microcontroller_coolingsystem.a(RTD_1.o)
 .rodata        0x000043f0       0x15 .\CortexM3\ARM_GCC_541\Debug\Microcontroller_coolingsystem.a(PGA_SpeedControl.o)
 .rodata.str1.1
                0x00004405        0x2 c:/program files (x86)/cypress/psoc creator/4.4/psoc creator/import/gnu/arm/5.4.1/bin/../lib/gcc/arm-none-eabi/5.4.1/../../../../arm-none-eabi/lib/armv7-m\libg_nano.a(lib_a-impure.o)
 .rodata.str1.1
                0x00004407       0x12 c:/program files (x86)/cypress/psoc creator/4.4/psoc creator/import/gnu/arm/5.4.1/bin/../lib/gcc/arm-none-eabi/5.4.1/../../../../arm-none-eabi/lib/armv7-m\libg_nano.a(lib_a-nano-vfprintf_float.o)
 .rodata.str1.1
                0x00004419       0x22 c:/program files (x86)/cypress/psoc creator/4.4/psoc creator/import/gnu/arm/5.4.1/bin/../lib/gcc/arm-none-eabi/5.4.1/../../../../arm-none-eabi/lib/armv7-m\libg_nano.a(lib_a-nano-vfprintf_i.o)
 .rodata.str1.1
                0x0000443b        0xd c:/program files (x86)/cypress/psoc creator/4.4/psoc creator/import/gnu/arm/5.4.1/bin/../lib/gcc/arm-none-eabi/5.4.1/../../../../arm-none-eabi/lib/armv7-m\libg_nano.a(lib_a-dtoa.o)
                                  0xf (size before relaxing)
 .rodata.str1.1
                0x00004448        0x8 c:/program files (x86)/cypress/psoc creator/4.4/psoc creator/import/gnu/arm/5.4.1/bin/../lib/gcc/arm-none-eabi/5.4.1/../../../../arm-none-eabi/lib/armv7-m\libg_nano.a(lib_a-locale.o)
                                  0xb (size before relaxing)
 .rodata.__mprec_tens
                0x00004450       0xc8 c:/program files (x86)/cypress/psoc creator/4.4/psoc creator/import/gnu/arm/5.4.1/bin/../lib/gcc/arm-none-eabi/5.4.1/../../../../arm-none-eabi/lib/armv7-m\libg_nano.a(lib_a-mprec.o)
                0x00004450                __mprec_tens
 .rodata.p05.5408
                0x00004518        0xc c:/program files (x86)/cypress/psoc creator/4.4/psoc creator/import/gnu/arm/5.4.1/bin/../lib/gcc/arm-none-eabi/5.4.1/../../../../arm-none-eabi/lib/armv7-m\libg_nano.a(lib_a-mprec.o)
 *fill*         0x00004524        0x4 
 .rodata.__mprec_bigtens
                0x00004528       0x28 c:/program files (x86)/cypress/psoc creator/4.4/psoc creator/import/gnu/arm/5.4.1/bin/../lib/gcc/arm-none-eabi/5.4.1/../../../../arm-none-eabi/lib/armv7-m\libg_nano.a(lib_a-mprec.o)
                0x00004528                __mprec_bigtens
 .rodata.str1.1
                0x00004550       0x11 c:/program files (x86)/cypress/psoc creator/4.4/psoc creator/import/gnu/arm/5.4.1/bin/../lib/gcc/arm-none-eabi/5.4.1/../../../../arm-none-eabi/lib/armv7-m\libg_nano.a(lib_a-nano-svfprintf.o)
                0x00004564                . = ALIGN (0x4)
 *fill*         0x00004561        0x3 
 *(.init)
 .init          0x00004564        0x4 c:/program files (x86)/cypress/psoc creator/4.4/psoc creator/import/gnu/arm/5.4.1/bin/../lib/gcc/arm-none-eabi/5.4.1/armv7-m/crti.o
                0x00004564                _init
 .init          0x00004568        0x8 c:/program files (x86)/cypress/psoc creator/4.4/psoc creator/import/gnu/arm/5.4.1/bin/../lib/gcc/arm-none-eabi/5.4.1/armv7-m/crtn.o
                0x00004570                . = ALIGN (0x4)
                0x00004570                __preinit_array_start = .
 *(.preinit_array)
                0x00004570                __preinit_array_end = .
                0x00004570                . = ALIGN (0x4)
                0x00004570                __init_array_start = .
 *(SORT(.init_array.*))
 *(.init_array)
 .init_array    0x00004570        0x4 c:/program files (x86)/cypress/psoc creator/4.4/psoc creator/import/gnu/arm/5.4.1/bin/../lib/gcc/arm-none-eabi/5.4.1/armv7-m/crtbegin.o
 .init_array    0x00004574        0x4 .\CortexM3\ARM_GCC_541\Debug\Cm3Start.o
                0x00004578                __init_array_end = .
                0x00004578                . = ALIGN (0x4)
 *(.fini)
 .fini          0x00004578        0x4 c:/program files (x86)/cypress/psoc creator/4.4/psoc creator/import/gnu/arm/5.4.1/bin/../lib/gcc/arm-none-eabi/5.4.1/armv7-m/crti.o
                0x00004578                _fini
 .fini          0x0000457c        0x8 c:/program files (x86)/cypress/psoc creator/4.4/psoc creator/import/gnu/arm/5.4.1/bin/../lib/gcc/arm-none-eabi/5.4.1/armv7-m/crtn.o
                0x00004584                . = ALIGN (0x4)
                0x00004584                __fini_array_start = .
 *(.fini_array)
 .fini_array    0x00004584        0x4 c:/program files (x86)/cypress/psoc creator/4.4/psoc creator/import/gnu/arm/5.4.1/bin/../lib/gcc/arm-none-eabi/5.4.1/armv7-m/crtbegin.o
 *(SORT(.fini_array.*))
                0x00004588                __fini_array_end = .
                0x00004588                . = ALIGN (0x4)
 *crtbegin.o(.ctors)
 *(EXCLUDE_FILE(*crtend.o) .ctors)
 *(SORT(.ctors.*))
 *crtend.o(.ctors)
                0x00004588                . = ALIGN (0x4)
 *crtbegin.o(.dtors)
 *(EXCLUDE_FILE(*crtend.o) .dtors)
 *(SORT(.dtors.*))
 *crtend.o(.dtors)
                0x00004588                . = ALIGN (0x4)
                0x00004588                __cy_regions = .
                0x00004588        0x4 LONG 0x4598 __cy_region_init_ram
                0x0000458c        0x4 LONG 0x1fff80c8 __cy_region_start_data
                0x00004590        0x4 LONG 0xc0 __cy_region_init_size_ram
                0x00004594        0x4 LONG 0x60 __cy_region_zero_size_ram
                0x00004598                __cy_regions_end = .
                0x00004598                . = ALIGN (0x8)
                0x00004598                _etext = .

.cy_checksum_exclude
                0x00004598        0x0
 *(.cy_checksum_exclude)

.ramvectors     0x1fff8000       0xc0
                0x1fff8000                __cy_region_start_ram = .
 *(.ramvectors)
 .ramvectors    0x1fff8000       0xc0 .\CortexM3\ARM_GCC_541\Debug\Cm3Start.o
                0x1fff8000                CyRamVectors

.noinit         0x1fff80c0        0x1
 *(.noinit)
 .noinit        0x1fff80c0        0x1 .\CortexM3\ARM_GCC_541\Debug\Microcontroller_coolingsystem.a(CyLib.o)
                0x1fff80c0                CyResetStatus

.data           0x1fff80c8       0xc0 load address 0x00004598
                0x1fff80c8                __cy_region_start_data = .
 *(.jcr)
 .jcr           0x1fff80c8        0x0 c:/program files (x86)/cypress/psoc creator/4.4/psoc creator/import/gnu/arm/5.4.1/bin/../lib/gcc/arm-none-eabi/5.4.1/armv7-m/crtbegin.o
 .jcr           0x1fff80c8        0x4 c:/program files (x86)/cypress/psoc creator/4.4/psoc creator/import/gnu/arm/5.4.1/bin/../lib/gcc/arm-none-eabi/5.4.1/armv7-m/crtend.o
 *(.got.plt)
 *(.got)
 *(.shdata)
 *(.data .data.* .gnu.linkonce.d.*)
 .data          0x1fff80cc        0x2 .\CortexM3\ARM_GCC_541\Debug\SystemController.o
                0x1fff80cc                ref_res
 *fill*         0x1fff80ce        0x2 
 .data          0x1fff80d0        0x8 .\CortexM3\ARM_GCC_541\Debug\Regulation.o
                0x1fff80d0                upper_limit
                0x1fff80d4                lower_limit
 .data          0x1fff80d8        0x4 .\CortexM3\ARM_GCC_541\Debug\Cm3Start.o
 .data          0x1fff80dc       0x10 .\CortexM3\ARM_GCC_541\Debug\Microcontroller_coolingsystem.a(CyLib.o)
                0x1fff80dc                cydelay_32k_ms
                0x1fff80e0                cydelay_freq_khz
                0x1fff80e4                cydelay_freq_mhz
                0x1fff80e8                cydelay_freq_hz
 .data.impure_data
                0x1fff80ec       0x60 c:/program files (x86)/cypress/psoc creator/4.4/psoc creator/import/gnu/arm/5.4.1/bin/../lib/gcc/arm-none-eabi/5.4.1/../../../../arm-none-eabi/lib/armv7-m\libg_nano.a(lib_a-impure.o)
 .data._impure_ptr
                0x1fff814c        0x4 c:/program files (x86)/cypress/psoc creator/4.4/psoc creator/import/gnu/arm/5.4.1/bin/../lib/gcc/arm-none-eabi/5.4.1/../../../../arm-none-eabi/lib/armv7-m\libg_nano.a(lib_a-impure.o)
                0x1fff814c                _impure_ptr
 .data.lconv    0x1fff8150       0x38 c:/program files (x86)/cypress/psoc creator/4.4/psoc creator/import/gnu/arm/5.4.1/bin/../lib/gcc/arm-none-eabi/5.4.1/../../../../arm-none-eabi/lib/armv7-m\libg_nano.a(lib_a-locale.o)
                0x1fff8188                . = ALIGN (0x8)
 *(.ram)
                0x1fff8188                _edata = .

.igot.plt       0x1fff8188        0x0 load address 0x00004658
 .igot.plt      0x1fff8188        0x0 c:/program files (x86)/cypress/psoc creator/4.4/psoc creator/import/gnu/arm/5.4.1/bin/../lib/gcc/arm-none-eabi/5.4.1/armv7-m/crtbegin.o

.bss            0x1fff8188       0x60 load address 0x00004658
                0x1fff8188                PROVIDE (__bss_start__, .)
 *(.shbss)
 *(.bss .bss.* .gnu.linkonce.b.*)
 .bss           0x1fff8188       0x1c c:/program files (x86)/cypress/psoc creator/4.4/psoc creator/import/gnu/arm/5.4.1/bin/../lib/gcc/arm-none-eabi/5.4.1/armv7-m/crtbegin.o
 .bss           0x1fff81a4        0x1 .\CortexM3\ARM_GCC_541\Debug\Microcontroller_coolingsystem.a(SPIM_1.o)
                0x1fff81a4                SPIM_1_initVar
 .bss           0x1fff81a5        0x2 .\CortexM3\ARM_GCC_541\Debug\Microcontroller_coolingsystem.a(UART_1.o)
                0x1fff81a5                UART_1_initVar
 .bss           0x1fff81a7        0x1 .\CortexM3\ARM_GCC_541\Debug\Microcontroller_coolingsystem.a(Temp_sample_counter.o)
                0x1fff81a7                Temp_sample_counter_initVar
 .bss           0x1fff81a8        0x1 .\CortexM3\ARM_GCC_541\Debug\Microcontroller_coolingsystem.a(PGA_SpeedControl.o)
                0x1fff81a8                PGA_SpeedControl_initVar
 .bss           0x1fff81a9        0x1 .\CortexM3\ARM_GCC_541\Debug\Microcontroller_coolingsystem.a(VDAC8_SpeedControl.o)
                0x1fff81a9                VDAC8_SpeedControl_initVar
 .bss           0x1fff81aa        0x1 .\CortexM3\ARM_GCC_541\Debug\Microcontroller_coolingsystem.a(VDAC8_Enabling.o)
                0x1fff81aa                VDAC8_Enabling_initVar
 .bss           0x1fff81ab        0x1 .\CortexM3\ARM_GCC_541\Debug\Microcontroller_coolingsystem.a(VDAC8_Direction.o)
                0x1fff81ab                VDAC8_Direction_initVar
 .bss.__malloc_sbrk_start
                0x1fff81ac        0x4 c:/program files (x86)/cypress/psoc creator/4.4/psoc creator/import/gnu/arm/5.4.1/bin/../lib/gcc/arm-none-eabi/5.4.1/../../../../arm-none-eabi/lib/armv7-m\libg_nano.a(lib_a-nano-mallocr.o)
                0x1fff81ac                __malloc_sbrk_start
 .bss.__malloc_free_list
                0x1fff81b0        0x4 c:/program files (x86)/cypress/psoc creator/4.4/psoc creator/import/gnu/arm/5.4.1/bin/../lib/gcc/arm-none-eabi/5.4.1/../../../../arm-none-eabi/lib/armv7-m\libg_nano.a(lib_a-nano-mallocr.o)
                0x1fff81b0                __malloc_free_list
 *(COMMON)
 COMMON         0x1fff81b4        0xd .\CortexM3\ARM_GCC_541\Debug\SystemController.o
                0x1fff81b4                regu
                0x1fff81b8                rtd_ratio
                0x1fff81bc                last_regu
                0x1fff81c0                Switch_State
 COMMON         0x1fff81c1        0x3 .\CortexM3\ARM_GCC_541\Debug\Amplifier.o
                0x1fff81c1                dummy_bytes
                0x1fff81c2                bytes_received
                0x1fff81c3                config
 COMMON         0x1fff81c4        0xb .\CortexM3\ARM_GCC_541\Debug\PumpCtrl.o
                0x1fff81c4                output_voltage_direction
                0x1fff81c8                voltage
                0x1fff81cc                speed
                0x1fff81cd                output_voltage
                0x1fff81ce                const_speed
 *fill*         0x1fff81cf        0x1 
 COMMON         0x1fff81d0        0xa .\CortexM3\ARM_GCC_541\Debug\Temperature.o
                0x1fff81d0                Temperature
                0x1fff81d4                temp_float
                0x1fff81d8                Ref_resistance
 COMMON         0x1fff81da        0x2 .\CortexM3\ARM_GCC_541\Debug\switch.o
                0x1fff81da                switch_counter
                0x1fff81db                switch_state
 COMMON         0x1fff81dc        0x1 .\CortexM3\ARM_GCC_541\Debug\Regulation.o
                0x1fff81dc                res
 *fill*         0x1fff81dd        0x3 
 COMMON         0x1fff81e0        0x4 c:/program files (x86)/cypress/psoc creator/4.4/psoc creator/import/gnu/arm/5.4.1/bin/../lib/gcc/arm-none-eabi/5.4.1/../../../../arm-none-eabi/lib/armv7-m\libg_nano.a(lib_a-reent.o)
                0x1fff81e0                errno
                0x1fff81e8                . = ALIGN (0x8)
 *fill*         0x1fff81e4        0x4 
 *(.ram.b)
                0x1fff81e8                _end = .
                0x1fff81e8                __end = .
                0x1fff81e8                PROVIDE (end, .)
                0x1fff81e8                PROVIDE (__bss_end__, .)
                0x00004598                __cy_region_init_ram = LOADADDR (.data)
                0x000000c0                __cy_region_init_size_ram = (_edata - ADDR (.data))
                0x00000060                __cy_region_zero_size_ram = (_end - _edata)

.heap           0x1fff81e8      0x200 load address 0x00004658
                0x1fff81e8                . = _end
                0x1fff83e8                . = (. + 0x200)
 *fill*         0x1fff81e8      0x200 
                0x1fff83e8                __cy_heap_limit = .

.stack          0x20007800      0x800
                0x20007800                __cy_stack_limit = .
                0x20008000                . = (. + 0x800)
 *fill*         0x20007800      0x800 
                0x00000001                ASSERT ((__cy_stack_limit >= __cy_heap_limit), region RAM overflowed with stack)
                0x00000000                cy_checksum_exclude_size = (CY_APPL_LOADABLE == 0x1)?SIZEOF (.cy_checksum_exclude):0x0
                0x00000001                ASSERT ((cy_checksum_exclude_size <= CY_CHECKSUM_EXCLUDE_SIZE), CY_BOOT: Section .cy_checksum_exclude size exceedes specified limit.)

.cyloadermeta
 *(.cyloadermeta)

.cyloadablemeta
 *(.cyloadablemeta)

.cyconfigecc    0x80000000      0x6c8
 *(.cyconfigecc)
 .cyconfigecc   0x80000000      0x6c8 .\CortexM3\ARM_GCC_541\Debug\cymetadata.o
                0x80000000                cy_meta_configecc

.cycustnvl      0x90000000        0x4
 *(.cycustnvl)
 .cycustnvl     0x90000000        0x4 .\CortexM3\ARM_GCC_541\Debug\cymetadata.o
                0x90000000                cy_meta_custnvl

.cywolatch      0x90100000        0x4
 *(.cywolatch)
 .cywolatch     0x90100000        0x4 .\CortexM3\ARM_GCC_541\Debug\cymetadata.o
                0x90100000                cy_meta_wonvl

.cyeeprom       0x90200000        0x0
 *(.cyeeprom)
                0x00000001                ASSERT ((. <= ((0x90200000 + ee_offset) + ee_size)), .cyeeprom data will not fit in EEPROM)

.cyflashprotect
                0x90400000      0x100
 *(.cyflashprotect)
 .cyflashprotect
                0x90400000      0x100 .\CortexM3\ARM_GCC_541\Debug\cymetadata.o
                0x90400000                cy_meta_flashprotect

.cymeta         0x90500000        0xc
 *(.cymeta)
 .cymeta        0x90500000        0xc .\CortexM3\ARM_GCC_541\Debug\cymetadata.o
                0x90500000                cy_metadata

.rel.dyn        0x00004658        0x0 load address 0x9050000c
 .rel.iplt      0x00004658        0x0 c:/program files (x86)/cypress/psoc creator/4.4/psoc creator/import/gnu/arm/5.4.1/bin/../lib/gcc/arm-none-eabi/5.4.1/armv7-m/crtbegin.o

.stab
 *(.stab)

.stabstr
 *(.stabstr)

.debug
 *(.debug)

.line
 *(.line)

.debug_srcinfo
 *(.debug_srcinfo)

.debug_sfnames
 *(.debug_sfnames)

.debug_aranges  0x00000000      0xfd8
 *(.debug_aranges)
 .debug_aranges
                0x00000000       0x48 .\CortexM3\ARM_GCC_541\Debug\SystemController.o
 .debug_aranges
                0x00000048       0x90 .\CortexM3\ARM_GCC_541\Debug\Amplifier.o
 .debug_aranges
                0x000000d8       0x58 .\CortexM3\ARM_GCC_541\Debug\PumpCtrl.o
 .debug_aranges
                0x00000130       0x40 .\CortexM3\ARM_GCC_541\Debug\Temperature.o
 .debug_aranges
                0x00000170       0x38 .\CortexM3\ARM_GCC_541\Debug\switch.o
 .debug_aranges
                0x000001a8       0x28 .\CortexM3\ARM_GCC_541\Debug\LED.o
 .debug_aranges
                0x000001d0       0x28 .\CortexM3\ARM_GCC_541\Debug\Regulation.o
 .debug_aranges
                0x000001f8       0x28 .\CortexM3\ARM_GCC_541\Debug\ClockCounter_test.o
 .debug_aranges
                0x00000220       0x20 .\CortexM3\ARM_GCC_541\Debug\SPI_test.o
 .debug_aranges
                0x00000240       0x28 .\CortexM3\ARM_GCC_541\Debug\Switch_test.o
 .debug_aranges
                0x00000268       0x20 .\CortexM3\ARM_GCC_541\Debug\TempSensor_test.o
 .debug_aranges
                0x00000288       0x30 .\CortexM3\ARM_GCC_541\Debug\VDAC_test.o
 .debug_aranges
                0x000002b8       0x38 .\CortexM3\ARM_GCC_541\Debug\PumpCtrlUnitTest.o
 .debug_aranges
                0x000002f0       0x28 .\CortexM3\ARM_GCC_541\Debug\SwitchUnitTest.o
 .debug_aranges
                0x00000318       0x28 .\CortexM3\ARM_GCC_541\Debug\TemperatureUnitTest.o
 .debug_aranges
                0x00000340       0x58 .\CortexM3\ARM_GCC_541\Debug\cyfitter_cfg.o
 .debug_aranges
                0x00000398       0x18 .\CortexM3\ARM_GCC_541\Debug\cymetadata.o
 .debug_aranges
                0x000003b0       0x48 .\CortexM3\ARM_GCC_541\Debug\Cm3Start.o
 .debug_aranges
                0x000003f8      0x2a0 .\CortexM3\ARM_GCC_541\Debug\Microcontroller_coolingsystem.a(CyLib.o)
 .debug_aranges
                0x00000698       0x98 .\CortexM3\ARM_GCC_541\Debug\Microcontroller_coolingsystem.a(cyPm.o)
 .debug_aranges
                0x00000730       0xd8 .\CortexM3\ARM_GCC_541\Debug\Microcontroller_coolingsystem.a(SPIM_1.o)
 .debug_aranges
                0x00000808       0x70 .\CortexM3\ARM_GCC_541\Debug\Microcontroller_coolingsystem.a(SPIM_1_IntClock.o)
 .debug_aranges
                0x00000878       0xf0 .\CortexM3\ARM_GCC_541\Debug\Microcontroller_coolingsystem.a(UART_1.o)
 .debug_aranges
                0x00000968       0x80 .\CortexM3\ARM_GCC_541\Debug\Microcontroller_coolingsystem.a(isr_uart_rx.o)
 .debug_aranges
                0x000009e8       0x70 .\CortexM3\ARM_GCC_541\Debug\Microcontroller_coolingsystem.a(UART_1_IntClock.o)
 .debug_aranges
                0x00000a58       0x38 .\CortexM3\ARM_GCC_541\Debug\Microcontroller_coolingsystem.a(SS.o)
 .debug_aranges
                0x00000a90       0x38 .\CortexM3\ARM_GCC_541\Debug\Microcontroller_coolingsystem.a(LED_pin.o)
 .debug_aranges
                0x00000ac8       0x28 .\CortexM3\ARM_GCC_541\Debug\Microcontroller_coolingsystem.a(RTD_1.o)
 .debug_aranges
                0x00000af0       0x80 .\CortexM3\ARM_GCC_541\Debug\Microcontroller_coolingsystem.a(isr_clock.o)
 .debug_aranges
                0x00000b70       0x80 .\CortexM3\ARM_GCC_541\Debug\Microcontroller_coolingsystem.a(Temp_sample_counter.o)
 .debug_aranges
                0x00000bf0       0x38 .\CortexM3\ARM_GCC_541\Debug\Microcontroller_coolingsystem.a(Switch_output.o)
 .debug_aranges
                0x00000c28       0x48 .\CortexM3\ARM_GCC_541\Debug\Microcontroller_coolingsystem.a(Switch_input.o)
 .debug_aranges
                0x00000c70       0x80 .\CortexM3\ARM_GCC_541\Debug\Microcontroller_coolingsystem.a(switch_input_interrupt.o)
 .debug_aranges
                0x00000cf0       0x48 .\CortexM3\ARM_GCC_541\Debug\Microcontroller_coolingsystem.a(PGA_SpeedControl.o)
 .debug_aranges
                0x00000d38       0x58 .\CortexM3\ARM_GCC_541\Debug\Microcontroller_coolingsystem.a(VDAC8_SpeedControl.o)
 .debug_aranges
                0x00000d90       0x58 .\CortexM3\ARM_GCC_541\Debug\Microcontroller_coolingsystem.a(VDAC8_Enabling.o)
 .debug_aranges
                0x00000de8       0x70 .\CortexM3\ARM_GCC_541\Debug\Microcontroller_coolingsystem.a(Clock_TempSampling.o)
 .debug_aranges
                0x00000e58       0x58 .\CortexM3\ARM_GCC_541\Debug\Microcontroller_coolingsystem.a(VDAC8_Direction.o)
 .debug_aranges
                0x00000eb0       0x20 .\CortexM3\ARM_GCC_541\Debug\Microcontroller_coolingsystem.a(CyBootAsmGnu.o)
 .debug_aranges
                0x00000ed0       0x88 .\CortexM3\ARM_GCC_541\Debug\Microcontroller_coolingsystem.a(CyFlash.o)
 .debug_aranges
                0x00000f58       0x80 .\CortexM3\ARM_GCC_541\Debug\Microcontroller_coolingsystem.a(CySpc.o)

.debug_pubnames
 *(.debug_pubnames)

.debug_info     0x00000000     0x8172
 *(.debug_info .gnu.linkonce.wi.*)
 .debug_info    0x00000000      0x446 .\CortexM3\ARM_GCC_541\Debug\SystemController.o
 .debug_info    0x00000446      0x661 .\CortexM3\ARM_GCC_541\Debug\Amplifier.o
 .debug_info    0x00000aa7      0x3c7 .\CortexM3\ARM_GCC_541\Debug\PumpCtrl.o
 .debug_info    0x00000e6e      0x20e .\CortexM3\ARM_GCC_541\Debug\Temperature.o
 .debug_info    0x0000107c      0x218 .\CortexM3\ARM_GCC_541\Debug\switch.o
 .debug_info    0x00001294       0xd7 .\CortexM3\ARM_GCC_541\Debug\LED.o
 .debug_info    0x0000136b       0xfa .\CortexM3\ARM_GCC_541\Debug\Regulation.o
 .debug_info    0x00001465      0x152 .\CortexM3\ARM_GCC_541\Debug\ClockCounter_test.o
 .debug_info    0x000015b7       0xc7 .\CortexM3\ARM_GCC_541\Debug\SPI_test.o
 .debug_info    0x0000167e      0x159 .\CortexM3\ARM_GCC_541\Debug\Switch_test.o
 .debug_info    0x000017d7      0x282 .\CortexM3\ARM_GCC_541\Debug\TempSensor_test.o
 .debug_info    0x00001a59      0x32b .\CortexM3\ARM_GCC_541\Debug\VDAC_test.o
 .debug_info    0x00001d84      0x1a5 .\CortexM3\ARM_GCC_541\Debug\PumpCtrlUnitTest.o
 .debug_info    0x00001f29      0x122 .\CortexM3\ARM_GCC_541\Debug\SwitchUnitTest.o
 .debug_info    0x0000204b       0xfc .\CortexM3\ARM_GCC_541\Debug\TemperatureUnitTest.o
 .debug_info    0x00002147      0x5f2 .\CortexM3\ARM_GCC_541\Debug\cyfitter_cfg.o
 .debug_info    0x00002739      0x139 .\CortexM3\ARM_GCC_541\Debug\cymetadata.o
 .debug_info    0x00002872      0x3bb .\CortexM3\ARM_GCC_541\Debug\Cm3Start.o
 .debug_info    0x00002c2d     0x1374 .\CortexM3\ARM_GCC_541\Debug\Microcontroller_coolingsystem.a(CyLib.o)
 .debug_info    0x00003fa1      0xa2a .\CortexM3\ARM_GCC_541\Debug\Microcontroller_coolingsystem.a(cyPm.o)
 .debug_info    0x000049cb      0x4bb .\CortexM3\ARM_GCC_541\Debug\Microcontroller_coolingsystem.a(SPIM_1.o)
 .debug_info    0x00004e86      0x283 .\CortexM3\ARM_GCC_541\Debug\Microcontroller_coolingsystem.a(SPIM_1_IntClock.o)
 .debug_info    0x00005109      0x60c .\CortexM3\ARM_GCC_541\Debug\Microcontroller_coolingsystem.a(UART_1.o)
 .debug_info    0x00005715      0x2d2 .\CortexM3\ARM_GCC_541\Debug\Microcontroller_coolingsystem.a(isr_uart_rx.o)
 .debug_info    0x000059e7      0x283 .\CortexM3\ARM_GCC_541\Debug\Microcontroller_coolingsystem.a(UART_1_IntClock.o)
 .debug_info    0x00005c6a      0x11f .\CortexM3\ARM_GCC_541\Debug\Microcontroller_coolingsystem.a(SS.o)
 .debug_info    0x00005d89      0x11f .\CortexM3\ARM_GCC_541\Debug\Microcontroller_coolingsystem.a(LED_pin.o)
 .debug_info    0x00005ea8      0x1b7 .\CortexM3\ARM_GCC_541\Debug\Microcontroller_coolingsystem.a(RTD_1.o)
 .debug_info    0x0000605f      0x2d2 .\CortexM3\ARM_GCC_541\Debug\Microcontroller_coolingsystem.a(isr_clock.o)
 .debug_info    0x00006331      0x28d .\CortexM3\ARM_GCC_541\Debug\Microcontroller_coolingsystem.a(Temp_sample_counter.o)
 .debug_info    0x000065be      0x11f .\CortexM3\ARM_GCC_541\Debug\Microcontroller_coolingsystem.a(Switch_output.o)
 .debug_info    0x000066dd      0x172 .\CortexM3\ARM_GCC_541\Debug\Microcontroller_coolingsystem.a(Switch_input.o)
 .debug_info    0x0000684f      0x2d2 .\CortexM3\ARM_GCC_541\Debug\Microcontroller_coolingsystem.a(switch_input_interrupt.o)
 .debug_info    0x00006b21      0x1d3 .\CortexM3\ARM_GCC_541\Debug\Microcontroller_coolingsystem.a(PGA_SpeedControl.o)
 .debug_info    0x00006cf4      0x1de .\CortexM3\ARM_GCC_541\Debug\Microcontroller_coolingsystem.a(VDAC8_SpeedControl.o)
 .debug_info    0x00006ed2      0x1de .\CortexM3\ARM_GCC_541\Debug\Microcontroller_coolingsystem.a(VDAC8_Enabling.o)
 .debug_info    0x000070b0      0x283 .\CortexM3\ARM_GCC_541\Debug\Microcontroller_coolingsystem.a(Clock_TempSampling.o)
 .debug_info    0x00007333      0x1de .\CortexM3\ARM_GCC_541\Debug\Microcontroller_coolingsystem.a(VDAC8_Direction.o)
 .debug_info    0x00007511       0xc4 .\CortexM3\ARM_GCC_541\Debug\Microcontroller_coolingsystem.a(CyBootAsmGnu.o)
 .debug_info    0x000075d5      0x64d .\CortexM3\ARM_GCC_541\Debug\Microcontroller_coolingsystem.a(CyFlash.o)
 .debug_info    0x00007c22      0x550 .\CortexM3\ARM_GCC_541\Debug\Microcontroller_coolingsystem.a(CySpc.o)

.debug_abbrev   0x00000000     0x29e1
 *(.debug_abbrev)
 .debug_abbrev  0x00000000      0x14c .\CortexM3\ARM_GCC_541\Debug\SystemController.o
 .debug_abbrev  0x0000014c      0x139 .\CortexM3\ARM_GCC_541\Debug\Amplifier.o
 .debug_abbrev  0x00000285      0x10c .\CortexM3\ARM_GCC_541\Debug\PumpCtrl.o
 .debug_abbrev  0x00000391      0x115 .\CortexM3\ARM_GCC_541\Debug\Temperature.o
 .debug_abbrev  0x000004a6       0xba .\CortexM3\ARM_GCC_541\Debug\switch.o
 .debug_abbrev  0x00000560       0x6a .\CortexM3\ARM_GCC_541\Debug\LED.o
 .debug_abbrev  0x000005ca       0x9a .\CortexM3\ARM_GCC_541\Debug\Regulation.o
 .debug_abbrev  0x00000664       0x94 .\CortexM3\ARM_GCC_541\Debug\ClockCounter_test.o
 .debug_abbrev  0x000006f8       0x5e .\CortexM3\ARM_GCC_541\Debug\SPI_test.o
 .debug_abbrev  0x00000756       0x9f .\CortexM3\ARM_GCC_541\Debug\Switch_test.o
 .debug_abbrev  0x000007f5       0x8b .\CortexM3\ARM_GCC_541\Debug\TempSensor_test.o
 .debug_abbrev  0x00000880      0x12e .\CortexM3\ARM_GCC_541\Debug\VDAC_test.o
 .debug_abbrev  0x000009ae       0x9e .\CortexM3\ARM_GCC_541\Debug\PumpCtrlUnitTest.o
 .debug_abbrev  0x00000a4c       0x77 .\CortexM3\ARM_GCC_541\Debug\SwitchUnitTest.o
 .debug_abbrev  0x00000ac3       0x8d .\CortexM3\ARM_GCC_541\Debug\TemperatureUnitTest.o
 .debug_abbrev  0x00000b50      0x20d .\CortexM3\ARM_GCC_541\Debug\cyfitter_cfg.o
 .debug_abbrev  0x00000d5d       0x77 .\CortexM3\ARM_GCC_541\Debug\cymetadata.o
 .debug_abbrev  0x00000dd4      0x1e8 .\CortexM3\ARM_GCC_541\Debug\Cm3Start.o
 .debug_abbrev  0x00000fbc      0x254 .\CortexM3\ARM_GCC_541\Debug\Microcontroller_coolingsystem.a(CyLib.o)
 .debug_abbrev  0x00001210      0x1ab .\CortexM3\ARM_GCC_541\Debug\Microcontroller_coolingsystem.a(cyPm.o)
 .debug_abbrev  0x000013bb      0x146 .\CortexM3\ARM_GCC_541\Debug\Microcontroller_coolingsystem.a(SPIM_1.o)
 .debug_abbrev  0x00001501      0x139 .\CortexM3\ARM_GCC_541\Debug\Microcontroller_coolingsystem.a(SPIM_1_IntClock.o)
 .debug_abbrev  0x0000163a      0x175 .\CortexM3\ARM_GCC_541\Debug\Microcontroller_coolingsystem.a(UART_1.o)
 .debug_abbrev  0x000017af      0x173 .\CortexM3\ARM_GCC_541\Debug\Microcontroller_coolingsystem.a(isr_uart_rx.o)
 .debug_abbrev  0x00001922      0x139 .\CortexM3\ARM_GCC_541\Debug\Microcontroller_coolingsystem.a(UART_1_IntClock.o)
 .debug_abbrev  0x00001a5b       0x90 .\CortexM3\ARM_GCC_541\Debug\Microcontroller_coolingsystem.a(SS.o)
 .debug_abbrev  0x00001aeb       0x90 .\CortexM3\ARM_GCC_541\Debug\Microcontroller_coolingsystem.a(LED_pin.o)
 .debug_abbrev  0x00001b7b       0xcc .\CortexM3\ARM_GCC_541\Debug\Microcontroller_coolingsystem.a(RTD_1.o)
 .debug_abbrev  0x00001c47      0x173 .\CortexM3\ARM_GCC_541\Debug\Microcontroller_coolingsystem.a(isr_clock.o)
 .debug_abbrev  0x00001dba      0x122 .\CortexM3\ARM_GCC_541\Debug\Microcontroller_coolingsystem.a(Temp_sample_counter.o)
 .debug_abbrev  0x00001edc       0x90 .\CortexM3\ARM_GCC_541\Debug\Microcontroller_coolingsystem.a(Switch_output.o)
 .debug_abbrev  0x00001f6c       0x9f .\CortexM3\ARM_GCC_541\Debug\Microcontroller_coolingsystem.a(Switch_input.o)
 .debug_abbrev  0x0000200b      0x173 .\CortexM3\ARM_GCC_541\Debug\Microcontroller_coolingsystem.a(switch_input_interrupt.o)
 .debug_abbrev  0x0000217e       0xf6 .\CortexM3\ARM_GCC_541\Debug\Microcontroller_coolingsystem.a(PGA_SpeedControl.o)
 .debug_abbrev  0x00002274       0xf7 .\CortexM3\ARM_GCC_541\Debug\Microcontroller_coolingsystem.a(VDAC8_SpeedControl.o)
 .debug_abbrev  0x0000236b       0xf7 .\CortexM3\ARM_GCC_541\Debug\Microcontroller_coolingsystem.a(VDAC8_Enabling.o)
 .debug_abbrev  0x00002462      0x139 .\CortexM3\ARM_GCC_541\Debug\Microcontroller_coolingsystem.a(Clock_TempSampling.o)
 .debug_abbrev  0x0000259b       0xf7 .\CortexM3\ARM_GCC_541\Debug\Microcontroller_coolingsystem.a(VDAC8_Direction.o)
 .debug_abbrev  0x00002692       0x14 .\CortexM3\ARM_GCC_541\Debug\Microcontroller_coolingsystem.a(CyBootAsmGnu.o)
 .debug_abbrev  0x000026a6      0x1a7 .\CortexM3\ARM_GCC_541\Debug\Microcontroller_coolingsystem.a(CyFlash.o)
 .debug_abbrev  0x0000284d      0x194 .\CortexM3\ARM_GCC_541\Debug\Microcontroller_coolingsystem.a(CySpc.o)

.debug_line     0x00000000     0x3dbf
 *(.debug_line)
 .debug_line    0x00000000      0x2f6 .\CortexM3\ARM_GCC_541\Debug\SystemController.o
 .debug_line    0x000002f6      0x29d .\CortexM3\ARM_GCC_541\Debug\Amplifier.o
 .debug_line    0x00000593      0x24d .\CortexM3\ARM_GCC_541\Debug\PumpCtrl.o
 .debug_line    0x000007e0      0x1af .\CortexM3\ARM_GCC_541\Debug\Temperature.o
 .debug_line    0x0000098f      0x110 .\CortexM3\ARM_GCC_541\Debug\switch.o
 .debug_line    0x00000a9f       0x6a .\CortexM3\ARM_GCC_541\Debug\LED.o
 .debug_line    0x00000b09       0x75 .\CortexM3\ARM_GCC_541\Debug\Regulation.o
 .debug_line    0x00000b7e       0xa3 .\CortexM3\ARM_GCC_541\Debug\ClockCounter_test.o
 .debug_line    0x00000c21      0x137 .\CortexM3\ARM_GCC_541\Debug\SPI_test.o
 .debug_line    0x00000d58       0xb6 .\CortexM3\ARM_GCC_541\Debug\Switch_test.o
 .debug_line    0x00000e0e       0x8a .\CortexM3\ARM_GCC_541\Debug\TempSensor_test.o
 .debug_line    0x00000e98      0x248 .\CortexM3\ARM_GCC_541\Debug\VDAC_test.o
 .debug_line    0x000010e0       0xb5 .\CortexM3\ARM_GCC_541\Debug\PumpCtrlUnitTest.o
 .debug_line    0x00001195       0x94 .\CortexM3\ARM_GCC_541\Debug\SwitchUnitTest.o
 .debug_line    0x00001229       0x68 .\CortexM3\ARM_GCC_541\Debug\TemperatureUnitTest.o
 .debug_line    0x00001291      0x201 .\CortexM3\ARM_GCC_541\Debug\cyfitter_cfg.o
 .debug_line    0x00001492      0x141 .\CortexM3\ARM_GCC_541\Debug\cymetadata.o
 .debug_line    0x000015d3      0x234 .\CortexM3\ARM_GCC_541\Debug\Cm3Start.o
 .debug_line    0x00001807      0x816 .\CortexM3\ARM_GCC_541\Debug\Microcontroller_coolingsystem.a(CyLib.o)
 .debug_line    0x0000201d      0x367 .\CortexM3\ARM_GCC_541\Debug\Microcontroller_coolingsystem.a(cyPm.o)
 .debug_line    0x00002384      0x247 .\CortexM3\ARM_GCC_541\Debug\Microcontroller_coolingsystem.a(SPIM_1.o)
 .debug_line    0x000025cb      0x17e .\CortexM3\ARM_GCC_541\Debug\Microcontroller_coolingsystem.a(SPIM_1_IntClock.o)
 .debug_line    0x00002749      0x2c0 .\CortexM3\ARM_GCC_541\Debug\Microcontroller_coolingsystem.a(UART_1.o)
 .debug_line    0x00002a09      0x138 .\CortexM3\ARM_GCC_541\Debug\Microcontroller_coolingsystem.a(isr_uart_rx.o)
 .debug_line    0x00002b41      0x17e .\CortexM3\ARM_GCC_541\Debug\Microcontroller_coolingsystem.a(UART_1_IntClock.o)
 .debug_line    0x00002cbf       0x8f .\CortexM3\ARM_GCC_541\Debug\Microcontroller_coolingsystem.a(SS.o)
 .debug_line    0x00002d4e       0x94 .\CortexM3\ARM_GCC_541\Debug\Microcontroller_coolingsystem.a(LED_pin.o)
 .debug_line    0x00002de2       0xa8 .\CortexM3\ARM_GCC_541\Debug\Microcontroller_coolingsystem.a(RTD_1.o)
 .debug_line    0x00002e8a      0x136 .\CortexM3\ARM_GCC_541\Debug\Microcontroller_coolingsystem.a(isr_clock.o)
 .debug_line    0x00002fc0      0x167 .\CortexM3\ARM_GCC_541\Debug\Microcontroller_coolingsystem.a(Temp_sample_counter.o)
 .debug_line    0x00003127       0x9a .\CortexM3\ARM_GCC_541\Debug\Microcontroller_coolingsystem.a(Switch_output.o)
 .debug_line    0x000031c1       0xbd .\CortexM3\ARM_GCC_541\Debug\Microcontroller_coolingsystem.a(Switch_input.o)
 .debug_line    0x0000327e      0x143 .\CortexM3\ARM_GCC_541\Debug\Microcontroller_coolingsystem.a(switch_input_interrupt.o)
 .debug_line    0x000033c1       0xd7 .\CortexM3\ARM_GCC_541\Debug\Microcontroller_coolingsystem.a(PGA_SpeedControl.o)
 .debug_line    0x00003498       0xef .\CortexM3\ARM_GCC_541\Debug\Microcontroller_coolingsystem.a(VDAC8_SpeedControl.o)
 .debug_line    0x00003587       0xeb .\CortexM3\ARM_GCC_541\Debug\Microcontroller_coolingsystem.a(VDAC8_Enabling.o)
 .debug_line    0x00003672      0x181 .\CortexM3\ARM_GCC_541\Debug\Microcontroller_coolingsystem.a(Clock_TempSampling.o)
 .debug_line    0x000037f3       0xec .\CortexM3\ARM_GCC_541\Debug\Microcontroller_coolingsystem.a(VDAC8_Direction.o)
 .debug_line    0x000038df       0x66 .\CortexM3\ARM_GCC_541\Debug\Microcontroller_coolingsystem.a(CyBootAsmGnu.o)
 .debug_line    0x00003945      0x21a .\CortexM3\ARM_GCC_541\Debug\Microcontroller_coolingsystem.a(CyFlash.o)
 .debug_line    0x00003b5f      0x260 .\CortexM3\ARM_GCC_541\Debug\Microcontroller_coolingsystem.a(CySpc.o)

.debug_frame    0x00000000     0x2d00
 *(.debug_frame)
 .debug_frame   0x00000000       0xbc .\CortexM3\ARM_GCC_541\Debug\SystemController.o
 .debug_frame   0x000000bc      0x1ac .\CortexM3\ARM_GCC_541\Debug\Amplifier.o
 .debug_frame   0x00000268       0xe8 .\CortexM3\ARM_GCC_541\Debug\PumpCtrl.o
 .debug_frame   0x00000350       0x84 .\CortexM3\ARM_GCC_541\Debug\Temperature.o
 .debug_frame   0x000003d4       0x80 .\CortexM3\ARM_GCC_541\Debug\switch.o
 .debug_frame   0x00000454       0x48 .\CortexM3\ARM_GCC_541\Debug\LED.o
 .debug_frame   0x0000049c       0x3c .\CortexM3\ARM_GCC_541\Debug\Regulation.o
 .debug_frame   0x000004d8       0x48 .\CortexM3\ARM_GCC_541\Debug\ClockCounter_test.o
 .debug_frame   0x00000520       0x20 .\CortexM3\ARM_GCC_541\Debug\SPI_test.o
 .debug_frame   0x00000540       0x48 .\CortexM3\ARM_GCC_541\Debug\Switch_test.o
 .debug_frame   0x00000588       0x2c .\CortexM3\ARM_GCC_541\Debug\TempSensor_test.o
 .debug_frame   0x000005b4       0x74 .\CortexM3\ARM_GCC_541\Debug\VDAC_test.o
 .debug_frame   0x00000628       0x80 .\CortexM3\ARM_GCC_541\Debug\PumpCtrlUnitTest.o
 .debug_frame   0x000006a8       0x48 .\CortexM3\ARM_GCC_541\Debug\SwitchUnitTest.o
 .debug_frame   0x000006f0       0x3c .\CortexM3\ARM_GCC_541\Debug\TemperatureUnitTest.o
 .debug_frame   0x0000072c       0xe4 .\CortexM3\ARM_GCC_541\Debug\cyfitter_cfg.o
 .debug_frame   0x00000810       0xb8 .\CortexM3\ARM_GCC_541\Debug\Cm3Start.o
 .debug_frame   0x000008c8      0x738 .\CortexM3\ARM_GCC_541\Debug\Microcontroller_coolingsystem.a(CyLib.o)
 .debug_frame   0x00001000      0x1f8 .\CortexM3\ARM_GCC_541\Debug\Microcontroller_coolingsystem.a(cyPm.o)
 .debug_frame   0x000011f8      0x1e8 .\CortexM3\ARM_GCC_541\Debug\Microcontroller_coolingsystem.a(SPIM_1.o)
 .debug_frame   0x000013e0       0xe0 .\CortexM3\ARM_GCC_541\Debug\Microcontroller_coolingsystem.a(SPIM_1_IntClock.o)
 .debug_frame   0x000014c0      0x250 .\CortexM3\ARM_GCC_541\Debug\Microcontroller_coolingsystem.a(UART_1.o)
 .debug_frame   0x00001710      0x104 .\CortexM3\ARM_GCC_541\Debug\Microcontroller_coolingsystem.a(isr_uart_rx.o)
 .debug_frame   0x00001814       0xe0 .\CortexM3\ARM_GCC_541\Debug\Microcontroller_coolingsystem.a(UART_1_IntClock.o)
 .debug_frame   0x000018f4       0x50 .\CortexM3\ARM_GCC_541\Debug\Microcontroller_coolingsystem.a(SS.o)
 .debug_frame   0x00001944       0x50 .\CortexM3\ARM_GCC_541\Debug\Microcontroller_coolingsystem.a(LED_pin.o)
 .debug_frame   0x00001994       0x5c .\CortexM3\ARM_GCC_541\Debug\Microcontroller_coolingsystem.a(RTD_1.o)
 .debug_frame   0x000019f0      0x104 .\CortexM3\ARM_GCC_541\Debug\Microcontroller_coolingsystem.a(isr_clock.o)
 .debug_frame   0x00001af4      0x104 .\CortexM3\ARM_GCC_541\Debug\Microcontroller_coolingsystem.a(Temp_sample_counter.o)
 .debug_frame   0x00001bf8       0x50 .\CortexM3\ARM_GCC_541\Debug\Microcontroller_coolingsystem.a(Switch_output.o)
 .debug_frame   0x00001c48       0x70 .\CortexM3\ARM_GCC_541\Debug\Microcontroller_coolingsystem.a(Switch_input.o)
 .debug_frame   0x00001cb8      0x104 .\CortexM3\ARM_GCC_541\Debug\Microcontroller_coolingsystem.a(switch_input_interrupt.o)
 .debug_frame   0x00001dbc       0x9c .\CortexM3\ARM_GCC_541\Debug\Microcontroller_coolingsystem.a(PGA_SpeedControl.o)
 .debug_frame   0x00001e58       0xb4 .\CortexM3\ARM_GCC_541\Debug\Microcontroller_coolingsystem.a(VDAC8_SpeedControl.o)
 .debug_frame   0x00001f0c       0xb4 .\CortexM3\ARM_GCC_541\Debug\Microcontroller_coolingsystem.a(VDAC8_Enabling.o)
 .debug_frame   0x00001fc0       0xe0 .\CortexM3\ARM_GCC_541\Debug\Microcontroller_coolingsystem.a(Clock_TempSampling.o)
 .debug_frame   0x000020a0       0xb4 .\CortexM3\ARM_GCC_541\Debug\Microcontroller_coolingsystem.a(VDAC8_Direction.o)
 .debug_frame   0x00002154      0x194 .\CortexM3\ARM_GCC_541\Debug\Microcontroller_coolingsystem.a(CyFlash.o)
 .debug_frame   0x000022e8      0x180 .\CortexM3\ARM_GCC_541\Debug\Microcontroller_coolingsystem.a(CySpc.o)
 .debug_frame   0x00002468       0x20 c:/program files (x86)/cypress/psoc creator/4.4/psoc creator/import/gnu/arm/5.4.1/bin/../lib/gcc/arm-none-eabi/5.4.1/../../../../arm-none-eabi/lib/armv7-m\libg_nano.a(lib_a-errno.o)
 .debug_frame   0x00002488       0x28 c:/program files (x86)/cypress/psoc creator/4.4/psoc creator/import/gnu/arm/5.4.1/bin/../lib/gcc/arm-none-eabi/5.4.1/../../../../arm-none-eabi/lib/armv7-m\libg_nano.a(lib_a-exit.o)
 .debug_frame   0x000024b0       0x2c c:/program files (x86)/cypress/psoc creator/4.4/psoc creator/import/gnu/arm/5.4.1/bin/../lib/gcc/arm-none-eabi/5.4.1/../../../../arm-none-eabi/lib/armv7-m\libg_nano.a(lib_a-init.o)
 .debug_frame   0x000024dc       0x28 c:/program files (x86)/cypress/psoc creator/4.4/psoc creator/import/gnu/arm/5.4.1/bin/../lib/gcc/arm-none-eabi/5.4.1/../../../../arm-none-eabi/lib/armv7-m\libg_nano.a(lib_a-memcpy-stub.o)
 .debug_frame   0x00002504       0x20 c:/program files (x86)/cypress/psoc creator/4.4/psoc creator/import/gnu/arm/5.4.1/bin/../lib/gcc/arm-none-eabi/5.4.1/../../../../arm-none-eabi/lib/armv7-m\libg_nano.a(lib_a-memset.o)
 .debug_frame   0x00002524       0x8c c:/program files (x86)/cypress/psoc creator/4.4/psoc creator/import/gnu/arm/5.4.1/bin/../lib/gcc/arm-none-eabi/5.4.1/../../../../arm-none-eabi/lib/armv7-m\libg_nano.a(lib_a-nano-vfprintf_float.o)
 .debug_frame   0x000025b0       0x60 c:/program files (x86)/cypress/psoc creator/4.4/psoc creator/import/gnu/arm/5.4.1/bin/../lib/gcc/arm-none-eabi/5.4.1/../../../../arm-none-eabi/lib/armv7-m\libg_nano.a(lib_a-nano-vfprintf_i.o)
 .debug_frame   0x00002610       0x74 c:/program files (x86)/cypress/psoc creator/4.4/psoc creator/import/gnu/arm/5.4.1/bin/../lib/gcc/arm-none-eabi/5.4.1/../../../../arm-none-eabi/lib/armv7-m\libg_nano.a(lib_a-snprintf.o)
 .debug_frame   0x00002684       0x70 c:/program files (x86)/cypress/psoc creator/4.4/psoc creator/import/gnu/arm/5.4.1/bin/../lib/gcc/arm-none-eabi/5.4.1/../../../../arm-none-eabi/lib/armv7-m\libg_nano.a(lib_a-sprintf.o)
 .debug_frame   0x000026f4       0x6c c:/program files (x86)/cypress/psoc creator/4.4/psoc creator/import/gnu/arm/5.4.1/bin/../lib/gcc/arm-none-eabi/5.4.1/../../../../arm-none-eabi/lib/armv7-m\libg_nano.a(lib_a-dtoa.o)
 .debug_frame   0x00002760       0x98 c:/program files (x86)/cypress/psoc creator/4.4/psoc creator/import/gnu/arm/5.4.1/bin/../lib/gcc/arm-none-eabi/5.4.1/../../../../arm-none-eabi/lib/armv7-m\libg_nano.a(lib_a-locale.o)
 .debug_frame   0x000027f8       0x30 c:/program files (x86)/cypress/psoc creator/4.4/psoc creator/import/gnu/arm/5.4.1/bin/../lib/gcc/arm-none-eabi/5.4.1/../../../../arm-none-eabi/lib/armv7-m\libg_nano.a(lib_a-malloc.o)
 .debug_frame   0x00002828       0x28 c:/program files (x86)/cypress/psoc creator/4.4/psoc creator/import/gnu/arm/5.4.1/bin/../lib/gcc/arm-none-eabi/5.4.1/../../../../arm-none-eabi/lib/armv7-m\libg_nano.a(lib_a-memchr-stub.o)
 .debug_frame   0x00002850      0x234 c:/program files (x86)/cypress/psoc creator/4.4/psoc creator/import/gnu/arm/5.4.1/bin/../lib/gcc/arm-none-eabi/5.4.1/../../../../arm-none-eabi/lib/armv7-m\libg_nano.a(lib_a-mprec.o)
 .debug_frame   0x00002a84       0x2c c:/program files (x86)/cypress/psoc creator/4.4/psoc creator/import/gnu/arm/5.4.1/bin/../lib/gcc/arm-none-eabi/5.4.1/../../../../arm-none-eabi/lib/armv7-m\libg_nano.a(lib_a-nano-callocr.o)
 .debug_frame   0x00002ab0       0x38 c:/program files (x86)/cypress/psoc creator/4.4/psoc creator/import/gnu/arm/5.4.1/bin/../lib/gcc/arm-none-eabi/5.4.1/../../../../arm-none-eabi/lib/armv7-m\libg_nano.a(lib_a-nano-freer.o)
 .debug_frame   0x00002ae8       0x2c c:/program files (x86)/cypress/psoc creator/4.4/psoc creator/import/gnu/arm/5.4.1/bin/../lib/gcc/arm-none-eabi/5.4.1/../../../../arm-none-eabi/lib/armv7-m\libg_nano.a(lib_a-nano-mallocr.o)
 .debug_frame   0x00002b14       0x90 c:/program files (x86)/cypress/psoc creator/4.4/psoc creator/import/gnu/arm/5.4.1/bin/../lib/gcc/arm-none-eabi/5.4.1/../../../../arm-none-eabi/lib/armv7-m\libg_nano.a(lib_a-nano-svfprintf.o)
 .debug_frame   0x00002ba4       0x2c c:/program files (x86)/cypress/psoc creator/4.4/psoc creator/import/gnu/arm/5.4.1/bin/../lib/gcc/arm-none-eabi/5.4.1/../../../../arm-none-eabi/lib/armv7-m\libg_nano.a(lib_a-sbrkr.o)
 .debug_frame   0x00002bd0       0x20 c:/program files (x86)/cypress/psoc creator/4.4/psoc creator/import/gnu/arm/5.4.1/bin/../lib/gcc/arm-none-eabi/5.4.1/../../../../arm-none-eabi/lib/armv7-m\libg_nano.a(lib_a-strcmp.o)
 .debug_frame   0x00002bf0       0x28 c:/program files (x86)/cypress/psoc creator/4.4/psoc creator/import/gnu/arm/5.4.1/bin/../lib/gcc/arm-none-eabi/5.4.1/../../../../arm-none-eabi/lib/armv7-m\libg_nano.a(lib_a-memmove.o)
 .debug_frame   0x00002c18       0x30 c:/program files (x86)/cypress/psoc creator/4.4/psoc creator/import/gnu/arm/5.4.1/bin/../lib/gcc/arm-none-eabi/5.4.1/../../../../arm-none-eabi/lib/armv7-m\libg_nano.a(lib_a-mlock.o)
 .debug_frame   0x00002c48       0x3c c:/program files (x86)/cypress/psoc creator/4.4/psoc creator/import/gnu/arm/5.4.1/bin/../lib/gcc/arm-none-eabi/5.4.1/../../../../arm-none-eabi/lib/armv7-m\libg_nano.a(lib_a-nano-reallocr.o)
 .debug_frame   0x00002c84       0x5c c:/program files (x86)/cypress/psoc creator/4.4/psoc creator/import/gnu/arm/5.4.1/bin/../lib/gcc/arm-none-eabi/5.4.1/../../../../arm-none-eabi/lib/armv7-m\libg_nano.a(lib_a-reent.o)
 .debug_frame   0x00002ce0       0x20 c:/program files (x86)/cypress/psoc creator/4.4/psoc creator/import/gnu/arm/5.4.1/bin/../lib/gcc/arm-none-eabi/5.4.1/../../../../arm-none-eabi/lib/armv7-m\libg_nano.a(lib_a-nano-msizer.o)

.debug_str      0x00000000     0x30e2
 *(.debug_str)
 .debug_str     0x00000000      0x3be .\CortexM3\ARM_GCC_541\Debug\SystemController.o
                                0x425 (size before relaxing)
 .debug_str     0x000003be      0x172 .\CortexM3\ARM_GCC_541\Debug\Amplifier.o
                                0x39d (size before relaxing)
 .debug_str     0x00000530      0x17e .\CortexM3\ARM_GCC_541\Debug\PumpCtrl.o
                                0x39f (size before relaxing)
 .debug_str     0x000006ae       0x7d .\CortexM3\ARM_GCC_541\Debug\Temperature.o
                                0x2a4 (size before relaxing)
 .debug_str     0x0000072b       0xb5 .\CortexM3\ARM_GCC_541\Debug\switch.o
                                0x2a0 (size before relaxing)
 .debug_str     0x000007e0       0x14 .\CortexM3\ARM_GCC_541\Debug\LED.o
                                0x1bf (size before relaxing)
 .debug_str     0x000007f4       0x36 .\CortexM3\ARM_GCC_541\Debug\Regulation.o
                                0x1e6 (size before relaxing)
 .debug_str     0x0000082a       0x41 .\CortexM3\ARM_GCC_541\Debug\ClockCounter_test.o
                                0x261 (size before relaxing)
 .debug_str     0x0000086b       0x15 .\CortexM3\ARM_GCC_541\Debug\SPI_test.o
                                0x1db (size before relaxing)
 .debug_str     0x00000880       0x33 .\CortexM3\ARM_GCC_541\Debug\Switch_test.o
                                0x24f (size before relaxing)
 .debug_str     0x000008b3       0xfb .\CortexM3\ARM_GCC_541\Debug\TempSensor_test.o
                                0x2ed (size before relaxing)
 .debug_str     0x000009ae       0xeb .\CortexM3\ARM_GCC_541\Debug\VDAC_test.o
                                0x2de (size before relaxing)
 .debug_str     0x00000a99       0x87 .\CortexM3\ARM_GCC_541\Debug\PumpCtrlUnitTest.o
                                0x26d (size before relaxing)
 .debug_str     0x00000b20       0x6c .\CortexM3\ARM_GCC_541\Debug\SwitchUnitTest.o
                                0x254 (size before relaxing)
 .debug_str     0x00000b8c       0x75 .\CortexM3\ARM_GCC_541\Debug\TemperatureUnitTest.o
                                0x233 (size before relaxing)
 .debug_str     0x00000c01      0x1a2 .\CortexM3\ARM_GCC_541\Debug\cyfitter_cfg.o
                                0x378 (size before relaxing)
 .debug_str     0x00000da3       0x75 .\CortexM3\ARM_GCC_541\Debug\cymetadata.o
                                0x218 (size before relaxing)
 .debug_str     0x00000e18      0x13e .\CortexM3\ARM_GCC_541\Debug\Cm3Start.o
                                0x33e (size before relaxing)
 .debug_str     0x00000f56      0x841 .\CortexM3\ARM_GCC_541\Debug\Microcontroller_coolingsystem.a(CyLib.o)
                                0xa7b (size before relaxing)
 .debug_str     0x00001797      0x365 .\CortexM3\ARM_GCC_541\Debug\Microcontroller_coolingsystem.a(cyPm.o)
                                0x767 (size before relaxing)
 .debug_str     0x00001afc      0x231 .\CortexM3\ARM_GCC_541\Debug\Microcontroller_coolingsystem.a(SPIM_1.o)
                                0x47c (size before relaxing)
 .debug_str     0x00001d2d      0x197 .\CortexM3\ARM_GCC_541\Debug\Microcontroller_coolingsystem.a(SPIM_1_IntClock.o)
                                0x382 (size before relaxing)
 .debug_str     0x00001ec4      0x252 .\CortexM3\ARM_GCC_541\Debug\Microcontroller_coolingsystem.a(UART_1.o)
                                0x4e7 (size before relaxing)