Archive member included to satisfy reference by file (symbol)

.\CortexM3\ARM_GCC_541\Debug\Microcontroller_coolingsystem.a(CyLib.o)
                              .\CortexM3\ARM_GCC_541\Debug\Cm3Start.o (CyHalt)
.\CortexM3\ARM_GCC_541\Debug\Microcontroller_coolingsystem.a(cyPm.o)
                              .\CortexM3\ARM_GCC_541\Debug\Microcontroller_coolingsystem.a(CyLib.o) (CyPmReadStatus)
.\CortexM3\ARM_GCC_541\Debug\Microcontroller_coolingsystem.a(SPIM_1.o)
                              .\CortexM3\ARM_GCC_541\Debug\Amplifier.o (SPIM_1_Stop)
.\CortexM3\ARM_GCC_541\Debug\Microcontroller_coolingsystem.a(SPIM_1_IntClock.o)
                              .\CortexM3\ARM_GCC_541\Debug\Microcontroller_coolingsystem.a(SPIM_1.o) (SPIM_1_IntClock_Start)
.\CortexM3\ARM_GCC_541\Debug\Microcontroller_coolingsystem.a(UART_1.o)
                              .\CortexM3\ARM_GCC_541\Debug\SystemController.o (UART_1_Start)
.\CortexM3\ARM_GCC_541\Debug\Microcontroller_coolingsystem.a(isr_uart_rx.o)
                              .\CortexM3\ARM_GCC_541\Debug\VDAC_test.o (isr_uart_rx_StartEx)
.\CortexM3\ARM_GCC_541\Debug\Microcontroller_coolingsystem.a(UART_1_IntClock.o)
                              .\CortexM3\ARM_GCC_541\Debug\Microcontroller_coolingsystem.a(UART_1.o) (UART_1_IntClock_Start)
.\CortexM3\ARM_GCC_541\Debug\Microcontroller_coolingsystem.a(SS.o)
                              .\CortexM3\ARM_GCC_541\Debug\Amplifier.o (SS_Write)
.\CortexM3\ARM_GCC_541\Debug\Microcontroller_coolingsystem.a(LED_pin.o)
                              .\CortexM3\ARM_GCC_541\Debug\LED.o (LED_pin_Write)
.\CortexM3\ARM_GCC_541\Debug\Microcontroller_coolingsystem.a(RTD_1.o)
                              .\CortexM3\ARM_GCC_541\Debug\Temperature.o (RTD_1_GetTemperature)
.\CortexM3\ARM_GCC_541\Debug\Microcontroller_coolingsystem.a(isr_clock.o)
                              .\CortexM3\ARM_GCC_541\Debug\SystemController.o (isr_clock_Disable)
.\CortexM3\ARM_GCC_541\Debug\Microcontroller_coolingsystem.a(Temp_sample_counter.o)
                              .\CortexM3\ARM_GCC_541\Debug\SystemController.o (Temp_sample_counter_Stop)
.\CortexM3\ARM_GCC_541\Debug\Microcontroller_coolingsystem.a(Switch_output.o)
                              .\CortexM3\ARM_GCC_541\Debug\switch.o (Switch_output_Write)
.\CortexM3\ARM_GCC_541\Debug\Microcontroller_coolingsystem.a(Switch_input.o)
                              .\CortexM3\ARM_GCC_541\Debug\switch.o (Switch_input_Read)
.\CortexM3\ARM_GCC_541\Debug\Microcontroller_coolingsystem.a(switch_input_interrupt.o)
                              .\CortexM3\ARM_GCC_541\Debug\switch.o (switch_input_interrupt_StartEx)
.\CortexM3\ARM_GCC_541\Debug\Microcontroller_coolingsystem.a(PGA_SpeedControl.o)
                              .\CortexM3\ARM_GCC_541\Debug\PumpCtrl.o (PGA_SpeedControl_Stop)
.\CortexM3\ARM_GCC_541\Debug\Microcontroller_coolingsystem.a(VDAC8_SpeedControl.o)
                              .\CortexM3\ARM_GCC_541\Debug\PumpCtrl.o (VDAC8_SpeedControl_Stop)
.\CortexM3\ARM_GCC_541\Debug\Microcontroller_coolingsystem.a(VDAC8_Enabling.o)
                              .\CortexM3\ARM_GCC_541\Debug\PumpCtrl.o (VDAC8_Enabling_SetValue)
.\CortexM3\ARM_GCC_541\Debug\Microcontroller_coolingsystem.a(Clock_TempSampling.o)
                              .\CortexM3\ARM_GCC_541\Debug\SystemController.o (Clock_TempSampling_Start)
.\CortexM3\ARM_GCC_541\Debug\Microcontroller_coolingsystem.a(CyBootAsmGnu.o)
                              .\CortexM3\ARM_GCC_541\Debug\cyfitter_cfg.o (CyDelayCycles)
.\CortexM3\ARM_GCC_541\Debug\Microcontroller_coolingsystem.a(CyFlash.o)
                              .\CortexM3\ARM_GCC_541\Debug\Microcontroller_coolingsystem.a(cyPm.o) (CyFlash_SetWaitCycles)
.\CortexM3\ARM_GCC_541\Debug\Microcontroller_coolingsystem.a(CySpc.o)
                              .\CortexM3\ARM_GCC_541\Debug\Microcontroller_coolingsystem.a(CyFlash.o) (CySpcStart)
c:/program files (x86)/cypress/psoc creator/4.4/psoc creator/import/gnu/arm/5.4.1/bin/../lib/gcc/arm-none-eabi/5.4.1/armv7-m\libgcc.a(_arm_addsubdf3.o)
                              .\CortexM3\ARM_GCC_541\Debug\Temperature.o (__aeabi_i2d)
c:/program files (x86)/cypress/psoc creator/4.4/psoc creator/import/gnu/arm/5.4.1/bin/../lib/gcc/arm-none-eabi/5.4.1/armv7-m\libgcc.a(_arm_muldivdf3.o)
                              .\CortexM3\ARM_GCC_541\Debug\Temperature.o (__aeabi_dmul)
c:/program files (x86)/cypress/psoc creator/4.4/psoc creator/import/gnu/arm/5.4.1/bin/../lib/gcc/arm-none-eabi/5.4.1/armv7-m\libgcc.a(_arm_truncdfsf2.o)
                              .\CortexM3\ARM_GCC_541\Debug\Temperature.o (__aeabi_d2f)
c:/program files (x86)/cypress/psoc creator/4.4/psoc creator/import/gnu/arm/5.4.1/bin/../lib/gcc/arm-none-eabi/5.4.1/armv7-m\libgcc.a(_arm_addsubsf3.o)
                              .\CortexM3\ARM_GCC_541\Debug\VDAC_test.o (__aeabi_fadd)
[...]
Memory Configuration

Name             Origin             Length             Attributes
rom              0x00000000         0x00040000         xr
ram              0x1fff8000         0x00010000         xrw
*default*        0x00000000         0xffffffff

Linker script and memory map

LOAD c:/program files (x86)/cypress/psoc creator/4.4/psoc creator/import/gnu/arm/5.4.1/bin/../lib/gcc/arm-none-eabi/5.4.1/armv7-m/crti.o
LOAD c:/program files (x86)/cypress/psoc creator/4.4/psoc creator/import/gnu/arm/5.4.1/bin/../lib/gcc/arm-none-eabi/5.4.1/armv7-m/crtbegin.o
LOAD c:/program files (x86)/cypress/psoc creator/4.4/psoc creator/import/gnu/arm/5.4.1/bin/../lib/gcc/arm-none-eabi/5.4.1/../../../../arm-none-eabi/lib/armv7-m/crt0.o
START GROUP
LOAD .\CortexM3\ARM_GCC_541\Debug\SystemController.o
LOAD .\CortexM3\ARM_GCC_541\Debug\Amplifier.o
LOAD .\CortexM3\ARM_GCC_541\Debug\PumpCtrl.o
LOAD .\CortexM3\ARM_GCC_541\Debug\Temperature.o
LOAD .\CortexM3\ARM_GCC_541\Debug\switch.o
LOAD .\CortexM3\ARM_GCC_541\Debug\LED.o
LOAD .\CortexM3\ARM_GCC_541\Debug\ClockCounter_test.o
LOAD .\CortexM3\ARM_GCC_541\Debug\SPI_test.o
LOAD .\CortexM3\ARM_GCC_541\Debug\Switch_test.o
LOAD .\CortexM3\ARM_GCC_541\Debug\TempSensor_test.o
LOAD .\CortexM3\ARM_GCC_541\Debug\VDAC_test.o
LOAD .\CortexM3\ARM_GCC_541\Debug\PumpCtrlUnitTest.o
LOAD .\CortexM3\ARM_GCC_541\Debug\SwitchUnitTest.o
LOAD .\CortexM3\ARM_GCC_541\Debug\TemperatureUnitTest.o
LOAD .\CortexM3\ARM_GCC_541\Debug\cyfitter_cfg.o
LOAD .\CortexM3\ARM_GCC_541\Debug\cymetadata.o
LOAD .\CortexM3\ARM_GCC_541\Debug\Cm3Start.o
LOAD .\CortexM3\ARM_GCC_541\Debug\Microcontroller_coolingsystem.a
LOAD C:\Program Files (x86)\Cypress\PSoC Creator\4.4\PSoC Creator\psoc\content\cycomponentlibrary\CyComponentLibrary.cylib\CortexM3\ARM_GCC_541\Debug\CyComponentLibrary.a
END GROUP
START GROUP
LOAD c:/program files (x86)/cypress/psoc creator/4.4/psoc creator/import/gnu/arm/5.4.1/bin/../lib/gcc/arm-none-eabi/5.4.1/armv7-m\libgcc.a
LOAD c:/program files (x86)/cypress/psoc creator/4.4/psoc creator/import/gnu/arm/5.4.1/bin/../lib/gcc/arm-none-eabi/5.4.1/../../../../arm-none-eabi/lib/armv7-m\libg_nano.a
LOAD c:/program files (x86)/cypress/psoc creator/4.4/psoc creator/import/gnu/arm/5.4.1/bin/../lib/gcc/arm-none-eabi/5.4.1/../../../../arm-none-eabi/lib/armv7-m\libc_nano.a
END GROUP
START GROUP
LOAD c:/program files (x86)/cypress/psoc creator/4.4/psoc creator/import/gnu/arm/5.4.1/bin/../lib/gcc/arm-none-eabi/5.4.1/armv7-m\libgcc.a
LOAD c:/program files (x86)/cypress/psoc creator/4.4/psoc creator/import/gnu/arm/5.4.1/bin/../lib/gcc/arm-none-eabi/5.4.1/../../../../arm-none-eabi/lib/armv7-m\libc_nano.a
END GROUP
LOAD c:/program files (x86)/cypress/psoc creator/4.4/psoc creator/import/gnu/arm/5.4.1/bin/../lib/gcc/arm-none-eabi/5.4.1/armv7-m/crtend.o
LOAD c:/program files (x86)/cypress/psoc creator/4.4/psoc creator/import/gnu/arm/5.4.1/bin/../lib/gcc/arm-none-eabi/5.4.1/armv7-m/crtn.o
START GROUP
LOAD c:/program files (x86)/cypress/psoc creator/4.4/psoc creator/import/gnu/arm/5.4.1/bin/../lib/gcc/arm-none-eabi/5.4.1/armv7-m\libgcc.a
LOAD c:/program files (x86)/cypress/psoc creator/4.4/psoc creator/import/gnu/arm/5.4.1/bin/../lib/gcc/arm-none-eabi/5.4.1/../../../../arm-none-eabi/lib/armv7-m\libc.a
LOAD c:/program files (x86)/cypress/psoc creator/4.4/psoc creator/import/gnu/arm/5.4.1/bin/../lib/gcc/arm-none-eabi/5.4.1/../../../../arm-none-eabi/lib/armv7-m\libnosys.a
END GROUP
                0x00000000                CY_APPL_ORIGIN = 0x0
                0x00000100                CY_FLASH_ROW_SIZE = 0x100
                0x00000020                CY_ECC_ROW_SIZE = 0x20
                0x00000000                CY_EE_IN_BTLDR = 0x0
                0x00000000                CY_APPL_LOADABLE = 0x0
                0x00000800                CY_EE_SIZE = 0x800
                0x00000001                CY_APPL_NUM = 0x1
                0x00000001                CY_APPL_MAX = 0x1
                0x00000040                CY_METADATA_SIZE = 0x40
                0x00000000                CY_APPL_LOADABLE = 0x0
                0x00000000                CY_CHECKSUM_EXCLUDE_SIZE = ALIGN (0x0, CY_FLASH_ROW_SIZE)
                [!provide]                PROVIDE (__cy_heap_start, _end)
                0x00000001                PROVIDE (__cy_region_num, ((__cy_regions_end - __cy_regions) / 0x10))
                0x20008000                PROVIDE (__cy_stack, (ORIGIN (ram) + LENGTH (ram)))
                [!provide]                PROVIDE (__cy_heap_end, (__cy_stack - 0x800))

.cybootloader   0x00000000        0x0
 *(.cybootloader)
                0x00000000                appl1_start = CY_APPL_ORIGIN?CY_APPL_ORIGIN:ALIGN (CY_FLASH_ROW_SIZE)
                0x0001ff00                appl2_start = (appl1_start + ALIGN ((((LENGTH (rom) - appl1_start) - (0x2 * CY_FLASH_ROW_SIZE)) / 0x2), CY_FLASH_ROW_SIZE))
                0x00000000                appl_start = (CY_APPL_NUM == 0x1)?appl1_start:appl2_start
                0x00000000                ecc_offset = ((appl_start / CY_FLASH_ROW_SIZE) * CY_ECC_ROW_SIZE)
                0x00000000                ee_offset = (CY_APPL_LOADABLE && ! (CY_EE_IN_BTLDR))?((CY_EE_SIZE / CY_APPL_MAX) * (CY_APPL_NUM - 0x1)):0x0
                0x00000800                ee_size = (CY_APPL_LOADABLE && ! (CY_EE_IN_BTLDR))?(CY_EE_SIZE / CY_APPL_MAX):CY_EE_SIZE
                [!provide]                PROVIDE (CY_ECC_OFFSET, ecc_offset)

.text           0x00000000     0x409c
 CREATE_OBJECT_SYMBOLS
                0x00000000                PROVIDE (__cy_interrupt_vector, RomVectors)
 *(.romvectors)
 .romvectors    0x00000000       0x10 .\CortexM3\ARM_GCC_541\Debug\Cm3Start.o
                0x00000000                RomVectors
                0x00000001                ASSERT ((. != __cy_interrupt_vector), No interrupt vector)
                0x00000001                ASSERT (CY_APPL_ORIGIN?(SIZEOF (.cybootloader) <= CY_APPL_ORIGIN):0x1, Wrong image location)
                0x00000010                PROVIDE (__cy_reset, Reset)
 *(.text.Reset)
 .text.Reset    0x00000010       0x18 .\CortexM3\ARM_GCC_541\Debug\Cm3Start.o
                0x00000010                Reset
                0x00000001                ASSERT ((. != __cy_reset), No reset code)
 *(.dma_init)
                0x00000001                ASSERT ((((appl_start + .) <= 0x10000) || 0x1), DMA Init must be within the first 64k of flash)
 *(.text .text.* .gnu.linkonce.t.*)
 .text          0x00000028       0x5c c:/program files (x86)/cypress/psoc creator/4.4/psoc creator/import/gnu/arm/5.4.1/bin/../lib/gcc/arm-none-eabi/5.4.1/armv7-m/crtbegin.o
 .text.ISR_CLOCK_handler
                0x00000084       0x3c .\CortexM3\ARM_GCC_541\Debug\SystemController.o
                0x00000084                ISR_CLOCK_handler
 .text.System_Setup
                0x000000c0       0x38 .\CortexM3\ARM_GCC_541\Debug\SystemController.o
                0x000000c0                System_Setup
 .text.main     0x000000f8        0x8 .\CortexM3\ARM_GCC_541\Debug\SystemController.o
                0x000000f8                main
 .text.System_On
                0x00000100       0x28 .\CortexM3\ARM_GCC_541\Debug\SystemController.o
                0x00000100                System_On
 .text.System_Off
                0x00000128       0x1c .\CortexM3\ARM_GCC_541\Debug\SystemController.o
                0x00000128                System_Off
 .text.System_newState
                0x00000144       0x18 .\CortexM3\ARM_GCC_541\Debug\SystemController.o
                0x00000144                System_newState
 .text.Conc_RTDdata
                0x0000015c       0x10 .\CortexM3\ARM_GCC_541\Debug\Amplifier.o
                0x0000015c                Conc_RTDdata
 .text.SPI_Setup
                0x0000016c        0x8 .\CortexM3\ARM_GCC_541\Debug\Amplifier.o
                0x0000016c                SPI_Setup
 .text.ReadByteFromAdress
                0x00000174       0x3c .\CortexM3\ARM_GCC_541\Debug\Amplifier.o
                0x00000174                ReadByteFromAdress
 .text.GetRtdRatio
                0x000001b0       0x1c .\CortexM3\ARM_GCC_541\Debug\Amplifier.o
                0x000001b0                GetRtdRatio
 .text.WriteByteToAdress
                0x000001cc       0x38 .\CortexM3\ARM_GCC_541\Debug\Amplifier.o
                0x000001cc                WriteByteToAdress
 .text.Set_WireSetup
                0x00000204       0x38 .\CortexM3\ARM_GCC_541\Debug\Amplifier.o
                0x00000204                Set_WireSetup
 .text.Set_FilterSetup
                0x0000023c       0x38 .\CortexM3\ARM_GCC_541\Debug\Amplifier.o
                0x0000023c                Set_FilterSetup
 .text.Set_ConverionMode
                0x00000274       0x38 .\CortexM3\ARM_GCC_541\Debug\Amplifier.o
                0x00000274                Set_ConverionMode
 .text.Set_VBIAS
                0x000002ac       0x38 .\CortexM3\ARM_GCC_541\Debug\Amplifier.o
                0x000002ac                Set_VBIAS
 .text.Amplifier_Shutdown
                0x000002e4       0x14 .\CortexM3\ARM_GCC_541\Debug\Amplifier.o
                0x000002e4                Amplifier_Shutdown
 .text.Clear_Fault
                0x000002f8       0x20 .\CortexM3\ARM_GCC_541\Debug\Amplifier.o
                0x000002f8                Clear_Fault
 .text.Amplifier_Startup
                0x00000318       0x18 .\CortexM3\ARM_GCC_541\Debug\Amplifier.o
                0x00000318                Amplifier_Startup
 .text.Reset_amplifier_ref
                0x00000330        0xc .\CortexM3\ARM_GCC_541\Debug\Amplifier.o
                0x00000330                Reset_amplifier_ref
 .text.MAX31865_Setup
                0x0000033c       0x20 .\CortexM3\ARM_GCC_541\Debug\Amplifier.o
                0x0000033c                MAX31865_Setup
 .text.Amplifier_Setup
                0x0000035c        0xc .\CortexM3\ARM_GCC_541\Debug\Amplifier.o
                0x0000035c                Amplifier_Setup
 .text.Pump_Start
                0x00000368        0xc .\CortexM3\ARM_GCC_541\Debug\PumpCtrl.o
                0x00000368                Pump_Start
 .text.Pump_Stop
                0x00000374       0x14 .\CortexM3\ARM_GCC_541\Debug\PumpCtrl.o
                0x00000374                Pump_Stop
 .text.Pump_Setup
                0x00000388       0x1c .\CortexM3\ARM_GCC_541\Debug\PumpCtrl.o
                0x00000388                Pump_Setup
 .text.Pump_Shutdown
                0x000003a4       0x18 .\CortexM3\ARM_GCC_541\Debug\PumpCtrl.o
                0x000003a4                Pump_Shutdown
 .text.SetConstSpeed
                0x000003bc       0x1c .\CortexM3\ARM_GCC_541\Debug\PumpCtrl.o
                0x000003bc                SetConstSpeed
 .text.Pump_Startup
                0x000003d8       0x24 .\CortexM3\ARM_GCC_541\Debug\PumpCtrl.o
                0x000003d8                Pump_Startup
 .text.Temperature_Setup
                0x000003fc       0x14 .\CortexM3\ARM_GCC_541\Debug\Temperature.o
                0x000003fc                Temperature_Setup
 .text.GetTemperature
                0x00000410        0xc .\CortexM3\ARM_GCC_541\Debug\Temperature.o
                0x00000410                GetTemperature
 .text.calc_RTD_value
                0x0000041c       0x30 .\CortexM3\ARM_GCC_541\Debug\Temperature.o
                0x0000041c                calc_RTD_value
 .text.calc_temp
                0x0000044c       0x2c .\CortexM3\ARM_GCC_541\Debug\Temperature.o
                0x0000044c                calc_temp
 .text.SetTemperature
                0x00000478        0x8 .\CortexM3\ARM_GCC_541\Debug\Temperature.o
                0x00000478                SetTemperature
 .text.switch_newState
                0x00000480       0x4c .\CortexM3\ARM_GCC_541\Debug\switch.o
                0x00000480                switch_newState
 .text.Switch_Startup
                0x000004cc       0x14 .\CortexM3\ARM_GCC_541\Debug\switch.o
                0x000004cc                Switch_Startup
 .text.Switch_Setup
                0x000004e0       0x1c .\CortexM3\ARM_GCC_541\Debug\switch.o
                0x000004e0                Switch_Setup
 .text.Turn_ON  0x000004fc        0xc .\CortexM3\ARM_GCC_541\Debug\LED.o
                0x000004fc                Turn_ON
 .text.Turn_OFF
                0x00000508        0xc .\CortexM3\ARM_GCC_541\Debug\LED.o
                0x00000508                Turn_OFF
 .text.CyClockStartupError
                0x00000514        0x4 .\CortexM3\ARM_GCC_541\Debug\cyfitter_cfg.o
 .text.cfg_write_bytes32
                0x00000518       0x34 .\CortexM3\ARM_GCC_541\Debug\cyfitter_cfg.o
 .text.AnalogSetDefault
                0x0000054c       0x54 .\CortexM3\ARM_GCC_541\Debug\cyfitter_cfg.o
 .text.CYMEMZERO
                0x000005a0        0xc .\CortexM3\ARM_GCC_541\Debug\cyfitter_cfg.o
 .text.ClockSetup
                0x000005ac       0xd4 .\CortexM3\ARM_GCC_541\Debug\cyfitter_cfg.o
 .text.CYCONFIGCPY
                0x00000680        0x8 .\CortexM3\ARM_GCC_541\Debug\cyfitter_cfg.o
 .text.cyfitter_cfg
                0x00000688      0x134 .\CortexM3\ARM_GCC_541\Debug\cyfitter_cfg.o
                0x00000688                cyfitter_cfg
 .text.IntDefaultHandler
                0x000007bc       0x10 .\CortexM3\ARM_GCC_541\Debug\Cm3Start.o
                0x000007bc                IntDefaultHandler
 .text._sbrk    0x000007cc       0x30 .\CortexM3\ARM_GCC_541\Debug\Cm3Start.o
                0x000007cc                _sbrk
 .text.Start_c  0x000007fc       0x4c .\CortexM3\ARM_GCC_541\Debug\Cm3Start.o
                0x000007fc                Start_c
 .text.initialize_psoc
                0x00000848       0x68 .\CortexM3\ARM_GCC_541\Debug\Cm3Start.o
                0x00000848                initialize_psoc
 .text.CyHalt   0x000008b0        0x4 .\CortexM3\ARM_GCC_541\Debug\Microcontroller_coolingsystem.a(CyLib.o)
                0x000008b0                CyHalt
 .text.CyDelay  0x000008b4       0x2c .\CortexM3\ARM_GCC_541\Debug\Microcontroller_coolingsystem.a(CyLib.o)
                0x000008b4                CyDelay
 .text.SPIM_1_Enable
                0x000008e0       0x34 .\CortexM3\ARM_GCC_541\Debug\Microcontroller_coolingsystem.a(SPIM_1.o)
                0x000008e0                SPIM_1_Enable
 .text.SPIM_1_Stop
                0x00000914       0x28 .\CortexM3\ARM_GCC_541\Debug\Microcontroller_coolingsystem.a(SPIM_1.o)
                0x00000914                SPIM_1_Stop
 .text.SPIM_1_ReadTxStatus
                0x0000093c        0xc .\CortexM3\ARM_GCC_541\Debug\Microcontroller_coolingsystem.a(SPIM_1.o)
                0x0000093c                SPIM_1_ReadTxStatus
 .text.SPIM_1_ReadRxStatus
                0x00000948        0xc .\CortexM3\ARM_GCC_541\Debug\Microcontroller_coolingsystem.a(SPIM_1.o)
                0x00000948                SPIM_1_ReadRxStatus
 .text.SPIM_1_WriteTxData
                0x00000954       0x18 .\CortexM3\ARM_GCC_541\Debug\Microcontroller_coolingsystem.a(SPIM_1.o)
                0x00000954                SPIM_1_WriteTxData
 .text.SPIM_1_ReadRxData
                0x0000096c        0xc .\CortexM3\ARM_GCC_541\Debug\Microcontroller_coolingsystem.a(SPIM_1.o)
                0x0000096c                SPIM_1_ReadRxData
 .text.SPIM_1_ClearFIFO
                0x00000978       0x3c .\CortexM3\ARM_GCC_541\Debug\Microcontroller_coolingsystem.a(SPIM_1.o)
                0x00000978                SPIM_1_ClearFIFO
 .text.SPIM_1_Init
                0x000009b4       0x28 .\CortexM3\ARM_GCC_541\Debug\Microcontroller_coolingsystem.a(SPIM_1.o)
                0x000009b4                SPIM_1_Init
 .text.SPIM_1_Start
                0x000009dc       0x1c .\CortexM3\ARM_GCC_541\Debug\Microcontroller_coolingsystem.a(SPIM_1.o)
                0x000009dc                SPIM_1_Start
 .text.SPIM_1_IntClock_Start
                0x000009f8       0x1c .\CortexM3\ARM_GCC_541\Debug\Microcontroller_coolingsystem.a(SPIM_1_IntClock.o)
                0x000009f8                SPIM_1_IntClock_Start
 .text.SPIM_1_IntClock_Stop
                0x00000a14       0x1c .\CortexM3\ARM_GCC_541\Debug\Microcontroller_coolingsystem.a(SPIM_1_IntClock.o)
                0x00000a14                SPIM_1_IntClock_Stop
 .text.UART_1_Init
                0x00000a30       0x24 .\CortexM3\ARM_GCC_541\Debug\Microcontroller_coolingsystem.a(UART_1.o)
                0x00000a30                UART_1_Init
 .text.UART_1_Enable
                0x00000a54       0x38 .\CortexM3\ARM_GCC_541\Debug\Microcontroller_coolingsystem.a(UART_1.o)
                0x00000a54                UART_1_Enable
 .text.UART_1_Start
                0x00000a8c       0x1c .\CortexM3\ARM_GCC_541\Debug\Microcontroller_coolingsystem.a(UART_1.o)
                0x00000a8c                UART_1_Start
 .text.UART_1_PutChar
                0x00000aa8       0x18 .\CortexM3\ARM_GCC_541\Debug\Microcontroller_coolingsystem.a(UART_1.o)
                0x00000aa8                UART_1_PutChar
 .text.UART_1_PutString
                0x00000ac0       0x24 .\CortexM3\ARM_GCC_541\Debug\Microcontroller_coolingsystem.a(UART_1.o)
                0x00000ac0                UART_1_PutString
 .text.UART_1_IntClock_Start
                0x00000ae4       0x1c .\CortexM3\ARM_GCC_541\Debug\Microcontroller_coolingsystem.a(UART_1_IntClock.o)
                0x00000ae4                UART_1_IntClock_Start
 .text.SS_Write
                0x00000b00       0x18 .\CortexM3\ARM_GCC_541\Debug\Microcontroller_coolingsystem.a(SS.o)
                0x00000b00                SS_Write
 .text.LED_pin_Write
                0x00000b18       0x18 .\CortexM3\ARM_GCC_541\Debug\Microcontroller_coolingsystem.a(LED_pin.o)
                0x00000b18                LED_pin_Write
 .text.RTD_1_MultShift24
                0x00000b30       0x30 .\CortexM3\ARM_GCC_541\Debug\Microcontroller_coolingsystem.a(RTD_1.o)
                0x00000b30                RTD_1_MultShift24
 .text.RTD_1_GetTemperature
                0x00000b60       0xa0 .\CortexM3\ARM_GCC_541\Debug\Microcontroller_coolingsystem.a(RTD_1.o)
                0x00000b60                RTD_1_GetTemperature
 .text.isr_clock_SetVector
                0x00000c00       0x10 .\CortexM3\ARM_GCC_541\Debug\Microcontroller_coolingsystem.a(isr_clock.o)
                0x00000c00                isr_clock_SetVector
 .text.isr_clock_SetPriority
                0x00000c10       0x10 .\CortexM3\ARM_GCC_541\Debug\Microcontroller_coolingsystem.a(isr_clock.o)
                0x00000c10                isr_clock_SetPriority
 .text.isr_clock_Enable
                0x00000c20       0x10 .\CortexM3\ARM_GCC_541\Debug\Microcontroller_coolingsystem.a(isr_clock.o)
                0x00000c20                isr_clock_Enable
 .text.isr_clock_Disable
                0x00000c30       0x10 .\CortexM3\ARM_GCC_541\Debug\Microcontroller_coolingsystem.a(isr_clock.o)
                0x00000c30                isr_clock_Disable
 .text.isr_clock_StartEx
                0x00000c40       0x1c .\CortexM3\ARM_GCC_541\Debug\Microcontroller_coolingsystem.a(isr_clock.o)
                0x00000c40                isr_clock_StartEx
 .text.Temp_sample_counter_Enable
                0x00000c5c       0x28 .\CortexM3\ARM_GCC_541\Debug\Microcontroller_coolingsystem.a(Temp_sample_counter.o)
                0x00000c5c                Temp_sample_counter_Enable
 .text.Temp_sample_counter_Stop
                0x00000c84       0x28 .\CortexM3\ARM_GCC_541\Debug\Microcontroller_coolingsystem.a(Temp_sample_counter.o)
                0x00000c84                Temp_sample_counter_Stop
 .text.Temp_sample_counter_SetInterruptMode
                0x00000cac        0xc .\CortexM3\ARM_GCC_541\Debug\Microcontroller_coolingsystem.a(Temp_sample_counter.o)
                0x00000cac                Temp_sample_counter_SetInterruptMode
 .text.Temp_sample_counter_ReadStatusRegister
                0x00000cb8        0xc .\CortexM3\ARM_GCC_541\Debug\Microcontroller_coolingsystem.a(Temp_sample_counter.o)
                0x00000cb8                Temp_sample_counter_ReadStatusRegister
 .text.Temp_sample_counter_WriteCounter
                0x00000cc4       0x34 .\CortexM3\ARM_GCC_541\Debug\Microcontroller_coolingsystem.a(Temp_sample_counter.o)
                0x00000cc4                Temp_sample_counter_WriteCounter
 .text.Temp_sample_counter_WritePeriod
                0x00000cf8        0xc .\CortexM3\ARM_GCC_541\Debug\Microcontroller_coolingsystem.a(Temp_sample_counter.o)
                0x00000cf8                Temp_sample_counter_WritePeriod
 .text.Temp_sample_counter_Init
                0x00000d04       0x60 .\CortexM3\ARM_GCC_541\Debug\Microcontroller_coolingsystem.a(Temp_sample_counter.o)
                0x00000d04                Temp_sample_counter_Init
 .text.Temp_sample_counter_Start
                0x00000d64       0x1c .\CortexM3\ARM_GCC_541\Debug\Microcontroller_coolingsystem.a(Temp_sample_counter.o)
                0x00000d64                Temp_sample_counter_Start
 .text.Switch_output_Write
                0x00000d80       0x18 .\CortexM3\ARM_GCC_541\Debug\Microcontroller_coolingsystem.a(Switch_output.o)
                0x00000d80                Switch_output_Write
 .text.Switch_input_Read
                0x00000d98       0x10 .\CortexM3\ARM_GCC_541\Debug\Microcontroller_coolingsystem.a(Switch_input.o)
                0x00000d98                Switch_input_Read
 .text.Switch_input_ClearInterrupt
                0x00000da8       0x10 .\CortexM3\ARM_GCC_541\Debug\Microcontroller_coolingsystem.a(Switch_input.o)
                0x00000da8                Switch_input_ClearInterrupt
 .text.switch_input_interrupt_SetVector
                0x00000db8        0xc .\CortexM3\ARM_GCC_541\Debug\Microcontroller_coolingsystem.a(switch_input_interrupt.o)
                0x00000db8                switch_input_interrupt_SetVector
 .text.switch_input_interrupt_SetPriority
                0x00000dc4       0x10 .\CortexM3\ARM_GCC_541\Debug\Microcontroller_coolingsystem.a(switch_input_interrupt.o)
                0x00000dc4                switch_input_interrupt_SetPriority
 .text.switch_input_interrupt_Enable
                0x00000dd4        0xc .\CortexM3\ARM_GCC_541\Debug\Microcontroller_coolingsystem.a(switch_input_interrupt.o)
                0x00000dd4                switch_input_interrupt_Enable
 .text.switch_input_interrupt_Disable
                0x00000de0        0xc .\CortexM3\ARM_GCC_541\Debug\Microcontroller_coolingsystem.a(switch_input_interrupt.o)
                0x00000de0                switch_input_interrupt_Disable
 .text.switch_input_interrupt_StartEx
                0x00000dec       0x1c .\CortexM3\ARM_GCC_541\Debug\Microcontroller_coolingsystem.a(switch_input_interrupt.o)
                0x00000dec                switch_input_interrupt_StartEx
 .text.PGA_SpeedControl_Enable
                0x00000e08       0x28 .\CortexM3\ARM_GCC_541\Debug\Microcontroller_coolingsystem.a(PGA_SpeedControl.o)
                0x00000e08                PGA_SpeedControl_Enable
 .text.PGA_SpeedControl_Stop
                0x00000e30       0x1c .\CortexM3\ARM_GCC_541\Debug\Microcontroller_coolingsystem.a(PGA_SpeedControl.o)
                0x00000e30                PGA_SpeedControl_Stop
 .text.PGA_SpeedControl_SetPower
                0x00000e4c       0x18 .\CortexM3\ARM_GCC_541\Debug\Microcontroller_coolingsystem.a(PGA_SpeedControl.o)
                0x00000e4c                PGA_SpeedControl_SetPower
 .text.PGA_SpeedControl_SetGain
                0x00000e64       0x78 .\CortexM3\ARM_GCC_541\Debug\Microcontroller_coolingsystem.a(PGA_SpeedControl.o)
                0x00000e64                PGA_SpeedControl_SetGain
 .text.PGA_SpeedControl_Init
                0x00000edc       0x34 .\CortexM3\ARM_GCC_541\Debug\Microcontroller_coolingsystem.a(PGA_SpeedControl.o)
                0x00000edc                PGA_SpeedControl_Init
 .text.PGA_SpeedControl_Start
                0x00000f10       0x1c .\CortexM3\ARM_GCC_541\Debug\Microcontroller_coolingsystem.a(PGA_SpeedControl.o)
                0x00000f10                PGA_SpeedControl_Start
 .text.VDAC8_SpeedControl_Enable
                0x00000f2c       0x1c .\CortexM3\ARM_GCC_541\Debug\Microcontroller_coolingsystem.a(VDAC8_SpeedControl.o)
                0x00000f2c                VDAC8_SpeedControl_Enable
 .text.VDAC8_SpeedControl_Stop
                0x00000f48       0x1c .\CortexM3\ARM_GCC_541\Debug\Microcontroller_coolingsystem.a(VDAC8_SpeedControl.o)
                0x00000f48                VDAC8_SpeedControl_Stop
 .text.VDAC8_SpeedControl_SetSpeed
                0x00000f64       0x1c .\CortexM3\ARM_GCC_541\Debug\Microcontroller_coolingsystem.a(VDAC8_SpeedControl.o)
                0x00000f64                VDAC8_SpeedControl_SetSpeed
 .text.VDAC8_SpeedControl_SetValue
                0x00000f80        0xc .\CortexM3\ARM_GCC_541\Debug\Microcontroller_coolingsystem.a(VDAC8_SpeedControl.o)
                0x00000f80                VDAC8_SpeedControl_SetValue
 .text.VDAC8_SpeedControl_DacTrim
                0x00000f8c       0x24 .\CortexM3\ARM_GCC_541\Debug\Microcontroller_coolingsystem.a(VDAC8_SpeedControl.o)
                0x00000f8c                VDAC8_SpeedControl_DacTrim
 .text.VDAC8_SpeedControl_SetRange
                0x00000fb0       0x20 .\CortexM3\ARM_GCC_541\Debug\Microcontroller_coolingsystem.a(VDAC8_SpeedControl.o)
                0x00000fb0                VDAC8_SpeedControl_SetRange
 .text.VDAC8_SpeedControl_Init
                0x00000fd0       0x20 .\CortexM3\ARM_GCC_541\Debug\Microcontroller_coolingsystem.a(VDAC8_SpeedControl.o)
                0x00000fd0                VDAC8_SpeedControl_Init
 .text.VDAC8_SpeedControl_Start
                0x00000ff0       0x24 .\CortexM3\ARM_GCC_541\Debug\Microcontroller_coolingsystem.a(VDAC8_SpeedControl.o)
                0x00000ff0                VDAC8_SpeedControl_Start
 .text.VDAC8_Enabling_Enable
                0x00001014       0x1c .\CortexM3\ARM_GCC_541\Debug\Microcontroller_coolingsystem.a(VDAC8_Enabling.o)
                0x00001014                VDAC8_Enabling_Enable
 .text.VDAC8_Enabling_SetSpeed
                0x00001030       0x1c .\CortexM3\ARM_GCC_541\Debug\Microcontroller_coolingsystem.a(VDAC8_Enabling.o)
                0x00001030                VDAC8_Enabling_SetSpeed
 .text.VDAC8_Enabling_SetValue
                0x0000104c        0xc .\CortexM3\ARM_GCC_541\Debug\Microcontroller_coolingsystem.a(VDAC8_Enabling.o)
                0x0000104c                VDAC8_Enabling_SetValue
 .text.VDAC8_Enabling_DacTrim
                0x00001058       0x24 .\CortexM3\ARM_GCC_541\Debug\Microcontroller_coolingsystem.a(VDAC8_Enabling.o)
                0x00001058                VDAC8_Enabling_DacTrim
 .text.VDAC8_Enabling_SetRange
                0x0000107c       0x20 .\CortexM3\ARM_GCC_541\Debug\Microcontroller_coolingsystem.a(VDAC8_Enabling.o)
                0x0000107c                VDAC8_Enabling_SetRange
 .text.VDAC8_Enabling_Init
                0x0000109c       0x20 .\CortexM3\ARM_GCC_541\Debug\Microcontroller_coolingsystem.a(VDAC8_Enabling.o)
                0x0000109c                VDAC8_Enabling_Init
 .text.VDAC8_Enabling_Start
                0x000010bc       0x24 .\CortexM3\ARM_GCC_541\Debug\Microcontroller_coolingsystem.a(VDAC8_Enabling.o)
                0x000010bc                VDAC8_Enabling_Start
 .text.Clock_TempSampling_Start
                0x000010e0       0x1c .\CortexM3\ARM_GCC_541\Debug\Microcontroller_coolingsystem.a(Clock_TempSampling.o)
                0x000010e0                Clock_TempSampling_Start
 .text.Clock_TempSampling_Stop
                0x000010fc       0x1c .\CortexM3\ARM_GCC_541\Debug\Microcontroller_coolingsystem.a(Clock_TempSampling.o)
                0x000010fc                Clock_TempSampling_Stop
 .text          0x00001118       0x20 .\CortexM3\ARM_GCC_541\Debug\Microcontroller_coolingsystem.a(CyBootAsmGnu.o)
                0x00001118                CyDelayCycles
                0x00001128                CyEnterCriticalSection
                0x00001130                CyExitCriticalSection
 .text          0x00001138      0x370 c:/program files (x86)/cypress/psoc creator/4.4/psoc creator/import/gnu/arm/5.4.1/bin/../lib/gcc/arm-none-eabi/5.4.1/armv7-m\libgcc.a(_arm_addsubdf3.o)
                0x00001138                __aeabi_drsub
                0x00001140                __aeabi_dsub
                0x00001140                __subdf3
                0x00001144                __aeabi_dadd
                0x00001144                __adddf3
                0x000013bc                __floatunsidf
                0x000013bc                __aeabi_ui2d
                0x000013dc                __floatsidf
                0x000013dc                __aeabi_i2d
                0x00001400                __aeabi_f2d
                0x00001400                __extendsfdf2
                0x0000143c                __floatundidf
                0x0000143c                __aeabi_ul2d
                0x0000144c                __floatdidf
                0x0000144c                __aeabi_l2d
 .text          0x000014a8      0x424 c:/program files (x86)/cypress/psoc creator/4.4/psoc creator/import/gnu/arm/5.4.1/bin/../lib/gcc/arm-none-eabi/5.4.1/armv7-m\libgcc.a(_arm_muldivdf3.o)
                0x000014a8                __aeabi_dmul
                0x000014a8                __muldf3
                0x000016fc                __divdf3
                0x000016fc                __aeabi_ddiv
 .text          0x000018cc       0xa0 c:/program files (x86)/cypress/psoc creator/4.4/psoc creator/import/gnu/arm/5.4.1/bin/../lib/gcc/arm-none-eabi/5.4.1/armv7-m\libgcc.a(_arm_truncdfsf2.o)
                0x000018cc                __truncdfsf2
                0x000018cc                __aeabi_d2f
 .text          0x0000196c      0x21c c:/program files (x86)/cypress/psoc creator/4.4/psoc creator/import/gnu/arm/5.4.1/bin/../lib/gcc/arm-none-eabi/5.4.1/armv7-m\libgcc.a(_arm_addsubsf3.o)
                0x0000196c                __aeabi_frsub
                0x00001974                __subsf3
                0x00001974                __aeabi_fsub
                0x00001978                __aeabi_fadd
                0x00001978                __addsf3
                0x00001ad8                __aeabi_ui2f
                0x00001ad8                __floatunsisf
                0x00001ae0                __aeabi_i2f
                0x00001ae0                __floatsisf
                0x00001afc                __aeabi_ul2f
                0x00001afc                __floatundisf
                0x00001b0c                __aeabi_l2f
                0x00001b0c                __floatdisf
 .text          0x00001b88      0x2a0 c:/program files (x86)/cypress/psoc creator/4.4/psoc creator/import/gnu/arm/5.4.1/bin/../lib/gcc/arm-none-eabi/5.4.1/armv7-m\libgcc.a(_arm_muldivsf3.o)
                0x00001b88                __mulsf3
                0x00001b88                __aeabi_fmul
                0x00001cf0                __aeabi_fdiv
                0x00001cf0                __divsf3
 .text          0x00001e28       0x40 c:/program files (x86)/cypress/psoc creator/4.4/psoc creator/import/gnu/arm/5.4.1/bin/../lib/gcc/arm-none-eabi/5.4.1/armv7-m\libgcc.a(_arm_fixunssfsi.o)
                0x00001e28                __fixunssfsi
                0x00001e28                __aeabi_f2uiz
 .text.__errno  0x00001e68        0xc c:/program files (x86)/cypress/psoc creator/4.4/psoc creator/import/gnu/arm/5.4.1/bin/../lib/gcc/arm-none-eabi/5.4.1/../../../../arm-none-eabi/lib/armv7-m\libg_nano.a(lib_a-errno.o)
                0x00001e68                __errno
 .text.__libc_init_array
                0x00001e74       0x4c c:/program files (x86)/cypress/psoc creator/4.4/psoc creator/import/gnu/arm/5.4.1/bin/../lib/gcc/arm-none-eabi/5.4.1/../../../../arm-none-eabi/lib/armv7-m\libg_nano.a(lib_a-init.o)
                0x00001e74                __libc_init_array
 .text.memcpy   0x00001ec0       0x16 c:/program files (x86)/cypress/psoc creator/4.4/psoc creator/import/gnu/arm/5.4.1/bin/../lib/gcc/arm-none-eabi/5.4.1/../../../../arm-none-eabi/lib/armv7-m\libg_nano.a(lib_a-memcpy-stub.o)
                0x00001ec0                memcpy
 .text.memset   0x00001ed6       0x10 c:/program files (x86)/cypress/psoc creator/4.4/psoc creator/import/gnu/arm/5.4.1/bin/../lib/gcc/arm-none-eabi/5.4.1/../../../../arm-none-eabi/lib/armv7-m\libg_nano.a(lib_a-memset.o)
                0x00001ed6                memset
 .text.__cvt    0x00001ee6       0xc0 c:/program files (x86)/cypress/psoc creator/4.4/psoc creator/import/gnu/arm/5.4.1/bin/../lib/gcc/arm-none-eabi/5.4.1/../../../../arm-none-eabi/lib/armv7-m\libg_nano.a(lib_a-nano-vfprintf_float.o)
                0x00001ee6                __cvt
 .text.__exponent
                0x00001fa6       0x62 c:/program files (x86)/cypress/psoc creator/4.4/psoc creator/import/gnu/arm/5.4.1/bin/../lib/gcc/arm-none-eabi/5.4.1/../../../../arm-none-eabi/lib/armv7-m\libg_nano.a(lib_a-nano-vfprintf_float.o)
                0x00001fa6                __exponent
 .text._printf_float
                0x00002008      0x488 c:/program files (x86)/cypress/psoc creator/4.4/psoc creator/import/gnu/arm/5.4.1/bin/../lib/gcc/arm-none-eabi/5.4.1/../../../../arm-none-eabi/lib/armv7-m\libg_nano.a(lib_a-nano-vfprintf_float.o)
                0x00002008                _printf_float
 .text._printf_common
                0x00002490       0xec c:/program files (x86)/cypress/psoc creator/4.4/psoc creator/import/gnu/arm/5.4.1/bin/../lib/gcc/arm-none-eabi/5.4.1/../../../../arm-none-eabi/lib/armv7-m\libg_nano.a(lib_a-nano-vfprintf_i.o)
                0x00002490                _printf_common
 .text._printf_i
                0x0000257c      0x24c c:/program files (x86)/cypress/psoc creator/4.4/psoc creator/import/gnu/arm/5.4.1/bin/../lib/gcc/arm-none-eabi/5.4.1/../../../../arm-none-eabi/lib/armv7-m\libg_nano.a(lib_a-nano-vfprintf_i.o)
                0x0000257c                _printf_i
 .text.sprintf  0x000027c8       0x48 c:/program files (x86)/cypress/psoc creator/4.4/psoc creator/import/gnu/arm/5.4.1/bin/../lib/gcc/arm-none-eabi/5.4.1/../../../../arm-none-eabi/lib/armv7-m\libg_nano.a(lib_a-sprintf.o)
                0x000027c8                siprintf
                0x000027c8                sprintf
 .text          0x00002810       0x10 c:/program files (x86)/cypress/psoc creator/4.4/psoc creator/import/gnu/arm/5.4.1/bin/../lib/gcc/arm-none-eabi/5.4.1/../../../../arm-none-eabi/lib/armv7-m\libg_nano.a(lib_a-strlen.o)
                0x00002810                strlen
 .text.quorem   0x00002820      0x116 c:/program files (x86)/cypress/psoc creator/4.4/psoc creator/import/gnu/arm/5.4.1/bin/../lib/gcc/arm-none-eabi/5.4.1/../../../../arm-none-eabi/lib/armv7-m\libg_nano.a(lib_a-dtoa.o)
 *fill*         0x00002936        0x2 
 .text._dtoa_r  0x00002938      0xb30 c:/program files (x86)/cypress/psoc creator/4.4/psoc creator/import/gnu/arm/5.4.1/bin/../lib/gcc/arm-none-eabi/5.4.1/../../../../arm-none-eabi/lib/armv7-m\libg_nano.a(lib_a-dtoa.o)
                0x00002938                _dtoa_r
 .text._localeconv_r
                0x00003468        0x8 c:/program files (x86)/cypress/psoc creator/4.4/psoc creator/import/gnu/arm/5.4.1/bin/../lib/gcc/arm-none-eabi/5.4.1/../../../../arm-none-eabi/lib/armv7-m\libg_nano.a(lib_a-locale.o)
                0x00003468                _localeconv_r
 .text.malloc   0x00003470       0x10 c:/program files (x86)/cypress/psoc creator/4.4/psoc creator/import/gnu/arm/5.4.1/bin/../lib/gcc/arm-none-eabi/5.4.1/../../../../arm-none-eabi/lib/armv7-m\libg_nano.a(lib_a-malloc.o)
                0x00003470                malloc
 .text.memchr   0x00003480       0x1c c:/program files (x86)/cypress/psoc creator/4.4/psoc creator/import/gnu/arm/5.4.1/bin/../lib/gcc/arm-none-eabi/5.4.1/../../../../arm-none-eabi/lib/armv7-m\libg_nano.a(lib_a-memchr-stub.o)
                0x00003480                memchr
 .text._Balloc  0x0000349c       0x6a c:/program files (x86)/cypress/psoc creator/4.4/psoc creator/import/gnu/arm/5.4.1/bin/../lib/gcc/arm-none-eabi/5.4.1/../../../../arm-none-eabi/lib/armv7-m\libg_nano.a(lib_a-mprec.o)
                0x0000349c                _Balloc
 .text._Bfree   0x00003506       0x2e c:/program files (x86)/cypress/psoc creator/4.4/psoc creator/import/gnu/arm/5.4.1/bin/../lib/gcc/arm-none-eabi/5.4.1/../../../../arm-none-eabi/lib/armv7-m\libg_nano.a(lib_a-mprec.o)
                0x00003506                _Bfree
 .text.__multadd
                0x00003534       0x76 c:/program files (x86)/cypress/psoc creator/4.4/psoc creator/import/gnu/arm/5.4.1/bin/../lib/gcc/arm-none-eabi/5.4.1/../../../../arm-none-eabi/lib/armv7-m\libg_nano.a(lib_a-mprec.o)
                0x00003534                __multadd
 .text.__hi0bits
                0x000035aa       0x40 c:/program files (x86)/cypress/psoc creator/4.4/psoc creator/import/gnu/arm/5.4.1/bin/../lib/gcc/arm-none-eabi/5.4.1/../../../../arm-none-eabi/lib/armv7-m\libg_nano.a(lib_a-mprec.o)
                0x000035aa                __hi0bits
 .text.__lo0bits
                0x000035ea       0x5a c:/program files (x86)/cypress/psoc creator/4.4/psoc creator/import/gnu/arm/5.4.1/bin/../lib/gcc/arm-none-eabi/5.4.1/../../../../arm-none-eabi/lib/armv7-m\libg_nano.a(lib_a-mprec.o)
                0x000035ea                __lo0bits
 .text.__i2b    0x00003644       0x12 c:/program files (x86)/cypress/psoc creator/4.4/psoc creator/import/gnu/arm/5.4.1/bin/../lib/gcc/arm-none-eabi/5.4.1/../../../../arm-none-eabi/lib/armv7-m\libg_nano.a(lib_a-mprec.o)
                0x00003644                __i2b
 .text.__multiply
                0x00003656      0x120 c:/program files (x86)/cypress/psoc creator/4.4/psoc creator/import/gnu/arm/5.4.1/bin/../lib/gcc/arm-none-eabi/5.4.1/../../../../arm-none-eabi/lib/armv7-m\libg_nano.a(lib_a-mprec.o)
                0x00003656                __multiply
 *fill*         0x00003776        0x2 
 .text.__pow5mult
                0x00003778       0x9c c:/program files (x86)/cypress/psoc creator/4.4/psoc creator/import/gnu/arm/5.4.1/bin/../lib/gcc/arm-none-eabi/5.4.1/../../../../arm-none-eabi/lib/armv7-m\libg_nano.a(lib_a-mprec.o)
                0x00003778                __pow5mult
 .text.__lshift
                0x00003814       0xa2 c:/program files (x86)/cypress/psoc creator/4.4/psoc creator/import/gnu/arm/5.4.1/bin/../lib/gcc/arm-none-eabi/5.4.1/../../../../arm-none-eabi/lib/armv7-m\libg_nano.a(lib_a-mprec.o)
                0x00003814                __lshift
 .text.__mcmp   0x000038b6       0x38 c:/program files (x86)/cypress/psoc creator/4.4/psoc creator/import/gnu/arm/5.4.1/bin/../lib/gcc/arm-none-eabi/5.4.1/../../../../arm-none-eabi/lib/armv7-m\libg_nano.a(lib_a-mprec.o)
                0x000038b6                __mcmp
 .text.__mdiff  0x000038ee       0xbe c:/program files (x86)/cypress/psoc creator/4.4/psoc creator/import/gnu/arm/5.4.1/bin/../lib/gcc/arm-none-eabi/5.4.1/../../../../arm-none-eabi/lib/armv7-m\libg_nano.a(lib_a-mprec.o)
                0x000038ee                __mdiff
 .text.__d2b    0x000039ac       0x9c c:/program files (x86)/cypress/psoc creator/4.4/psoc creator/import/gnu/arm/5.4.1/bin/../lib/gcc/arm-none-eabi/5.4.1/../../../../arm-none-eabi/lib/armv7-m\libg_nano.a(lib_a-mprec.o)
                0x000039ac                __d2b
 .text._calloc_r
                0x00003a48       0x1c c:/program files (x86)/cypress/psoc creator/4.4/psoc creator/import/gnu/arm/5.4.1/bin/../lib/gcc/arm-none-eabi/5.4.1/../../../../arm-none-eabi/lib/armv7-m\libg_nano.a(lib_a-nano-callocr.o)
                0x00003a48                _calloc_r
 .text._free_r  0x00003a64       0x98 c:/program files (x86)/cypress/psoc creator/4.4/psoc creator/import/gnu/arm/5.4.1/bin/../lib/gcc/arm-none-eabi/5.4.1/../../../../arm-none-eabi/lib/armv7-m\libg_nano.a(lib_a-nano-freer.o)
                0x00003a64                _free_r
 .text._malloc_r
                0x00003afc       0xbc c:/program files (x86)/cypress/psoc creator/4.4/psoc creator/import/gnu/arm/5.4.1/bin/../lib/gcc/arm-none-eabi/5.4.1/../../../../arm-none-eabi/lib/armv7-m\libg_nano.a(lib_a-nano-mallocr.o)
                0x00003afc                _malloc_r
 .text.__ssputs_r
                0x00003bb8       0xb2 c:/program files (x86)/cypress/psoc creator/4.4/psoc creator/import/gnu/arm/5.4.1/bin/../lib/gcc/arm-none-eabi/5.4.1/../../../../arm-none-eabi/lib/armv7-m\libg_nano.a(lib_a-nano-svfprintf.o)
                0x00003bb8                __ssputs_r
 *fill*         0x00003c6a        0x2 
 .text._svfprintf_r
                0x00003c6c      0x1e8 c:/program files (x86)/cypress/psoc creator/4.4/psoc creator/import/gnu/arm/5.4.1/bin/../lib/gcc/arm-none-eabi/5.4.1/../../../../arm-none-eabi/lib/armv7-m\libg_nano.a(lib_a-nano-svfprintf.o)
                0x00003c6c                _svfiprintf_r
                0x00003c6c                _svfprintf_r
 .text._sbrk_r  0x00003e54       0x20 c:/program files (x86)/cypress/psoc creator/4.4/psoc creator/import/gnu/arm/5.4.1/bin/../lib/gcc/arm-none-eabi/5.4.1/../../../../arm-none-eabi/lib/armv7-m\libg_nano.a(lib_a-sbrkr.o)
                0x00003e54                _sbrk_r
 .text.memmove  0x00003e74       0x36 c:/program files (x86)/cypress/psoc creator/4.4/psoc creator/import/gnu/arm/5.4.1/bin/../lib/gcc/arm-none-eabi/5.4.1/../../../../arm-none-eabi/lib/armv7-m\libg_nano.a(lib_a-memmove.o)
                0x00003e74                memmove
 .text.__malloc_lock
                0x00003eaa        0x2 c:/program files (x86)/cypress/psoc creator/4.4/psoc creator/import/gnu/arm/5.4.1/bin/../lib/gcc/arm-none-eabi/5.4.1/../../../../arm-none-eabi/lib/armv7-m\libg_nano.a(lib_a-mlock.o)
                0x00003eaa                __malloc_lock
 .text.__malloc_unlock
                0x00003eac        0x2 c:/program files (x86)/cypress/psoc creator/4.4/psoc creator/import/gnu/arm/5.4.1/bin/../lib/gcc/arm-none-eabi/5.4.1/../../../../arm-none-eabi/lib/armv7-m\libg_nano.a(lib_a-mlock.o)
                0x00003eac                __malloc_unlock
 .text._realloc_r
                0x00003eae       0x4c c:/program files (x86)/cypress/psoc creator/4.4/psoc creator/import/gnu/arm/5.4.1/bin/../lib/gcc/arm-none-eabi/5.4.1/../../../../arm-none-eabi/lib/armv7-m\libg_nano.a(lib_a-nano-reallocr.o)
                0x00003eae                _realloc_r
 .text._malloc_usable_size_r
                0x00003efa       0x14 c:/program files (x86)/cypress/psoc creator/4.4/psoc creator/import/gnu/arm/5.4.1/bin/../lib/gcc/arm-none-eabi/5.4.1/../../../../arm-none-eabi/lib/armv7-m\libg_nano.a(lib_a-nano-msizer.o)
                0x00003efa                _malloc_usable_size_r
 *fill*         0x00003f0e        0x2 
 .text          0x00003f10      0x110 c:/program files (x86)/cypress/psoc creator/4.4/psoc creator/import/gnu/arm/5.4.1/bin/../lib/gcc/arm-none-eabi/5.4.1/armv7-m\libgcc.a(_arm_cmpdf2.o)
                0x00003f10                __gtdf2
                0x00003f10                __gedf2
                0x00003f18                __ltdf2
                0x00003f18                __ledf2
                0x00003f20                __nedf2
                0x00003f20                __eqdf2
                0x00003f20                __cmpdf2
                0x00003f9c                __aeabi_cdrcmple
                0x00003fac                __aeabi_cdcmpeq
                0x00003fac                __aeabi_cdcmple
                0x00003fbc                __aeabi_dcmpeq
                0x00003fd0                __aeabi_dcmplt
                0x00003fe4                __aeabi_dcmple
                0x00003ff8                __aeabi_dcmpge
                0x0000400c                __aeabi_dcmpgt
 .text          0x00004020       0x2c c:/program files (x86)/cypress/psoc creator/4.4/psoc creator/import/gnu/arm/5.4.1/bin/../lib/gcc/arm-none-eabi/5.4.1/armv7-m\libgcc.a(_arm_unorddf2.o)
                0x00004020                __unorddf2
                0x00004020                __aeabi_dcmpun
 .text          0x0000404c       0x50 c:/program files (x86)/cypress/psoc creator/4.4/psoc creator/import/gnu/arm/5.4.1/bin/../lib/gcc/arm-none-eabi/5.4.1/armv7-m\libgcc.a(_arm_fixdfsi.o)
                0x0000404c                __aeabi_d2iz
                0x0000404c                __fixdfsi
 *(.plt)
 *(.gnu.warning)
 *(.glue_7t)
 .glue_7t       0x0000409c        0x0 linker stubs
 *(.glue_7)
 .glue_7        0x0000409c        0x0 linker stubs
 *(.vfp11_veneer)
 .vfp11_veneer  0x0000409c        0x0 linker stubs
 *(.bootloader)
 *(.ARM.extab* .gnu.linkonce.armextab.*)
 *(.gcc_except_table)

.v4_bx          0x0000409c        0x0
 .v4_bx         0x0000409c        0x0 linker stubs

.iplt           0x0000409c        0x0
 .iplt          0x0000409c        0x0 c:/program files (x86)/cypress/psoc creator/4.4/psoc creator/import/gnu/arm/5.4.1/bin/../lib/gcc/arm-none-eabi/5.4.1/armv7-m/crtbegin.o

.eh_frame_hdr
 *(.eh_frame_hdr)

.eh_frame       0x0000409c        0x4
 *(.eh_frame)
 .eh_frame      0x0000409c        0x0 c:/program files (x86)/cypress/psoc creator/4.4/psoc creator/import/gnu/arm/5.4.1/bin/../lib/gcc/arm-none-eabi/5.4.1/armv7-m/crtbegin.o
 .eh_frame      0x0000409c        0x4 c:/program files (x86)/cypress/psoc creator/4.4/psoc creator/import/gnu/arm/5.4.1/bin/../lib/gcc/arm-none-eabi/5.4.1/armv7-m/crtend.o
                [!provide]                PROVIDE (__exidx_start, .)

.ARM.exidx
 *(.ARM.exidx* .gnu.linkonce.armexidx.*)
                0x000040a0                __exidx_end = .

.rodata         0x000040a0      0x288
 *(.rodata .rodata.* .gnu.linkonce.r.*)
 .rodata.str1.4
                0x000040a0       0x12 .\CortexM3\ARM_GCC_541\Debug\SystemController.o
 *fill*         0x000040b2        0x2 
 .rodata.str1.4
                0x000040b4       0x4c .\CortexM3\ARM_GCC_541\Debug\switch.o
                                 0x4b (size before relaxing)
 .rodata        0x00004100       0x50 .\CortexM3\ARM_GCC_541\Debug\cyfitter_cfg.o
 .rodata        0x00004150       0x30 .\CortexM3\ARM_GCC_541\Debug\Microcontroller_coolingsystem.a(RTD_1.o)
 .rodata        0x00004180       0x15 .\CortexM3\ARM_GCC_541\Debug\Microcontroller_coolingsystem.a(PGA_SpeedControl.o)
 .rodata.str1.1
                0x00004195        0x2 c:/program files (x86)/cypress/psoc creator/4.4/psoc creator/import/gnu/arm/5.4.1/bin/../lib/gcc/arm-none-eabi/5.4.1/../../../../arm-none-eabi/lib/armv7-m\libg_nano.a(lib_a-impure.o)
 .rodata.str1.1
                0x00004197       0x12 c:/program files (x86)/cypress/psoc creator/4.4/psoc creator/import/gnu/arm/5.4.1/bin/../lib/gcc/arm-none-eabi/5.4.1/../../../../arm-none-eabi/lib/armv7-m\libg_nano.a(lib_a-nano-vfprintf_float.o)
 .rodata.str1.1
                0x000041a9       0x22 c:/program files (x86)/cypress/psoc creator/4.4/psoc creator/import/gnu/arm/5.4.1/bin/../lib/gcc/arm-none-eabi/5.4.1/../../../../arm-none-eabi/lib/armv7-m\libg_nano.a(lib_a-nano-vfprintf_i.o)
 .rodata.str1.1
                0x000041cb        0xd c:/program files (x86)/cypress/psoc creator/4.4/psoc creator/import/gnu/arm/5.4.1/bin/../lib/gcc/arm-none-eabi/5.4.1/../../../../arm-none-eabi/lib/armv7-m\libg_nano.a(lib_a-dtoa.o)
                                  0xf (size before relaxing)
 .rodata.str1.1
                0x000041d8        0x8 c:/program files (x86)/cypress/psoc creator/4.4/psoc creator/import/gnu/arm/5.4.1/bin/../lib/gcc/arm-none-eabi/5.4.1/../../../../arm-none-eabi/lib/armv7-m\libg_nano.a(lib_a-locale.o)
                                  0xb (size before relaxing)
 .rodata.__mprec_tens
                0x000041e0       0xc8 c:/program files (x86)/cypress/psoc creator/4.4/psoc creator/import/gnu/arm/5.4.1/bin/../lib/gcc/arm-none-eabi/5.4.1/../../../../arm-none-eabi/lib/armv7-m\libg_nano.a(lib_a-mprec.o)
                0x000041e0                __mprec_tens
 .rodata.p05.5408
                0x000042a8        0xc c:/program files (x86)/cypress/psoc creator/4.4/psoc creator/import/gnu/arm/5.4.1/bin/../lib/gcc/arm-none-eabi/5.4.1/../../../../arm-none-eabi/lib/armv7-m\libg_nano.a(lib_a-mprec.o)
 *fill*         0x000042b4        0x4 
 .rodata.__mprec_bigtens
                0x000042b8       0x28 c:/program files (x86)/cypress/psoc creator/4.4/psoc creator/import/gnu/arm/5.4.1/bin/../lib/gcc/arm-none-eabi/5.4.1/../../../../arm-none-eabi/lib/armv7-m\libg_nano.a(lib_a-mprec.o)
                0x000042b8                __mprec_bigtens
 .rodata.str1.1
                0x000042e0       0x11 c:/program files (x86)/cypress/psoc creator/4.4/psoc creator/import/gnu/arm/5.4.1/bin/../lib/gcc/arm-none-eabi/5.4.1/../../../../arm-none-eabi/lib/armv7-m\libg_nano.a(lib_a-nano-svfprintf.o)
                0x000042f4                . = ALIGN (0x4)
 *fill*         0x000042f1        0x3 
 *(.init)
 .init          0x000042f4        0x4 c:/program files (x86)/cypress/psoc creator/4.4/psoc creator/import/gnu/arm/5.4.1/bin/../lib/gcc/arm-none-eabi/5.4.1/armv7-m/crti.o
                0x000042f4                _init
 .init          0x000042f8        0x8 c:/program files (x86)/cypress/psoc creator/4.4/psoc creator/import/gnu/arm/5.4.1/bin/../lib/gcc/arm-none-eabi/5.4.1/armv7-m/crtn.o
                0x00004300                . = ALIGN (0x4)
                0x00004300                __preinit_array_start = .
 *(.preinit_array)
                0x00004300                __preinit_array_end = .
                0x00004300                . = ALIGN (0x4)
                0x00004300                __init_array_start = .
 *(SORT(.init_array.*))
 *(.init_array)
 .init_array    0x00004300        0x4 c:/program files (x86)/cypress/psoc creator/4.4/psoc creator/import/gnu/arm/5.4.1/bin/../lib/gcc/arm-none-eabi/5.4.1/armv7-m/crtbegin.o
 .init_array    0x00004304        0x4 .\CortexM3\ARM_GCC_541\Debug\Cm3Start.o
                0x00004308                __init_array_end = .
                0x00004308                . = ALIGN (0x4)
 *(.fini)
 .fini          0x00004308        0x4 c:/program files (x86)/cypress/psoc creator/4.4/psoc creator/import/gnu/arm/5.4.1/bin/../lib/gcc/arm-none-eabi/5.4.1/armv7-m/crti.o
                0x00004308                _fini
 .fini          0x0000430c        0x8 c:/program files (x86)/cypress/psoc creator/4.4/psoc creator/import/gnu/arm/5.4.1/bin/../lib/gcc/arm-none-eabi/5.4.1/armv7-m/crtn.o
                0x00004314                . = ALIGN (0x4)
                0x00004314                __fini_array_start = .
 *(.fini_array)
 .fini_array    0x00004314        0x4 c:/program files (x86)/cypress/psoc creator/4.4/psoc creator/import/gnu/arm/5.4.1/bin/../lib/gcc/arm-none-eabi/5.4.1/armv7-m/crtbegin.o
 *(SORT(.fini_array.*))
                0x00004318                __fini_array_end = .
                0x00004318                . = ALIGN (0x4)
 *crtbegin.o(.ctors)
 *(EXCLUDE_FILE(*crtend.o) .ctors)
 *(SORT(.ctors.*))
 *crtend.o(.ctors)
                0x00004318                . = ALIGN (0x4)
 *crtbegin.o(.dtors)
 *(EXCLUDE_FILE(*crtend.o) .dtors)
 *(SORT(.dtors.*))
 *crtend.o(.dtors)
                0x00004318                . = ALIGN (0x4)
                0x00004318                __cy_regions = .
                0x00004318        0x4 LONG 0x4328 __cy_region_init_ram
                0x0000431c        0x4 LONG 0x1fff80c8 __cy_region_start_data
                0x00004320        0x4 LONG 0xb8 __cy_region_init_size_ram
                0x00004324        0x4 LONG 0x58 __cy_region_zero_size_ram
                0x00004328                __cy_regions_end = .
                0x00004328                . = ALIGN (0x8)
                0x00004328                _etext = .

.cy_checksum_exclude
                0x00004328        0x0
 *(.cy_checksum_exclude)

.ramvectors     0x1fff8000       0xc0
                0x1fff8000                __cy_region_start_ram = .
 *(.ramvectors)
 .ramvectors    0x1fff8000       0xc0 .\CortexM3\ARM_GCC_541\Debug\Cm3Start.o
                0x1fff8000                CyRamVectors

.noinit         0x1fff80c0        0x1
 *(.noinit)
 .noinit        0x1fff80c0        0x1 .\CortexM3\ARM_GCC_541\Debug\Microcontroller_coolingsystem.a(CyLib.o)
                0x1fff80c0                CyResetStatus

.data           0x1fff80c8       0xb8 load address 0x00004328
                0x1fff80c8                __cy_region_start_data = .
 *(.jcr)
 .jcr           0x1fff80c8        0x0 c:/program files (x86)/cypress/psoc creator/4.4/psoc creator/import/gnu/arm/5.4.1/bin/../lib/gcc/arm-none-eabi/5.4.1/armv7-m/crtbegin.o
 .jcr           0x1fff80c8        0x4 c:/program files (x86)/cypress/psoc creator/4.4/psoc creator/import/gnu/arm/5.4.1/bin/../lib/gcc/arm-none-eabi/5.4.1/armv7-m/crtend.o
 *(.got.plt)
 *(.got)
 *(.shdata)
 *(.data .data.* .gnu.linkonce.d.*)
 .data          0x1fff80cc        0x2 .\CortexM3\ARM_GCC_541\Debug\SystemController.o
                0x1fff80cc                ref_res
 *fill*         0x1fff80ce        0x2 
 .data          0x1fff80d0        0x4 .\CortexM3\ARM_GCC_541\Debug\Cm3Start.o
 .data          0x1fff80d4       0x10 .\CortexM3\ARM_GCC_541\Debug\Microcontroller_coolingsystem.a(CyLib.o)
                0x1fff80d4                cydelay_32k_ms
                0x1fff80d8                cydelay_freq_khz
                0x1fff80dc                cydelay_freq_mhz
                0x1fff80e0                cydelay_freq_hz
 .data.impure_data
                0x1fff80e4       0x60 c:/program files (x86)/cypress/psoc creator/4.4/psoc creator/import/gnu/arm/5.4.1/bin/../lib/gcc/arm-none-eabi/5.4.1/../../../../arm-none-eabi/lib/armv7-m\libg_nano.a(lib_a-impure.o)
 .data._impure_ptr
                0x1fff8144        0x4 c:/program files (x86)/cypress/psoc creator/4.4/psoc creator/import/gnu/arm/5.4.1/bin/../lib/gcc/arm-none-eabi/5.4.1/../../../../arm-none-eabi/lib/armv7-m\libg_nano.a(lib_a-impure.o)
                0x1fff8144                _impure_ptr
 .data.lconv    0x1fff8148       0x38 c:/program files (x86)/cypress/psoc creator/4.4/psoc creator/import/gnu/arm/5.4.1/bin/../lib/gcc/arm-none-eabi/5.4.1/../../../../arm-none-eabi/lib/armv7-m\libg_nano.a(lib_a-locale.o)
                0x1fff8180                . = ALIGN (0x8)
 *(.ram)
                0x1fff8180                _edata = .

.igot.plt       0x1fff8180        0x0 load address 0x000043e0
 .igot.plt      0x1fff8180        0x0 c:/program files (x86)/cypress/psoc creator/4.4/psoc creator/import/gnu/arm/5.4.1/bin/../lib/gcc/arm-none-eabi/5.4.1/armv7-m/crtbegin.o

.bss            0x1fff8180       0x58 load address 0x000043e0
                0x1fff8180                PROVIDE (__bss_start__, .)
 *(.shbss)
 *(.bss .bss.* .gnu.linkonce.b.*)
 .bss           0x1fff8180       0x1c c:/program files (x86)/cypress/psoc creator/4.4/psoc creator/import/gnu/arm/5.4.1/bin/../lib/gcc/arm-none-eabi/5.4.1/armv7-m/crtbegin.o
 .bss           0x1fff819c        0x1 .\CortexM3\ARM_GCC_541\Debug\Microcontroller_coolingsystem.a(SPIM_1.o)
                0x1fff819c                SPIM_1_initVar
 .bss           0x1fff819d        0x2 .\CortexM3\ARM_GCC_541\Debug\Microcontroller_coolingsystem.a(UART_1.o)
                0x1fff819d                UART_1_initVar
 .bss           0x1fff819f        0x1 .\CortexM3\ARM_GCC_541\Debug\Microcontroller_coolingsystem.a(Temp_sample_counter.o)
                0x1fff819f                Temp_sample_counter_initVar
 .bss           0x1fff81a0        0x1 .\CortexM3\ARM_GCC_541\Debug\Microcontroller_coolingsystem.a(PGA_SpeedControl.o)
                0x1fff81a0                PGA_SpeedControl_initVar
 .bss           0x1fff81a1        0x1 .\CortexM3\ARM_GCC_541\Debug\Microcontroller_coolingsystem.a(VDAC8_SpeedControl.o)
                0x1fff81a1                VDAC8_SpeedControl_initVar
 .bss           0x1fff81a2        0x1 .\CortexM3\ARM_GCC_541\Debug\Microcontroller_coolingsystem.a(VDAC8_Enabling.o)
                0x1fff81a2                VDAC8_Enabling_initVar
 *fill*         0x1fff81a3        0x1 
 .bss.__malloc_sbrk_start
                0x1fff81a4        0x4 c:/program files (x86)/cypress/psoc creator/4.4/psoc creator/import/gnu/arm/5.4.1/bin/../lib/gcc/arm-none-eabi/5.4.1/../../../../arm-none-eabi/lib/armv7-m\libg_nano.a(lib_a-nano-mallocr.o)
                0x1fff81a4                __malloc_sbrk_start
 .bss.__malloc_free_list
                0x1fff81a8        0x4 c:/program files (x86)/cypress/psoc creator/4.4/psoc creator/import/gnu/arm/5.4.1/bin/../lib/gcc/arm-none-eabi/5.4.1/../../../../arm-none-eabi/lib/armv7-m\libg_nano.a(lib_a-nano-mallocr.o)
                0x1fff81a8                __malloc_free_list
 *(COMMON)
 COMMON         0x1fff81ac        0xd .\CortexM3\ARM_GCC_541\Debug\SystemController.o
                0x1fff81ac                regu
                0x1fff81b0                rtd_ratio
                0x1fff81b4                last_regu
                0x1fff81b8                Switch_State
 COMMON         0x1fff81b9        0x3 .\CortexM3\ARM_GCC_541\Debug\Amplifier.o
                0x1fff81b9                dummy_bytes
                0x1fff81ba                bytes_received
                0x1fff81bb                config
 COMMON         0x1fff81bc        0xb .\CortexM3\ARM_GCC_541\Debug\PumpCtrl.o
                0x1fff81bc                output_voltage_direction
                0x1fff81c0                voltage
                0x1fff81c4                speed
                0x1fff81c5                output_voltage
                0x1fff81c6                const_speed
 *fill*         0x1fff81c7        0x1 
 COMMON         0x1fff81c8        0xa .\CortexM3\ARM_GCC_541\Debug\Temperature.o
                0x1fff81c8                Temperature
                0x1fff81cc                temp_float
                0x1fff81d0                Ref_resistance
 COMMON         0x1fff81d2        0x2 .\CortexM3\ARM_GCC_541\Debug\switch.o
                0x1fff81d2                switch_counter
                0x1fff81d3                switch_state
 COMMON         0x1fff81d4        0x4 c:/program files (x86)/cypress/psoc creator/4.4/psoc creator/import/gnu/arm/5.4.1/bin/../lib/gcc/arm-none-eabi/5.4.1/../../../../arm-none-eabi/lib/armv7-m\libg_nano.a(lib_a-reent.o)
                0x1fff81d4                errno
                0x1fff81d8                . = ALIGN (0x8)
 *(.ram.b)
                0x1fff81d8                _end = .
                0x1fff81d8                __end = .
                0x1fff81d8                PROVIDE (end, .)
                0x1fff81d8                PROVIDE (__bss_end__, .)
                0x00004328                __cy_region_init_ram = LOADADDR (.data)
                0x000000b8                __cy_region_init_size_ram = (_edata - ADDR (.data))
                0x00000058                __cy_region_zero_size_ram = (_end - _edata)

.heap           0x1fff81d8      0x200 load address 0x000043e0
                0x1fff81d8                . = _end
                0x1fff83d8                . = (. + 0x200)
 *fill*         0x1fff81d8      0x200 
                0x1fff83d8                __cy_heap_limit = .

.stack          0x20007800      0x800
                0x20007800                __cy_stack_limit = .
                0x20008000                . = (. + 0x800)
 *fill*         0x20007800      0x800 
                0x00000001                ASSERT ((__cy_stack_limit >= __cy_heap_limit), region RAM overflowed with stack)
                0x00000000                cy_checksum_exclude_size = (CY_APPL_LOADABLE == 0x1)?SIZEOF (.cy_checksum_exclude):0x0
                0x00000001                ASSERT ((cy_checksum_exclude_size <= CY_CHECKSUM_EXCLUDE_SIZE), CY_BOOT: Section .cy_checksum_exclude size exceedes specified limit.)

.cyloadermeta
 *(.cyloadermeta)

.cyloadablemeta
 *(.cyloadablemeta)

.cyconfigecc    0x80000000      0x6c8
 *(.cyconfigecc)
 .cyconfigecc   0x80000000      0x6c8 .\CortexM3\ARM_GCC_541\Debug\cymetadata.o
                0x80000000                cy_meta_configecc

.cycustnvl      0x90000000        0x4
 *(.cycustnvl)
 .cycustnvl     0x90000000        0x4 .\CortexM3\ARM_GCC_541\Debug\cymetadata.o
                0x90000000                cy_meta_custnvl

.cywolatch      0x90100000        0x4
 *(.cywolatch)
 .cywolatch     0x90100000        0x4 .\CortexM3\ARM_GCC_541\Debug\cymetadata.o
                0x90100000                cy_meta_wonvl

.cyeeprom       0x90200000        0x0
 *(.cyeeprom)
                0x00000001                ASSERT ((. <= ((0x90200000 + ee_offset) + ee_size)), .cyeeprom data will not fit in EEPROM)

.cyflashprotect
                0x90400000      0x100
 *(.cyflashprotect)
 .cyflashprotect
                0x90400000      0x100 .\CortexM3\ARM_GCC_541\Debug\cymetadata.o
                0x90400000                cy_meta_flashprotect

.cymeta         0x90500000        0xc
 *(.cymeta)
 .cymeta        0x90500000        0xc .\CortexM3\ARM_GCC_541\Debug\cymetadata.o
                0x90500000                cy_metadata

.rel.dyn        0x000043e0        0x0 load address 0x9050000c
 .rel.iplt      0x000043e0        0x0 c:/program files (x86)/cypress/psoc creator/4.4/psoc creator/import/gnu/arm/5.4.1/bin/../lib/gcc/arm-none-eabi/5.4.1/armv7-m/crtbegin.o

.stab
 *(.stab)

.stabstr
 *(.stabstr)

.debug
 *(.debug)

.line
 *(.line)

.debug_srcinfo
 *(.debug_srcinfo)

.debug_sfnames
 *(.debug_sfnames)

.debug_aranges  0x00000000      0xf48
 *(.debug_aranges)
 .debug_aranges
                0x00000000       0x48 .\CortexM3\ARM_GCC_541\Debug\SystemController.o
 .debug_aranges
                0x00000048       0x90 .\CortexM3\ARM_GCC_541\Debug\Amplifier.o
 .debug_aranges
                0x000000d8       0x48 .\CortexM3\ARM_GCC_541\Debug\PumpCtrl.o
 .debug_aranges
                0x00000120       0x40 .\CortexM3\ARM_GCC_541\Debug\Temperature.o
 .debug_aranges
                0x00000160       0x38 .\CortexM3\ARM_GCC_541\Debug\switch.o
 .debug_aranges
                0x00000198       0x28 .\CortexM3\ARM_GCC_541\Debug\LED.o
 .debug_aranges
                0x000001c0       0x28 .\CortexM3\ARM_GCC_541\Debug\ClockCounter_test.o
 .debug_aranges
                0x000001e8       0x20 .\CortexM3\ARM_GCC_541\Debug\SPI_test.o
 .debug_aranges
                0x00000208       0x28 .\CortexM3\ARM_GCC_541\Debug\Switch_test.o
 .debug_aranges
                0x00000230       0x20 .\CortexM3\ARM_GCC_541\Debug\TempSensor_test.o
 .debug_aranges
                0x00000250       0x30 .\CortexM3\ARM_GCC_541\Debug\VDAC_test.o
 .debug_aranges
                0x00000280       0x38 .\CortexM3\ARM_GCC_541\Debug\PumpCtrlUnitTest.o
 .debug_aranges
                0x000002b8       0x28 .\CortexM3\ARM_GCC_541\Debug\SwitchUnitTest.o
 .debug_aranges
                0x000002e0       0x28 .\CortexM3\ARM_GCC_541\Debug\TemperatureUnitTest.o
 .debug_aranges
                0x00000308       0x58 .\CortexM3\ARM_GCC_541\Debug\cyfitter_cfg.o
 .debug_aranges
                0x00000360       0x18 .\CortexM3\ARM_GCC_541\Debug\cymetadata.o
 .debug_aranges
                0x00000378       0x48 .\CortexM3\ARM_GCC_541\Debug\Cm3Start.o
 .debug_aranges
                0x000003c0      0x2a0 .\CortexM3\ARM_GCC_541\Debug\Microcontroller_coolingsystem.a(CyLib.o)
 .debug_aranges
                0x00000660       0x98 .\CortexM3\ARM_GCC_541\Debug\Microcontroller_coolingsystem.a(cyPm.o)
 .debug_aranges
                0x000006f8       0xd8 .\CortexM3\ARM_GCC_541\Debug\Microcontroller_coolingsystem.a(SPIM_1.o)
 .debug_aranges
                0x000007d0       0x70 .\CortexM3\ARM_GCC_541\Debug\Microcontroller_coolingsystem.a(SPIM_1_IntClock.o)
 .debug_aranges
                0x00000840       0xf0 .\CortexM3\ARM_GCC_541\Debug\Microcontroller_coolingsystem.a(UART_1.o)
 .debug_aranges
                0x00000930       0x80 .\CortexM3\ARM_GCC_541\Debug\Microcontroller_coolingsystem.a(isr_uart_rx.o)
 .debug_aranges
                0x000009b0       0x70 .\CortexM3\ARM_GCC_541\Debug\Microcontroller_coolingsystem.a(UART_1_IntClock.o)
 .debug_aranges
                0x00000a20       0x38 .\CortexM3\ARM_GCC_541\Debug\Microcontroller_coolingsystem.a(SS.o)
 .debug_aranges
                0x00000a58       0x38 .\CortexM3\ARM_GCC_541\Debug\Microcontroller_coolingsystem.a(LED_pin.o)
 .debug_aranges
                0x00000a90       0x28 .\CortexM3\ARM_GCC_541\Debug\Microcontroller_coolingsystem.a(RTD_1.o)
 .debug_aranges
                0x00000ab8       0x80 .\CortexM3\ARM_GCC_541\Debug\Microcontroller_coolingsystem.a(isr_clock.o)
 .debug_aranges
                0x00000b38       0x80 .\CortexM3\ARM_GCC_541\Debug\Microcontroller_coolingsystem.a(Temp_sample_counter.o)
 .debug_aranges
                0x00000bb8       0x38 .\CortexM3\ARM_GCC_541\Debug\Microcontroller_coolingsystem.a(Switch_output.o)
 .debug_aranges
                0x00000bf0       0x48 .\CortexM3\ARM_GCC_541\Debug\Microcontroller_coolingsystem.a(Switch_input.o)
 .debug_aranges
                0x00000c38       0x80 .\CortexM3\ARM_GCC_541\Debug\Microcontroller_coolingsystem.a(switch_input_interrupt.o)
 .debug_aranges
                0x00000cb8       0x48 .\CortexM3\ARM_GCC_541\Debug\Microcontroller_coolingsystem.a(PGA_SpeedControl.o)
 .debug_aranges
                0x00000d00       0x58 .\CortexM3\ARM_GCC_541\Debug\Microcontroller_coolingsystem.a(VDAC8_SpeedControl.o)
 .debug_aranges
                0x00000d58       0x58 .\CortexM3\ARM_GCC_541\Debug\Microcontroller_coolingsystem.a(VDAC8_Enabling.o)
 .debug_aranges
                0x00000db0       0x70 .\CortexM3\ARM_GCC_541\Debug\Microcontroller_coolingsystem.a(Clock_TempSampling.o)
 .debug_aranges
                0x00000e20       0x20 .\CortexM3\ARM_GCC_541\Debug\Microcontroller_coolingsystem.a(CyBootAsmGnu.o)
 .debug_aranges
                0x00000e40       0x88 .\CortexM3\ARM_GCC_541\Debug\Microcontroller_coolingsystem.a(CyFlash.o)
 .debug_aranges
                0x00000ec8       0x80 .\CortexM3\ARM_GCC_541\Debug\Microcontroller_coolingsystem.a(CySpc.o)

.debug_pubnames
 *(.debug_pubnames)

.debug_info     0x00000000     0x7d38
 *(.debug_info .gnu.linkonce.wi.*)
 .debug_info    0x00000000      0x407 .\CortexM3\ARM_GCC_541\Debug\SystemController.o
 .debug_info    0x00000407      0x661 .\CortexM3\ARM_GCC_541\Debug\Amplifier.o
 .debug_info    0x00000a68      0x2a4 .\CortexM3\ARM_GCC_541\Debug\PumpCtrl.o
 .debug_info    0x00000d0c      0x20e .\CortexM3\ARM_GCC_541\Debug\Temperature.o
 .debug_info    0x00000f1a      0x218 .\CortexM3\ARM_GCC_541\Debug\switch.o
 .debug_info    0x00001132       0xd7 .\CortexM3\ARM_GCC_541\Debug\LED.o
 .debug_info    0x00001209      0x152 .\CortexM3\ARM_GCC_541\Debug\ClockCounter_test.o
 .debug_info    0x0000135b       0xc7 .\CortexM3\ARM_GCC_541\Debug\SPI_test.o
 .debug_info    0x00001422      0x159 .\CortexM3\ARM_GCC_541\Debug\Switch_test.o
 .debug_info    0x0000157b      0x282 .\CortexM3\ARM_GCC_541\Debug\TempSensor_test.o
 .debug_info    0x000017fd      0x32b .\CortexM3\ARM_GCC_541\Debug\VDAC_test.o
 .debug_info    0x00001b28      0x1a5 .\CortexM3\ARM_GCC_541\Debug\PumpCtrlUnitTest.o
 .debug_info    0x00001ccd      0x122 .\CortexM3\ARM_GCC_541\Debug\SwitchUnitTest.o
 .debug_info    0x00001def       0xfc .\CortexM3\ARM_GCC_541\Debug\TemperatureUnitTest.o
 .debug_info    0x00001eeb      0x5f2 .\CortexM3\ARM_GCC_541\Debug\cyfitter_cfg.o
 .debug_info    0x000024dd      0x139 .\CortexM3\ARM_GCC_541\Debug\cymetadata.o
 .debug_info    0x00002616      0x3bb .\CortexM3\ARM_GCC_541\Debug\Cm3Start.o
 .debug_info    0x000029d1     0x1374 .\CortexM3\ARM_GCC_541\Debug\Microcontroller_coolingsystem.a(CyLib.o)
 .debug_info    0x00003d45      0xa2a .\CortexM3\ARM_GCC_541\Debug\Microcontroller_coolingsystem.a(cyPm.o)
 .debug_info    0x0000476f      0x4bb .\CortexM3\ARM_GCC_541\Debug\Microcontroller_coolingsystem.a(SPIM_1.o)
 .debug_info    0x00004c2a      0x283 .\CortexM3\ARM_GCC_541\Debug\Microcontroller_coolingsystem.a(SPIM_1_IntClock.o)
 .debug_info    0x00004ead      0x60c .\CortexM3\ARM_GCC_541\Debug\Microcontroller_coolingsystem.a(UART_1.o)
 .debug_info    0x000054b9      0x2d2 .\CortexM3\ARM_GCC_541\Debug\Microcontroller_coolingsystem.a(isr_uart_rx.o)
 .debug_info    0x0000578b      0x283 .\CortexM3\ARM_GCC_541\Debug\Microcontroller_coolingsystem.a(UART_1_IntClock.o)
 .debug_info    0x00005a0e      0x11f .\CortexM3\ARM_GCC_541\Debug\Microcontroller_coolingsystem.a(SS.o)
 .debug_info    0x00005b2d      0x11f .\CortexM3\ARM_GCC_541\Debug\Microcontroller_coolingsystem.a(LED_pin.o)
 .debug_info    0x00005c4c      0x1b7 .\CortexM3\ARM_GCC_541\Debug\Microcontroller_coolingsystem.a(RTD_1.o)
 .debug_info    0x00005e03      0x2d2 .\CortexM3\ARM_GCC_541\Debug\Microcontroller_coolingsystem.a(isr_clock.o)
 .debug_info    0x000060d5      0x28d .\CortexM3\ARM_GCC_541\Debug\Microcontroller_coolingsystem.a(Temp_sample_counter.o)
 .debug_info    0x00006362      0x11f .\CortexM3\ARM_GCC_541\Debug\Microcontroller_coolingsystem.a(Switch_output.o)
 .debug_info    0x00006481      0x172 .\CortexM3\ARM_GCC_541\Debug\Microcontroller_coolingsystem.a(Switch_input.o)
 .debug_info    0x000065f3      0x2d2 .\CortexM3\ARM_GCC_541\Debug\Microcontroller_coolingsystem.a(switch_input_interrupt.o)
 .debug_info    0x000068c5      0x1d3 .\CortexM3\ARM_GCC_541\Debug\Microcontroller_coolingsystem.a(PGA_SpeedControl.o)
 .debug_info    0x00006a98      0x1de .\CortexM3\ARM_GCC_541\Debug\Microcontroller_coolingsystem.a(VDAC8_SpeedControl.o)
 .debug_info    0x00006c76      0x1de .\CortexM3\ARM_GCC_541\Debug\Microcontroller_coolingsystem.a(VDAC8_Enabling.o)
 .debug_info    0x00006e54      0x283 .\CortexM3\ARM_GCC_541\Debug\Microcontroller_coolingsystem.a(Clock_TempSampling.o)
 .debug_info    0x000070d7       0xc4 .\CortexM3\ARM_GCC_541\Debug\Microcontroller_coolingsystem.a(CyBootAsmGnu.o)
 .debug_info    0x0000719b      0x64d .\CortexM3\ARM_GCC_541\Debug\Microcontroller_coolingsystem.a(CyFlash.o)
 .debug_info    0x000077e8      0x550 .\CortexM3\ARM_GCC_541\Debug\Microcontroller_coolingsystem.a(CySpc.o)

.debug_abbrev   0x00000000     0x2829
 *(.debug_abbrev)
 .debug_abbrev  0x00000000      0x14c .\CortexM3\ARM_GCC_541\Debug\SystemController.o
 .debug_abbrev  0x0000014c      0x139 .\CortexM3\ARM_GCC_541\Debug\Amplifier.o
 .debug_abbrev  0x00000285       0xe5 .\CortexM3\ARM_GCC_541\Debug\PumpCtrl.o
 .debug_abbrev  0x0000036a      0x115 .\CortexM3\ARM_GCC_541\Debug\Temperature.o
 .debug_abbrev  0x0000047f       0xba .\CortexM3\ARM_GCC_541\Debug\switch.o
 .debug_abbrev  0x00000539       0x6a .\CortexM3\ARM_GCC_541\Debug\LED.o
 .debug_abbrev  0x000005a3       0x94 .\CortexM3\ARM_GCC_541\Debug\ClockCounter_test.o
 .debug_abbrev  0x00000637       0x5e .\CortexM3\ARM_GCC_541\Debug\SPI_test.o
 .debug_abbrev  0x00000695       0x9f .\CortexM3\ARM_GCC_541\Debug\Switch_test.o
 .debug_abbrev  0x00000734       0x8b .\CortexM3\ARM_GCC_541\Debug\TempSensor_test.o
 .debug_abbrev  0x000007bf      0x12e .\CortexM3\ARM_GCC_541\Debug\VDAC_test.o
 .debug_abbrev  0x000008ed       0x9e .\CortexM3\ARM_GCC_541\Debug\PumpCtrlUnitTest.o
 .debug_abbrev  0x0000098b       0x77 .\CortexM3\ARM_GCC_541\Debug\SwitchUnitTest.o
 .debug_abbrev  0x00000a02       0x8d .\CortexM3\ARM_GCC_541\Debug\TemperatureUnitTest.o
 .debug_abbrev  0x00000a8f      0x20d .\CortexM3\ARM_GCC_541\Debug\cyfitter_cfg.o
 .debug_abbrev  0x00000c9c       0x77 .\CortexM3\ARM_GCC_541\Debug\cymetadata.o
 .debug_abbrev  0x00000d13      0x1e8 .\CortexM3\ARM_GCC_541\Debug\Cm3Start.o
 .debug_abbrev  0x00000efb      0x254 .\CortexM3\ARM_GCC_541\Debug\Microcontroller_coolingsystem.a(CyLib.o)
 .debug_abbrev  0x0000114f      0x1ab .\CortexM3\ARM_GCC_541\Debug\Microcontroller_coolingsystem.a(cyPm.o)
 .debug_abbrev  0x000012fa      0x146 .\CortexM3\ARM_GCC_541\Debug\Microcontroller_coolingsystem.a(SPIM_1.o)
 .debug_abbrev  0x00001440      0x139 .\CortexM3\ARM_GCC_541\Debug\Microcontroller_coolingsystem.a(SPIM_1_IntClock.o)
 .debug_abbrev  0x00001579      0x175 .\CortexM3\ARM_GCC_541\Debug\Microcontroller_coolingsystem.a(UART_1.o)
 .debug_abbrev  0x000016ee      0x173 .\CortexM3\ARM_GCC_541\Debug\Microcontroller_coolingsystem.a(isr_uart_rx.o)
 .debug_abbrev  0x00001861      0x139 .\CortexM3\ARM_GCC_541\Debug\Microcontroller_coolingsystem.a(UART_1_IntClock.o)
 .debug_abbrev  0x0000199a       0x90 .\CortexM3\ARM_GCC_541\Debug\Microcontroller_coolingsystem.a(SS.o)
 .debug_abbrev  0x00001a2a       0x90 .\CortexM3\ARM_GCC_541\Debug\Microcontroller_coolingsystem.a(LED_pin.o)
 .debug_abbrev  0x00001aba       0xcc .\CortexM3\ARM_GCC_541\Debug\Microcontroller_coolingsystem.a(RTD_1.o)
 .debug_abbrev  0x00001b86      0x173 .\CortexM3\ARM_GCC_541\Debug\Microcontroller_coolingsystem.a(isr_clock.o)
 .debug_abbrev  0x00001cf9      0x122 .\CortexM3\ARM_GCC_541\Debug\Microcontroller_coolingsystem.a(Temp_sample_counter.o)
 .debug_abbrev  0x00001e1b       0x90 .\CortexM3\ARM_GCC_541\Debug\Microcontroller_coolingsystem.a(Switch_output.o)
 .debug_abbrev  0x00001eab       0x9f .\CortexM3\ARM_GCC_541\Debug\Microcontroller_coolingsystem.a(Switch_input.o)
 .debug_abbrev  0x00001f4a      0x173 .\CortexM3\ARM_GCC_541\Debug\Microcontroller_coolingsystem.a(switch_input_interrupt.o)
 .debug_abbrev  0x000020bd       0xf6 .\CortexM3\ARM_GCC_541\Debug\Microcontroller_coolingsystem.a(PGA_SpeedControl.o)
 .debug_abbrev  0x000021b3       0xf7 .\CortexM3\ARM_GCC_541\Debug\Microcontroller_coolingsystem.a(VDAC8_SpeedControl.o)
 .debug_abbrev  0x000022aa       0xf7 .\CortexM3\ARM_GCC_541\Debug\Microcontroller_coolingsystem.a(VDAC8_Enabling.o)
 .debug_abbrev  0x000023a1      0x139 .\CortexM3\ARM_GCC_541\Debug\Microcontroller_coolingsystem.a(Clock_TempSampling.o)
 .debug_abbrev  0x000024da       0x14 .\CortexM3\ARM_GCC_541\Debug\Microcontroller_coolingsystem.a(CyBootAsmGnu.o)
 .debug_abbrev  0x000024ee      0x1a7 .\CortexM3\ARM_GCC_541\Debug\Microcontroller_coolingsystem.a(CyFlash.o)
 .debug_abbrev  0x00002695      0x194 .\CortexM3\ARM_GCC_541\Debug\Microcontroller_coolingsystem.a(CySpc.o)

.debug_line     0x00000000     0x3afc
 *(.debug_line)
 .debug_line    0x00000000      0x2e2 .\CortexM3\ARM_GCC_541\Debug\SystemController.o
 .debug_line    0x000002e2      0x29d .\CortexM3\ARM_GCC_541\Debug\Amplifier.o
 .debug_line    0x0000057f      0x100 .\CortexM3\ARM_GCC_541\Debug\PumpCtrl.o
 .debug_line    0x0000067f      0x1af .\CortexM3\ARM_GCC_541\Debug\Temperature.o
 .debug_line    0x0000082e      0x110 .\CortexM3\ARM_GCC_541\Debug\switch.o
 .debug_line    0x0000093e       0x6a .\CortexM3\ARM_GCC_541\Debug\LED.o
 .debug_line    0x000009a8       0xa3 .\CortexM3\ARM_GCC_541\Debug\ClockCounter_test.o
 .debug_line    0x00000a4b      0x137 .\CortexM3\ARM_GCC_541\Debug\SPI_test.o
 .debug_line    0x00000b82       0xb6 .\CortexM3\ARM_GCC_541\Debug\Switch_test.o
 .debug_line    0x00000c38       0x8a .\CortexM3\ARM_GCC_541\Debug\TempSensor_test.o
 .debug_line    0x00000cc2      0x248 .\CortexM3\ARM_GCC_541\Debug\VDAC_test.o
 .debug_line    0x00000f0a       0xb5 .\CortexM3\ARM_GCC_541\Debug\PumpCtrlUnitTest.o
 .debug_line    0x00000fbf       0x94 .\CortexM3\ARM_GCC_541\Debug\SwitchUnitTest.o
 .debug_line    0x00001053       0x68 .\CortexM3\ARM_GCC_541\Debug\TemperatureUnitTest.o
 .debug_line    0x000010bb      0x200 .\CortexM3\ARM_GCC_541\Debug\cyfitter_cfg.o
 .debug_line    0x000012bb      0x141 .\CortexM3\ARM_GCC_541\Debug\cymetadata.o
 .debug_line    0x000013fc      0x234 .\CortexM3\ARM_GCC_541\Debug\Cm3Start.o
 .debug_line    0x00001630      0x816 .\CortexM3\ARM_GCC_541\Debug\Microcontroller_coolingsystem.a(CyLib.o)
 .debug_line    0x00001e46      0x367 .\CortexM3\ARM_GCC_541\Debug\Microcontroller_coolingsystem.a(cyPm.o)
 .debug_line    0x000021ad      0x247 .\CortexM3\ARM_GCC_541\Debug\Microcontroller_coolingsystem.a(SPIM_1.o)
 .debug_line    0x000023f4      0x17e .\CortexM3\ARM_GCC_541\Debug\Microcontroller_coolingsystem.a(SPIM_1_IntClock.o)
 .debug_line    0x00002572      0x2c0 .\CortexM3\ARM_GCC_541\Debug\Microcontroller_coolingsystem.a(UART_1.o)
 .debug_line    0x00002832      0x138 .\CortexM3\ARM_GCC_541\Debug\Microcontroller_coolingsystem.a(isr_uart_rx.o)
 .debug_line    0x0000296a      0x17e .\CortexM3\ARM_GCC_541\Debug\Microcontroller_coolingsystem.a(UART_1_IntClock.o)
 .debug_line    0x00002ae8       0x8f .\CortexM3\ARM_GCC_541\Debug\Microcontroller_coolingsystem.a(SS.o)
 .debug_line    0x00002b77       0x94 .\CortexM3\ARM_GCC_541\Debug\Microcontroller_coolingsystem.a(LED_pin.o)
 .debug_line    0x00002c0b       0xa8 .\CortexM3\ARM_GCC_541\Debug\Microcontroller_coolingsystem.a(RTD_1.o)
 .debug_line    0x00002cb3      0x136 .\CortexM3\ARM_GCC_541\Debug\Microcontroller_coolingsystem.a(isr_clock.o)
 .debug_line    0x00002de9      0x167 .\CortexM3\ARM_GCC_541\Debug\Microcontroller_coolingsystem.a(Temp_sample_counter.o)
 .debug_line    0x00002f50       0x9a .\CortexM3\ARM_GCC_541\Debug\Microcontroller_coolingsystem.a(Switch_output.o)
 .debug_line    0x00002fea       0xbd .\CortexM3\ARM_GCC_541\Debug\Microcontroller_coolingsystem.a(Switch_input.o)
 .debug_line    0x000030a7      0x143 .\CortexM3\ARM_GCC_541\Debug\Microcontroller_coolingsystem.a(switch_input_interrupt.o)
 .debug_line    0x000031ea       0xd7 .\CortexM3\ARM_GCC_541\Debug\Microcontroller_coolingsystem.a(PGA_SpeedControl.o)
 .debug_line    0x000032c1       0xef .\CortexM3\ARM_GCC_541\Debug\Microcontroller_coolingsystem.a(VDAC8_SpeedControl.o)
 .debug_line    0x000033b0       0xeb .\CortexM3\ARM_GCC_541\Debug\Microcontroller_coolingsystem.a(VDAC8_Enabling.o)
 .debug_line    0x0000349b      0x181 .\CortexM3\ARM_GCC_541\Debug\Microcontroller_coolingsystem.a(Clock_TempSampling.o)
 .debug_line    0x0000361c       0x66 .\CortexM3\ARM_GCC_541\Debug\Microcontroller_coolingsystem.a(CyBootAsmGnu.o)
 .debug_line    0x00003682      0x21a .\CortexM3\ARM_GCC_541\Debug\Microcontroller_coolingsystem.a(CyFlash.o)
 .debug_line    0x0000389c      0x260 .\CortexM3\ARM_GCC_541\Debug\Microcontroller_coolingsystem.a(CySpc.o)

.debug_frame    0x00000000     0x2bd0
 *(.debug_frame)
 .debug_frame   0x00000000       0xb8 .\CortexM3\ARM_GCC_541\Debug\SystemController.o
 .debug_frame   0x000000b8      0x1ac .\CortexM3\ARM_GCC_541\Debug\Amplifier.o
 .debug_frame   0x00000264       0xac .\CortexM3\ARM_GCC_541\Debug\PumpCtrl.o
 .debug_frame   0x00000310       0x84 .\CortexM3\ARM_GCC_541\Debug\Temperature.o
 .debug_frame   0x00000394       0x80 .\CortexM3\ARM_GCC_541\Debug\switch.o
 .debug_frame   0x00000414       0x48 .\CortexM3\ARM_GCC_541\Debug\LED.o
 .debug_frame   0x0000045c       0x48 .\CortexM3\ARM_GCC_541\Debug\ClockCounter_test.o
 .debug_frame   0x000004a4       0x20 .\CortexM3\ARM_GCC_541\Debug\SPI_test.o
 .debug_frame   0x000004c4       0x48 .\CortexM3\ARM_GCC_541\Debug\Switch_test.o
 .debug_frame   0x0000050c       0x2c .\CortexM3\ARM_GCC_541\Debug\TempSensor_test.o
 .debug_frame   0x00000538       0x74 .\CortexM3\ARM_GCC_541\Debug\VDAC_test.o
 .debug_frame   0x000005ac       0x80 .\CortexM3\ARM_GCC_541\Debug\PumpCtrlUnitTest.o
 .debug_frame   0x0000062c       0x48 .\CortexM3\ARM_GCC_541\Debug\SwitchUnitTest.o
 .debug_frame   0x00000674       0x3c .\CortexM3\ARM_GCC_541\Debug\TemperatureUnitTest.o
 .debug_frame   0x000006b0       0xe4 .\CortexM3\ARM_GCC_541\Debug\cyfitter_cfg.o
 .debug_frame   0x00000794       0xb8 .\CortexM3\ARM_GCC_541\Debug\Cm3Start.o
 .debug_frame   0x0000084c      0x738 .\CortexM3\ARM_GCC_541\Debug\Microcontroller_coolingsystem.a(CyLib.o)
 .debug_frame   0x00000f84      0x1f8 .\CortexM3\ARM_GCC_541\Debug\Microcontroller_coolingsystem.a(cyPm.o)
 .debug_frame   0x0000117c      0x1e8 .\CortexM3\ARM_GCC_541\Debug\Microcontroller_coolingsystem.a(SPIM_1.o)
 .debug_frame   0x00001364       0xe0 .\CortexM3\ARM_GCC_541\Debug\Microcontroller_coolingsystem.a(SPIM_1_IntClock.o)
 .debug_frame   0x00001444      0x250 .\CortexM3\ARM_GCC_541\Debug\Microcontroller_coolingsystem.a(UART_1.o)
 .debug_frame   0x00001694      0x104 .\CortexM3\ARM_GCC_541\Debug\Microcontroller_coolingsystem.a(isr_uart_rx.o)
 .debug_frame   0x00001798       0xe0 .\CortexM3\ARM_GCC_541\Debug\Microcontroller_coolingsystem.a(UART_1_IntClock.o)
 .debug_frame   0x00001878       0x50 .\CortexM3\ARM_GCC_541\Debug\Microcontroller_coolingsystem.a(SS.o)
 .debug_frame   0x000018c8       0x50 .\CortexM3\ARM_GCC_541\Debug\Microcontroller_coolingsystem.a(LED_pin.o)
 .debug_frame   0x00001918       0x5c .\CortexM3\ARM_GCC_541\Debug\Microcontroller_coolingsystem.a(RTD_1.o)
 .debug_frame   0x00001974      0x104 .\CortexM3\ARM_GCC_541\Debug\Microcontroller_coolingsystem.a(isr_clock.o)
 .debug_frame   0x00001a78      0x104 .\CortexM3\ARM_GCC_541\Debug\Microcontroller_coolingsystem.a(Temp_sample_counter.o)
 .debug_frame   0x00001b7c       0x50 .\CortexM3\ARM_GCC_541\Debug\Microcontroller_coolingsystem.a(Switch_output.o)
 .debug_frame   0x00001bcc       0x70 .\CortexM3\ARM_GCC_541\Debug\Microcontroller_coolingsystem.a(Switch_input.o)
 .debug_frame   0x00001c3c      0x104 .\CortexM3\ARM_GCC_541\Debug\Microcontroller_coolingsystem.a(switch_input_interrupt.o)
 .debug_frame   0x00001d40       0x9c .\CortexM3\ARM_GCC_541\Debug\Microcontroller_coolingsystem.a(PGA_SpeedControl.o)
 .debug_frame   0x00001ddc       0xb4 .\CortexM3\ARM_GCC_541\Debug\Microcontroller_coolingsystem.a(VDAC8_SpeedControl.o)
 .debug_frame   0x00001e90       0xb4 .\CortexM3\ARM_GCC_541\Debug\Microcontroller_coolingsystem.a(VDAC8_Enabling.o)
 .debug_frame   0x00001f44       0xe0 .\CortexM3\ARM_GCC_541\Debug\Microcontroller_coolingsystem.a(Clock_TempSampling.o)
 .debug_frame   0x00002024      0x194 .\CortexM3\ARM_GCC_541\Debug\Microcontroller_coolingsystem.a(CyFlash.o)
 .debug_frame   0x000021b8      0x180 .\CortexM3\ARM_GCC_541\Debug\Microcontroller_coolingsystem.a(CySpc.o)
 .debug_frame   0x00002338       0x20 c:/program files (x86)/cypress/psoc creator/4.4/psoc creator/import/gnu/arm/5.4.1/bin/../lib/gcc/arm-none-eabi/5.4.1/../../../../arm-none-eabi/lib/armv7-m\libg_nano.a(lib_a-errno.o)
 .debug_frame   0x00002358       0x28 c:/program files (x86)/cypress/psoc creator/4.4/psoc creator/import/gnu/arm/5.4.1/bin/../lib/gcc/arm-none-eabi/5.4.1/../../../../arm-none-eabi/lib/armv7-m\libg_nano.a(lib_a-exit.o)
 .debug_frame   0x00002380       0x2c c:/program files (x86)/cypress/psoc creator/4.4/psoc creator/import/gnu/arm/5.4.1/bin/../lib/gcc/arm-none-eabi/5.4.1/../../../../arm-none-eabi/lib/armv7-m\libg_nano.a(lib_a-init.o)
 .debug_frame   0x000023ac       0x28 c:/program files (x86)/cypress/psoc creator/4.4/psoc creator/import/gnu/arm/5.4.1/bin/../lib/gcc/arm-none-eabi/5.4.1/../../../../arm-none-eabi/lib/armv7-m\libg_nano.a(lib_a-memcpy-stub.o)
 .debug_frame   0x000023d4       0x20 c:/program files (x86)/cypress/psoc creator/4.4/psoc creator/import/gnu/arm/5.4.1/bin/../lib/gcc/arm-none-eabi/5.4.1/../../../../arm-none-eabi/lib/armv7-m\libg_nano.a(lib_a-memset.o)
 .debug_frame   0x000023f4       0x8c c:/program files (x86)/cypress/psoc creator/4.4/psoc creator/import/gnu/arm/5.4.1/bin/../lib/gcc/arm-none-eabi/5.4.1/../../../../arm-none-eabi/lib/armv7-m\libg_nano.a(lib_a-nano-vfprintf_float.o)
 .debug_frame   0x00002480       0x60 c:/program files (x86)/cypress/psoc creator/4.4/psoc creator/import/gnu/arm/5.4.1/bin/../lib/gcc/arm-none-eabi/5.4.1/../../../../arm-none-eabi/lib/armv7-m\libg_nano.a(lib_a-nano-vfprintf_i.o)
 .debug_frame   0x000024e0       0x74 c:/program files (x86)/cypress/psoc creator/4.4/psoc creator/import/gnu/arm/5.4.1/bin/../lib/gcc/arm-none-eabi/5.4.1/../../../../arm-none-eabi/lib/armv7-m\libg_nano.a(lib_a-snprintf.o)
 .debug_frame   0x00002554       0x70 c:/program files (x86)/cypress/psoc creator/4.4/psoc creator/import/gnu/arm/5.4.1/bin/../lib/gcc/arm-none-eabi/5.4.1/../../../../arm-none-eabi/lib/armv7-m\libg_nano.a(lib_a-sprintf.o)
 .debug_frame   0x000025c4       0x6c c:/program files (x86)/cypress/psoc creator/4.4/psoc creator/import/gnu/arm/5.4.1/bin/../lib/gcc/arm-none-eabi/5.4.1/../../../../arm-none-eabi/lib/armv7-m\libg_nano.a(lib_a-dtoa.o)
 .debug_frame   0x00002630       0x98 c:/program files (x86)/cypress/psoc creator/4.4/psoc creator/import/gnu/arm/5.4.1/bin/../lib/gcc/arm-none-eabi/5.4.1/../../../../arm-none-eabi/lib/armv7-m\libg_nano.a(lib_a-locale.o)
 .debug_frame   0x000026c8       0x30 c:/program files (x86)/cypress/psoc creator/4.4/psoc creator/import/gnu/arm/5.4.1/bin/../lib/gcc/arm-none-eabi/5.4.1/../../../../arm-none-eabi/lib/armv7-m\libg_nano.a(lib_a-malloc.o)
 .debug_frame   0x000026f8       0x28 c:/program files (x86)/cypress/psoc creator/4.4/psoc creator/import/gnu/arm/5.4.1/bin/../lib/gcc/arm-none-eabi/5.4.1/../../../../arm-none-eabi/lib/armv7-m\libg_nano.a(lib_a-memchr-stub.o)
 .debug_frame   0x00002720      0x234 c:/program files (x86)/cypress/psoc creator/4.4/psoc creator/import/gnu/arm/5.4.1/bin/../lib/gcc/arm-none-eabi/5.4.1/../../../../arm-none-eabi/lib/armv7-m\libg_nano.a(lib_a-mprec.o)
 .debug_frame   0x00002954       0x2c c:/program files (x86)/cypress/psoc creator/4.4/psoc creator/import/gnu/arm/5.4.1/bin/../lib/gcc/arm-none-eabi/5.4.1/../../../../arm-none-eabi/lib/armv7-m\libg_nano.a(lib_a-nano-callocr.o)
 .debug_frame   0x00002980       0x38 c:/program files (x86)/cypress/psoc creator/4.4/psoc creator/import/gnu/arm/5.4.1/bin/../lib/gcc/arm-none-eabi/5.4.1/../../../../arm-none-eabi/lib/armv7-m\libg_nano.a(lib_a-nano-freer.o)
 .debug_frame   0x000029b8       0x2c c:/program files (x86)/cypress/psoc creator/4.4/psoc creator/import/gnu/arm/5.4.1/bin/../lib/gcc/arm-none-eabi/5.4.1/../../../../arm-none-eabi/lib/armv7-m\libg_nano.a(lib_a-nano-mallocr.o)
 .debug_frame   0x000029e4       0x90 c:/program files (x86)/cypress/psoc creator/4.4/psoc creator/import/gnu/arm/5.4.1/bin/../lib/gcc/arm-none-eabi/5.4.1/../../../../arm-none-eabi/lib/armv7-m\libg_nano.a(lib_a-nano-svfprintf.o)
 .debug_frame   0x00002a74       0x2c c:/program files (x86)/cypress/psoc creator/4.4/psoc creator/import/gnu/arm/5.4.1/bin/../lib/gcc/arm-none-eabi/5.4.1/../../../../arm-none-eabi/lib/armv7-m\libg_nano.a(lib_a-sbrkr.o)
 .debug_frame   0x00002aa0       0x20 c:/program files (x86)/cypress/psoc creator/4.4/psoc creator/import/gnu/arm/5.4.1/bin/../lib/gcc/arm-none-eabi/5.4.1/../../../../arm-none-eabi/lib/armv7-m\libg_nano.a(lib_a-strcmp.o)
 .debug_frame   0x00002ac0       0x28 c:/program files (x86)/cypress/psoc creator/4.4/psoc creator/import/gnu/arm/5.4.1/bin/../lib/gcc/arm-none-eabi/5.4.1/../../../../arm-none-eabi/lib/armv7-m\libg_nano.a(lib_a-memmove.o)
 .debug_frame   0x00002ae8       0x30 c:/program files (x86)/cypress/psoc creator/4.4/psoc creator/import/gnu/arm/5.4.1/bin/../lib/gcc/arm-none-eabi/5.4.1/../../../../arm-none-eabi/lib/armv7-m\libg_nano.a(lib_a-mlock.o)
 .debug_frame   0x00002b18       0x3c c:/program files (x86)/cypress/psoc creator/4.4/psoc creator/import/gnu/arm/5.4.1/bin/../lib/gcc/arm-none-eabi/5.4.1/../../../../arm-none-eabi/lib/armv7-m\libg_nano.a(lib_a-nano-reallocr.o)
 .debug_frame   0x00002b54       0x5c c:/program files (x86)/cypress/psoc creator/4.4/psoc creator/import/gnu/arm/5.4.1/bin/../lib/gcc/arm-none-eabi/5.4.1/../../../../arm-none-eabi/lib/armv7-m\libg_nano.a(lib_a-reent.o)
 .debug_frame   0x00002bb0       0x20 c:/program files (x86)/cypress/psoc creator/4.4/psoc creator/import/gnu/arm/5.4.1/bin/../lib/gcc/arm-none-eabi/5.4.1/../../../../arm-none-eabi/lib/armv7-m\libg_nano.a(lib_a-nano-msizer.o)

.debug_str      0x00000000     0x2f93
 *(.debug_str)
 .debug_str     0x00000000      0x3a5 .\CortexM3\ARM_GCC_541\Debug\SystemController.o
                                0x40c (size before relaxing)
 .debug_str     0x000003a5      0x172 .\CortexM3\ARM_GCC_541\Debug\Amplifier.o
                                0x39d (size before relaxing)
 .debug_str     0x00000517      0x144 .\CortexM3\ARM_GCC_541\Debug\PumpCtrl.o
                                0x334 (size before relaxing)
 .debug_str     0x0000065b       0x7d .\CortexM3\ARM_GCC_541\Debug\Temperature.o
                                0x2a4 (size before relaxing)
 .debug_str     0x000006d8       0xb5 .\CortexM3\ARM_GCC_541\Debug\switch.o
                                0x2a0 (size before relaxing)
 .debug_str     0x0000078d       0x14 .\CortexM3\ARM_GCC_541\Debug\LED.o
                                0x1bf (size before relaxing)
 .debug_str     0x000007a1       0x41 .\CortexM3\ARM_GCC_541\Debug\ClockCounter_test.o
                                0x261 (size before relaxing)
 .debug_str     0x000007e2       0x15 .\CortexM3\ARM_GCC_541\Debug\SPI_test.o
                                0x1db (size before relaxing)
 .debug_str     0x000007f7       0x33 .\CortexM3\ARM_GCC_541\Debug\Switch_test.o
                                0x24f (size before relaxing)
 .debug_str     0x0000082a       0xfb .\CortexM3\ARM_GCC_541\Debug\TempSensor_test.o
                                0x2ed (size before relaxing)
 .debug_str     0x00000925       0xeb .\CortexM3\ARM_GCC_541\Debug\VDAC_test.o
                                0x2de (size before relaxing)
 .debug_str     0x00000a10       0x87 .\CortexM3\ARM_GCC_541\Debug\PumpCtrlUnitTest.o
                                0x26d (size before relaxing)
 .debug_str     0x00000a97       0x6c .\CortexM3\ARM_GCC_541\Debug\SwitchUnitTest.o
                                0x254 (size before relaxing)
 .debug_str     0x00000b03       0x75 .\CortexM3\ARM_GCC_541\Debug\TemperatureUnitTest.o
                                0x233 (size before relaxing)
 .debug_str     0x00000b78      0x1a2 .\CortexM3\ARM_GCC_541\Debug\cyfitter_cfg.o
                                0x378 (size before relaxing)
 .debug_str     0x00000d1a       0x75 .\CortexM3\ARM_GCC_541\Debug\cymetadata.o
                                0x218 (size before relaxing)
 .debug_str     0x00000d8f      0x144 .\CortexM3\ARM_GCC_541\Debug\Cm3Start.o
                                0x33e (size before relaxing)
 .debug_str     0x00000ed3      0x841 .\CortexM3\ARM_GCC_541\Debug\Microcontroller_coolingsystem.a(CyLib.o)
                                0xa7b (size before relaxing)
 .debug_str     0x00001714      0x365 .\CortexM3\ARM_GCC_541\Debug\Microcontroller_coolingsystem.a(cyPm.o)
                                0x767 (size before relaxing)
 .debug_str     0x00001a79      0x231 .\CortexM3\ARM_GCC_541\Debug\Microcontroller_coolingsystem.a(SPIM_1.o)
                                0x47c (size before relaxing)
 .debug_str     0x00001caa      0x197 .\CortexM3\ARM_GCC_541\Debug\Microcontroller_coolingsystem.a(SPIM_1_IntClock.o)
                                0x382 (size before relaxing)
 .debug_str     0x00001e41      0x252 .\CortexM3\ARM_GCC_541\Debug\Microcontroller_coolingsystem.a(UART_1.o)
                                0x4e7 (size before relaxing)
 .debug_str     0x00002093      0x126 .\CortexM3\ARM_GCC_541\Debug\Microcontroller_coolingsystem.a(isr_uart_rx.o)
                                0x32e (size before relaxing)
 .debug_str     0x000021b9      0x14c .\CortexM3\ARM_GCC_541\Debug\Microcontroller_coolingsystem.a(UART_1_IntClock.o)
                                0x382 (size before relaxing)
 .debug_str     0x00002305       0x4e .\CortexM3\ARM_GCC_541\Debug\Microcontroller_coolingsystem.a(SS.o)
                                0x207 (size before relaxing)
 .debug_str     0x00002353       0x57 .\CortexM3\ARM_GCC_541\Debug\Microcontroller_coolingsystem.a(LED_pin.o)
                                0x220 (size before relaxing)
 .debug_str     0x000023aa       0x5d .\CortexM3\ARM_GCC_541\Debug\Microcontroller_coolingsystem.a(RTD_1.o)
                                0x23f (size before relaxing)
 .debug_str     0x00002407       0xfa .\CortexM3\ARM_GCC_541\Debug\Microcontroller_coolingsystem.a(isr_clock.o)
                                0x312 (size before relaxing)
 .debug_str     0x00002501      0x1a9 .\CortexM3\ARM_GCC_541\Debug\Microcontroller_coolingsystem.a(Temp_sample_counter.o)
                                0x3e1 (size before relaxing)
 .debug_str     0x000026aa       0x6f .\CortexM3\ARM_GCC_541\Debug\Microcontroller_coolingsystem.a(Switch_output.o)
                                0x23e (size before relaxing)
 .debug_str     0x00002719       0x93 .\CortexM3\ARM_GCC_541\Debug\Microcontroller_coolingsystem.a(Switch_input.o)
                                0x283 (size before relaxing)
 .debug_str     0x000027ac      0x1b5 .\CortexM3\ARM_GCC_541\Debug\Microcontroller_coolingsystem.a(switch_input_interrupt.o)
                                0x3c8 (size before relaxing)
 .debug_str     0x00002961       0xea .\CortexM3\ARM_GCC_541\Debug\Microcontroller_coolingsystem.a(PGA_SpeedControl.o)
                                0x2d1 (size before relaxing)
 .debug_str     0x00002a4b       0xd2 .\CortexM3\ARM_GCC_541\Debug\Microcontroller_coolingsystem.a(VDAC8_SpeedControl.o)
                                0x2d5 (size before relaxing)
 .debug_str     0x00002b1d       0xac .\CortexM3\ARM_GCC_541\Debug\Microcontroller_coolingsystem.a(VDAC8_Enabling.o)
                                0x2ad (size before relaxing)
 .debug_str     0x00002bc9      0x16a .\CortexM3\ARM_GCC_541\Debug\Microcontroller_coolingsystem.a(Clock_TempSampling.o)
                                0x3a6 (size before relaxing)
 .debug_str     0x00002d33      0x1b4 .\CortexM3\ARM_GCC_541\Debug\Microcontroller_coolingsystem.a(CyFlash.o)
                                0x3f4 (size before relaxing)
 .debug_str     0x00002ee7       0xac .\CortexM3\ARM_GCC_541\Debug\Microcontroller_coolingsystem.a(CySpc.o)
                                0x36c (size before relaxing)

.debug_loc      0x00000000     0x29b1
 *(.debug_loc)
 .debug_loc     0x00000000       0x4d .\CortexM3\ARM_GCC_541\Debug\SystemController.o
 .debug_loc     0x0000004d      0x13c .\CortexM3\ARM_GCC_541\Debug\Amplifier.o
 .debug_loc     0x00000189       0x42 .\CortexM3\ARM_GCC_541\Debug\PumpCtrl.o
 .debug_loc     0x000001cb       0x89 .\CortexM3\ARM_GCC_541\Debug\Temperature.o
 .debug_loc     0x00000254       0x9d .\CortexM3\ARM_GCC_541\Debug\VDAC_test.o
 .debug_loc     0x000002f1       0x22 .\CortexM3\ARM_GCC_541\Debug\PumpCtrlUnitTest.o
 .debug_loc     0x00000313      0x289 .\CortexM3\ARM_GCC_541\Debug\cyfitter_cfg.o
 .debug_loc     0x0000059c      0x144 .\CortexM3\ARM_GCC_541\Debug\Cm3Start.o
 .debug_loc     0x000006e0      0xa11 .\CortexM3\ARM_GCC_541\Debug\Microcontroller_coolingsystem.a(CyLib.o)
 .debug_loc     0x000010f1      0x1e4 .\CortexM3\ARM_GCC_541\Debug\Microcontroller_coolingsystem.a(cyPm.o)
 .debug_loc     0x000012d5       0xfe .\CortexM3\ARM_GCC_541\Debug\Microcontroller_coolingsystem.a(SPIM_1.o)
 .debug_loc     0x000013d3      0x12c .\CortexM3\ARM_GCC_541\Debug\Microcontroller_coolingsystem.a(SPIM_1_IntClock.o)
 .debug_loc     0x000014ff      0x258 .\CortexM3\ARM_GCC_541\Debug\Microcontroller_coolingsystem.a(UART_1.o)
 .debug_loc     0x00001757       0x56 .\CortexM3\ARM_GCC_541\Debug\Microcontroller_coolingsystem.a(isr_uart_rx.o)
 .debug_loc     0x000017ad      0x128 .\CortexM3\ARM_GCC_541\Debug\Microcontroller_coolingsystem.a(UART_1_IntClock.o)
 .debug_loc     0x000018d5       0x42 .\CortexM3\ARM_GCC_541\Debug\Microcontroller_coolingsystem.a(SS.o)
 .debug_loc     0x00001917       0x42 .\CortexM3\ARM_GCC_541\Debug\Microcontroller_coolingsystem.a(LED_pin.o)
 .debug_loc     0x00001959      0x1b5 .\CortexM3\ARM_GCC_541\Debug\Microcontroller_coolingsystem.a(RTD_1.o)